11:16:14 **** Incremental Build of configuration Debug_FLASH for project demo ****
make -j12 all 
Building file: ../src/Com.c
Building file: ../src/PduR_CanIf.c
Building file: ../src/CanIf.c
Building file: ../src/PduR_Com.c
Building file: ../src/PduR_SecOC.c
Building file: ../src/SecOC.c
Building file: ../src/SecOC_Cfg.c
Invoking: Standard S32DS C Compiler
powerpc-eabivle-gcc "@src/CanIf.args" -MMD -MP -MF"src/CanIf.d" -MT"src/CanIf.o" -o "src/CanIf.o" "../src/CanIf.c"
Invoking: Standard S32DS C Compiler
powerpc-eabivle-gcc "@src/CanIf.args" -MMD -MP -MF"src/SecOC_Cfg.d" -MT"src/SecOC_Cfg.o" -o "src/SecOC_Cfg.o" "../src/SecOC_Cfg.c"
Invoking: Standard S32DS C Compiler
powerpc-eabivle-gcc "@src/CanIf.args" -MMD -MP -MF"src/Com.d" -MT"src/Com.o" -o "src/Com.o" "../src/Com.c"
Invoking: Standard S32DS C Compiler
powerpc-eabivle-gcc "@src/CanIf.args" -MMD -MP -MF"src/PduR_CanIf.d" -MT"src/PduR_CanIf.o" -o "src/PduR_CanIf.o" "../src/PduR_CanIf.c"
Invoking: Standard S32DS C Compiler
powerpc-eabivle-gcc "@src/CanIf.args" -MMD -MP -MF"src/PduR_Com.d" -MT"src/PduR_Com.o" -o "src/PduR_Com.o" "../src/PduR_Com.c"
Invoking: Standard S32DS C Compiler
powerpc-eabivle-gcc "@src/CanIf.args" -MMD -MP -MF"src/PduR_SecOC.d" -MT"src/PduR_SecOC.o" -o "src/PduR_SecOC.o" "../src/PduR_SecOC.c"
Invoking: Standard S32DS C Compiler
powerpc-eabivle-gcc "@src/CanIf.args" -MMD -MP -MF"src/SecOC.d" -MT"src/SecOC.o" -o "src/SecOC.o" "../src/SecOC.c"
Building file: ../Sources/main.c
Invoking: Standard S32DS C Compiler
Building file: C:/NXP/S32DS_Power_v2.1/S32DS/software/S32_SDK_S32PA_RTM_3.0.0/platform/pal/src/can/can_pal.c
powerpc-eabivle-gcc "@Sources/main.args" -MMD -MP -MF"Sources/main.d" -MT"Sources/main.o" -o "Sources/main.o" "../Sources/main.c"
Invoking: Standard S32DS C Compiler
Building file: C:/NXP/S32DS_Power_v2.1/S32DS/software/S32_SDK_S32PA_RTM_3.0.0/platform/devices/MPC5748G/startup/gcc/core0_intc_sw_handlers.S
powerpc-eabivle-gcc "@SDK/platform/pal/src/can/can_pal.args" -MMD -MP -MF"SDK/platform/pal/src/can/can_pal.d" -MT"SDK/platform/pal/src/can/can_pal.o" -o "SDK/platform/pal/src/can/can_pal.o" "C:/NXP/S32DS_Power_v2.1/S32DS/software/S32_SDK_S32PA_RTM_3.0.0/platform/pal/src/can/can_pal.c"
../src/SecOC_Cfg.c:57:3: warning: missing braces around initializer [-Wmissing-braces]
Building file: C:/NXP/S32DS_Power_v2.1/S32DS/software/S32_SDK_S32PA_RTM_3.0.0/platform/devices/MPC5748G/startup/gcc/interrupt_vectors.S
   .SecOCRxAuthenticPduLayer    = 1,
Invoking: Standard S32DS Assembler
   ^
Invoking: Standard S32DS Assembler
../src/SecOC_Cfg.c:57:3: warning: (near initialization for 'SecOCRxPduProcessing[0].SecOCRxAuthenticPduLayer') [-Wmissing-braces]
powerpc-eabivle-gcc "@Project_Settings/Startup_Code/core0_intc_sw_handlers.args" -o "Project_Settings/Startup_Code/core0_intc_sw_handlers.o" "C:/NXP/S32DS_Power_v2.1/S32DS/software/S32_SDK_S32PA_RTM_3.0.0/platform/devices/MPC5748G/startup/gcc/core0_intc_sw_handlers.S"
../src/Com.c:13:3: warning: missing braces around initializer [-Wmissing-braces]
Building file: C:/NXP/S32DS_Power_v2.1/S32DS/software/S32_SDK_S32PA_RTM_3.0.0/platform/devices/MPC5748G/startup/gcc/startup_MPC5748G.S
   1,1,1,1,1,1,0,0,
powerpc-eabivle-gcc "@Project_Settings/Startup_Code/interrupt_vectors.args" -o "Project_Settings/Startup_Code/interrupt_vectors.o" "C:/NXP/S32DS_Power_v2.1/S32DS/software/S32_SDK_S32PA_RTM_3.0.0/platform/devices/MPC5748G/startup/gcc/interrupt_vectors.S"
   ^
Invoking: Standard S32DS Assembler
../src/Com.c:13:3: warning: (near initialization for 'pdus[0]') [-Wmissing-braces]
powerpc-eabivle-gcc "@Project_Settings/Startup_Code/startup_MPC5748G.args" -o "Project_Settings/Startup_Code/startup_MPC5748G.o" "C:/NXP/S32DS_Power_v2.1/S32DS/software/S32_SDK_S32PA_RTM_3.0.0/platform/devices/MPC5748G/startup/gcc/startup_MPC5748G.S"
../src/Com.c: In function 'send_message':
../src/Com.c:22:21: warning: assignment from incompatible pointer type
     temp.SduDataPtr = pdus;
                     ^
../src/Com.c:24:20: warning: unused variable 'result' [-Wunused-variable]
     Std_ReturnType result = PduR_ComTransmit(TxPduId, &temp);
                    ^
../src/CanIf.c: In function 'CanIf_Transmit':
../src/SecOC.c: In function 'SecOC_IfTransmit':
../src/CanIf.c:21:23: warning: passing argument 3 of 'memcpy' makes integer from pointer without a cast
      memcpy(dst, src, len);
                       ^
../src/SecOC.c:40:41: error: incompatible types when initializing type 'struct SecOCintermediate_type *' using type 'SecOCintermediate_type'
  SecOCintermediate_type* intermediate = SecOCintermediateTx[TxPduId];
                                         ^
In file included from C:/NXP/S32DS_Power_v2.1/S32DS/build_tools/e200_ewl2/EWL_C/include/string.h:17:0,
                 from F:/secoc/demo/header/Platform_Types.h:10,
                 from F:/secoc/demo/header/ComStack_Types.h:11,
                 from F:/secoc/demo/header/CanIf.h:12,
                 from ../src/CanIf.c:8:
C:/NXP/S32DS_Power_v2.1/S32DS/build_tools/e200_ewl2/EWL_C/include/cstring:58:34: note: expected 'size_t' but argument is of type 'int *'
 _EWL_IMP_EXP_C void * _EWL_CDECL memcpy(void * _EWL_RESTRICT s1, const void * _EWL_RESTRICT s2, size_t n) _EWL_CANT_THROW;
                                  ^
In file included from F:/secoc/demo/header/SecOC.h:10:0,
                 from ../Sources/main.c:55:
F:/secoc/demo/header/Std_Types.h:12:0: warning: "NULL" redefined
 #define NULL 0
 ^
../src/SecOC.c: In function 'SecOC_MainFunctionTx':
../src/SecOC.c:72:29: warning: assignment makes pointer from integer without a cast
          PduInfo.SduDataPtr = intermediate.addr_st;
                             ^
../src/CanIf.c: In function 'send_result':
../src/CanIf.c:26:2: warning: implicit declaration of function 'PduR_CanIfTxConfirmation' [-Wimplicit-function-declaration]
  PduR_CanIfTxConfirmation(TxPduId, result);
  ^
../src/SecOC.c:62:20: warning: variable 'result' set but not used [-Wunused-but-set-variable]
     Std_ReturnType result;
                    ^
In file included from C:/NXP/S32DS_Power_v2.1/S32DS/build_tools/e200_ewl2/EWL_C/include/cstddef:21:0,
                 from C:/NXP/S32DS_Power_v2.1/S32DS/build_tools/e200_ewl2/EWL_C/include/stddef.h:17,
                 from C:/NXP/S32DS_Power_v2.1/S32DS/software/S32_SDK_S32PA_RTM_3.0.0/platform/drivers/inc/edma_driver.h:40,
                 from F:/secoc/demo/Generated_Code/Cpu.h:59,
                 from ../Sources/main.c:45:
C:/NXP/S32DS_Power_v2.1/S32DS/build_tools/e200_ewl2/EWL_C/include/null.h:9:0: note: this is the location of the previous definition
  #define NULL 0L
 ^
../src/SecOC.c: In function 'SecOC_TxConfirmation':
../src/SecOC.c:88:25: warning: variable 'intermediate' set but not used [-Wunused-but-set-variable]
  SecOCintermediate_type intermediate = SecOCintermediateTx[TxPduId];
                         ^
../src/SecOC.c: In function 'SecOC_RxIndication':
../src/SecOC.c:137:3: warning: implicit declaration of function 'printf' [-Wimplicit-function-declaration]
   printf("throw err to get wrong SecOCReceptionOverflowStrategy");
   ^
../src/SecOC.c:137:3: warning: incompatible implicit declaration of built-in function 'printf'
../Sources/main.c: In function 'clock_callback':
../src/SecOC.c:104:30: warning: variable 'AuthLen' set but not used [-Wunused-but-set-variable]
  uint8 idx,AuthStartPosition,AuthLen;
                              ^
../src/SecOC.c:104:12: warning: variable 'AuthStartPosition' set but not used [-Wunused-but-set-variable]
  uint8 idx,AuthStartPosition,AuthLen;
            ^
../src/SecOC.c:104:8: warning: unused variable 'idx' [-Wunused-variable]
  uint8 idx,AuthStartPosition,AuthLen;
        ^
../Sources/main.c:246:2: warning: implicit declaration of function 'SecOC_MainFunctionTx' [-Wimplicit-function-declaration]
  SecOC_MainFunctionTx();
  ^
../src/SecOC.c: In function 'is_legal':
../src/SecOC.c:31:1: warning: control reaches end of non-void function [-Wreturn-type]
 }
 ^
Finished building: ../src/Com.c
Finished building: ../src/CanIf.c
Finished building: ../src/SecOC_Cfg.c
Finished building: ../src/PduR_CanIf.c
 
 
make: *** [src/subdir.mk:36: src/SecOC.o] Error 1
Finished building: C:/NXP/S32DS_Power_v2.1/S32DS/software/S32_SDK_S32PA_RTM_3.0.0/platform/devices/MPC5748G/startup/gcc/startup_MPC5748G.S
make: *** Waiting for unfinished jobs....
 
 
Finished building: C:/NXP/S32DS_Power_v2.1/S32DS/software/S32_SDK_S32PA_RTM_3.0.0/platform/devices/MPC5748G/startup/gcc/interrupt_vectors.S
Finished building: ../src/PduR_Com.c
 
Finished building: C:/NXP/S32DS_Power_v2.1/S32DS/software/S32_SDK_S32PA_RTM_3.0.0/platform/devices/MPC5748G/startup/gcc/core0_intc_sw_handlers.S
 
 
Finished building: ../src/PduR_SecOC.c
 
 
Finished building: ../Sources/main.c
 
Finished building: C:/NXP/S32DS_Power_v2.1/S32DS/software/S32_SDK_S32PA_RTM_3.0.0/platform/pal/src/can/can_pal.c
 
11:16:42 **** Incremental Build of configuration Debug_FLASH for project demo ****
make -j12 all 
Building file: ../src/SecOC.c
Building file: C:/NXP/S32DS_Power_v2.1/S32DS/software/S32_SDK_S32PA_RTM_3.0.0/platform/pal/src/timing/timing_irq.c
Invoking: Standard S32DS C Compiler
powerpc-eabivle-gcc "@src/CanIf.args" -MMD -MP -MF"src/SecOC.d" -MT"src/SecOC.o" -o "src/SecOC.o" "../src/SecOC.c"
Building file: C:/NXP/S32DS_Power_v2.1/S32DS/software/S32_SDK_S32PA_RTM_3.0.0/platform/pal/src/timing/timing_pal.c
Invoking: Standard S32DS C Compiler
powerpc-eabivle-gcc "@SDK/platform/pal/src/timing/timing_irq.args" -MMD -MP -MF"SDK/platform/pal/src/timing/timing_irq.d" -MT"SDK/platform/pal/src/timing/timing_irq.o" -o "SDK/platform/pal/src/timing/timing_irq.o" "C:/NXP/S32DS_Power_v2.1/S32DS/software/S32_SDK_S32PA_RTM_3.0.0/platform/pal/src/timing/timing_irq.c"
Building file: C:/NXP/S32DS_Power_v2.1/S32DS/software/S32_SDK_S32PA_RTM_3.0.0/platform/drivers/src/pit/pit_driver.c
Invoking: Standard S32DS C Compiler
Invoking: Standard S32DS C Compiler
powerpc-eabivle-gcc "@SDK/platform/pal/src/timing/timing_pal.args" -MMD -MP -MF"SDK/platform/pal/src/timing/timing_pal.d" -MT"SDK/platform/pal/src/timing/timing_pal.o" -o "SDK/platform/pal/src/timing/timing_pal.o" "C:/NXP/S32DS_Power_v2.1/S32DS/software/S32_SDK_S32PA_RTM_3.0.0/platform/pal/src/timing/timing_pal.c"
Building file: C:/NXP/S32DS_Power_v2.1/S32DS/software/S32_SDK_S32PA_RTM_3.0.0/platform/drivers/src/pit/pit_hw_access.c
../src/SecOC.c: In function 'SecOC_MainFunctionTx':
powerpc-eabivle-gcc "@SDK/platform/drivers/src/pit/pit_driver.args" -MMD -MP -MF"SDK/platform/drivers/src/pit/pit_driver.d" -MT"SDK/platform/drivers/src/pit/pit_driver.o" -o "SDK/platform/drivers/src/pit/pit_driver.o" "C:/NXP/S32DS_Power_v2.1/S32DS/software/S32_SDK_S32PA_RTM_3.0.0/platform/drivers/src/pit/pit_driver.c"
../src/SecOC.c:72:29: warning: assignment makes pointer from integer without a cast
Invoking: Standard S32DS C Compiler
          PduInfo.SduDataPtr = intermediate.addr_st;
powerpc-eabivle-gcc "@SDK/platform/drivers/src/pit/pit_hw_access.args" -MMD -MP -MF"SDK/platform/drivers/src/pit/pit_hw_access.d" -MT"SDK/platform/drivers/src/pit/pit_hw_access.o" -o "SDK/platform/drivers/src/pit/pit_hw_access.o" "C:/NXP/S32DS_Power_v2.1/S32DS/software/S32_SDK_S32PA_RTM_3.0.0/platform/drivers/src/pit/pit_hw_access.c"
                             ^
Building file: ../Generated_Code/Cpu.c
../src/SecOC.c:62:20: warning: variable 'result' set but not used [-Wunused-but-set-variable]
Building file: ../Generated_Code/can_pal1.c
     Std_ReturnType result;
Building file: ../Generated_Code/clockMan1.c
                    ^
Invoking: Standard S32DS C Compiler
../src/SecOC.c: In function 'SecOC_TxConfirmation':
Invoking: Standard S32DS C Compiler
../src/SecOC.c:88:25: warning: variable 'intermediate' set but not used [-Wunused-but-set-variable]
Invoking: Standard S32DS C Compiler
  SecOCintermediate_type intermediate = SecOCintermediateTx[TxPduId];
Building file: ../Generated_Code/dmaController1.c
Building file: ../Generated_Code/pin_mux.c
                         ^
Building file: ../Generated_Code/timing_pal1.c
../src/SecOC.c: In function 'SecOC_RxIndication':
powerpc-eabivle-gcc "@Generated_Code/Cpu.args" -MMD -MP -MF"Generated_Code/Cpu.d" -MT"Generated_Code/Cpu.o" -o "Generated_Code/Cpu.o" "../Generated_Code/Cpu.c"
../src/SecOC.c:137:3: warning: implicit declaration of function 'printf' [-Wimplicit-function-declaration]
powerpc-eabivle-gcc "@Generated_Code/Cpu.args" -MMD -MP -MF"Generated_Code/can_pal1.d" -MT"Generated_Code/can_pal1.o" -o "Generated_Code/can_pal1.o" "../Generated_Code/can_pal1.c"
   printf("throw err to get wrong SecOCReceptionOverflowStrategy");
powerpc-eabivle-gcc "@Generated_Code/Cpu.args" -MMD -MP -MF"Generated_Code/clockMan1.d" -MT"Generated_Code/clockMan1.o" -o "Generated_Code/clockMan1.o" "../Generated_Code/clockMan1.c"
   ^
Invoking: Standard S32DS C Compiler
../src/SecOC.c:137:3: warning: incompatible implicit declaration of built-in function 'printf'
powerpc-eabivle-gcc "@Generated_Code/Cpu.args" -MMD -MP -MF"Generated_Code/timing_pal1.d" -MT"Generated_Code/timing_pal1.o" -o "Generated_Code/timing_pal1.o" "../Generated_Code/timing_pal1.c"
../src/SecOC.c:104:30: warning: variable 'AuthLen' set but not used [-Wunused-but-set-variable]
Invoking: Standard S32DS C Compiler
  uint8 idx,AuthStartPosition,AuthLen;
powerpc-eabivle-gcc "@Generated_Code/Cpu.args" -MMD -MP -MF"Generated_Code/dmaController1.d" -MT"Generated_Code/dmaController1.o" -o "Generated_Code/dmaController1.o" "../Generated_Code/dmaController1.c"
                              ^
Invoking: Standard S32DS C Compiler
../src/SecOC.c:104:12: warning: variable 'AuthStartPosition' set but not used [-Wunused-but-set-variable]
powerpc-eabivle-gcc "@Generated_Code/Cpu.args" -MMD -MP -MF"Generated_Code/pin_mux.d" -MT"Generated_Code/pin_mux.o" -o "Generated_Code/pin_mux.o" "../Generated_Code/pin_mux.c"
  uint8 idx,AuthStartPosition,AuthLen;
            ^
../src/SecOC.c:104:8: warning: unused variable 'idx' [-Wunused-variable]
  uint8 idx,AuthStartPosition,AuthLen;
        ^
../src/SecOC.c: In function 'is_legal':
../src/SecOC.c:31:1: warning: control reaches end of non-void function [-Wreturn-type]
 }
 ^
Finished building: ../src/SecOC.c
 
Finished building: C:/NXP/S32DS_Power_v2.1/S32DS/software/S32_SDK_S32PA_RTM_3.0.0/platform/pal/src/timing/timing_irq.c
 
Finished building: C:/NXP/S32DS_Power_v2.1/S32DS/software/S32_SDK_S32PA_RTM_3.0.0/platform/pal/src/timing/timing_pal.c
Finished building: C:/NXP/S32DS_Power_v2.1/S32DS/software/S32_SDK_S32PA_RTM_3.0.0/platform/drivers/src/pit/pit_driver.c
 
 
Finished building: ../Generated_Code/Cpu.c
Finished building: C:/NXP/S32DS_Power_v2.1/S32DS/software/S32_SDK_S32PA_RTM_3.0.0/platform/drivers/src/pit/pit_hw_access.c
 
 
Finished building: ../Generated_Code/can_pal1.c
Finished building: ../Generated_Code/clockMan1.c
 
Finished building: ../Generated_Code/dmaController1.c
Finished building: ../Generated_Code/timing_pal1.c
Finished building: ../Generated_Code/pin_mux.c
 
 
 
 
Building target: demo.elf
Invoking: Standard S32DS C Linker
powerpc-eabivle-gcc -o "demo.elf" "@demo.args"    
Finished building target: demo.elf
 
Invoking: Standard S32DS Print Size
powerpc-eabivle-size --format=berkeley demo.elf
   text	   data	    bss	    dec	    hex	filename
  32396	   4160	   9712	  46268	   b4bc	demo.elf
Finished building: demo.siz
 
11:18:45 **** Incremental Build of configuration Debug_FLASH for project demo ****
make -j12 all 
Invoking: Standard S32DS Print Size
powerpc-eabivle-size --format=berkeley demo.elf
   text	   data	    bss	    dec	    hex	filename
  32396	   4160	   9712	  46268	   b4bc	demo.elf
Finished building: demo.siz
 
11:20:31 **** Incremental Build of configuration Debug_FLASH for project demo ****
make -j12 all 
Invoking: Standard S32DS Print Size
powerpc-eabivle-size --format=berkeley demo.elf
   text	   data	    bss	    dec	    hex	filename
  32396	   4160	   9712	  46268	   b4bc	demo.elf
Finished building: demo.siz
 
11:22:03 **** Incremental Build of configuration Debug_FLASH for project demo ****
make -j12 all 
Building file: ../src/SecOC.c
Invoking: Standard S32DS C Compiler
powerpc-eabivle-gcc "@src/CanIf.args" -MMD -MP -MF"src/SecOC.d" -MT"src/SecOC.o" -o "src/SecOC.o" "../src/SecOC.c"
../src/SecOC.c: In function 'SecOC_MainFunctionTx':
../src/SecOC.c:73:29: warning: assignment makes pointer from integer without a cast
          PduInfo.SduDataPtr = intermediate.addr_st;
                             ^
../src/SecOC.c:63:20: warning: variable 'result' set but not used [-Wunused-but-set-variable]
     Std_ReturnType result;
                    ^
../src/SecOC.c: In function 'SecOC_TxConfirmation':
../src/SecOC.c:89:25: warning: variable 'intermediate' set but not used [-Wunused-but-set-variable]
  SecOCintermediate_type intermediate = SecOCintermediateTx[TxPduId];
                         ^
../src/SecOC.c: In function 'SecOC_RxIndication':
../src/SecOC.c:138:3: warning: implicit declaration of function 'printf' [-Wimplicit-function-declaration]
   printf("throw err to get wrong SecOCReceptionOverflowStrategy");
   ^
../src/SecOC.c:138:3: warning: incompatible implicit declaration of built-in function 'printf'
../src/SecOC.c:105:30: warning: variable 'AuthLen' set but not used [-Wunused-but-set-variable]
  uint8 idx,AuthStartPosition,AuthLen;
                              ^
../src/SecOC.c:105:12: warning: variable 'AuthStartPosition' set but not used [-Wunused-but-set-variable]
  uint8 idx,AuthStartPosition,AuthLen;
            ^
../src/SecOC.c:105:8: warning: unused variable 'idx' [-Wunused-variable]
  uint8 idx,AuthStartPosition,AuthLen;
        ^
Finished building: ../src/SecOC.c
 
Building target: demo.elf
Invoking: Standard S32DS C Linker
powerpc-eabivle-gcc -o "demo.elf" "@demo.args"    
Finished building target: demo.elf
 
Invoking: Standard S32DS Print Size
powerpc-eabivle-size --format=berkeley demo.elf
   text	   data	    bss	    dec	    hex	filename
  32396	   4160	   9712	  46268	   b4bc	demo.elf
Finished building: demo.siz
 
11:24:53 **** Incremental Build of configuration Debug_FLASH for project demo ****
make -j12 all 
Building file: ../src/SecOC.c
Invoking: Standard S32DS C Compiler
powerpc-eabivle-gcc "@src/CanIf.args" -MMD -MP -MF"src/SecOC.d" -MT"src/SecOC.o" -o "src/SecOC.o" "../src/SecOC.c"
../src/SecOC.c: In function 'SecOC_MainFunctionTx':
../src/SecOC.c:73:29: warning: assignment makes pointer from integer without a cast
          PduInfo.SduDataPtr = intermediate.addr_st;
                             ^
../src/SecOC.c:63:20: warning: variable 'result' set but not used [-Wunused-but-set-variable]
     Std_ReturnType result;
                    ^
../src/SecOC.c: In function 'SecOC_TxConfirmation':
../src/SecOC.c:89:25: warning: variable 'intermediate' set but not used [-Wunused-but-set-variable]
  SecOCintermediate_type intermediate = SecOCintermediateTx[TxPduId];
                         ^
../src/SecOC.c: In function 'SecOC_RxIndication':
../src/SecOC.c:138:3: warning: implicit declaration of function 'printf' [-Wimplicit-function-declaration]
   printf("throw err to get wrong SecOCReceptionOverflowStrategy");
   ^
../src/SecOC.c:138:3: warning: incompatible implicit declaration of built-in function 'printf'
../src/SecOC.c:105:30: warning: variable 'AuthLen' set but not used [-Wunused-but-set-variable]
  uint8 idx,AuthStartPosition,AuthLen;
                              ^
../src/SecOC.c:105:12: warning: variable 'AuthStartPosition' set but not used [-Wunused-but-set-variable]
  uint8 idx,AuthStartPosition,AuthLen;
            ^
../src/SecOC.c:105:8: warning: unused variable 'idx' [-Wunused-variable]
  uint8 idx,AuthStartPosition,AuthLen;
        ^
Finished building: ../src/SecOC.c
 
Building target: demo.elf
Invoking: Standard S32DS C Linker
powerpc-eabivle-gcc -o "demo.elf" "@demo.args"    
Finished building target: demo.elf
 
Invoking: Standard S32DS Print Size
powerpc-eabivle-size --format=berkeley demo.elf
   text	   data	    bss	    dec	    hex	filename
  32396	   4160	   9712	  46268	   b4bc	demo.elf
Finished building: demo.siz
 
11:26:16 **** Incremental Build of configuration Debug_FLASH for project demo ****
make -j12 all 
Invoking: Standard S32DS Print Size
powerpc-eabivle-size --format=berkeley demo.elf
   text	   data	    bss	    dec	    hex	filename
  32396	   4160	   9712	  46268	   b4bc	demo.elf
Finished building: demo.siz
 
11:26:35 **** Incremental Build of configuration Debug_FLASH for project demo ****
make -j12 all 
Invoking: Standard S32DS Print Size
powerpc-eabivle-size --format=berkeley demo.elf
   text	   data	    bss	    dec	    hex	filename
  32396	   4160	   9712	  46268	   b4bc	demo.elf
Finished building: demo.siz
 
11:27:04 **** Incremental Build of configuration Debug_FLASH for project demo ****
make -j12 all 
Invoking: Standard S32DS Print Size
powerpc-eabivle-size --format=berkeley demo.elf
   text	   data	    bss	    dec	    hex	filename
  32396	   4160	   9712	  46268	   b4bc	demo.elf
Finished building: demo.siz
 
11:27:42 **** Incremental Build of configuration Debug_FLASH for project demo ****
make -j12 all 
Invoking: Standard S32DS Print Size
powerpc-eabivle-size --format=berkeley demo.elf
   text	   data	    bss	    dec	    hex	filename
  32396	   4160	   9712	  46268	   b4bc	demo.elf
Finished building: demo.siz
 
11:27:54 **** Clean-only build of configuration Debug_FLASH for project demo ****
make -j12 clean 
rm -rf ./*
 
11:27:55 **** Build of configuration Debug_FLASH for project demo ****
make -j12 all 
Building file: ../src/CanIf.c
Building file: ../src/Com.c
Building file: ../src/PduR_CanIf.c
Building file: ../src/PduR_Com.c
Invoking: Standard S32DS C Compiler
powerpc-eabivle-gcc "@src/CanIf.args" -MMD -MP -MF"src/CanIf.d" -MT"src/CanIf.o" -o "src/CanIf.o" "../src/CanIf.c"
Invoking: Standard S32DS C Compiler
powerpc-eabivle-gcc "@src/CanIf.args" -MMD -MP -MF"src/Com.d" -MT"src/Com.o" -o "src/Com.o" "../src/Com.c"
Invoking: Standard S32DS C Compiler
powerpc-eabivle-gcc "@src/CanIf.args" -MMD -MP -MF"src/PduR_CanIf.d" -MT"src/PduR_CanIf.o" -o "src/PduR_CanIf.o" "../src/PduR_CanIf.c"
Invoking: Standard S32DS C Compiler
powerpc-eabivle-gcc "@src/CanIf.args" -MMD -MP -MF"src/PduR_Com.d" -MT"src/PduR_Com.o" -o "src/PduR_Com.o" "../src/PduR_Com.c"
Building file: ../src/PduR_SecOC.c
Building file: ../src/SecOC.c
Building file: ../src/SecOC_Cfg.c
Building file: ../Sources/main.c
Invoking: Standard S32DS C Compiler
powerpc-eabivle-gcc "@src/CanIf.args" -MMD -MP -MF"src/PduR_SecOC.d" -MT"src/PduR_SecOC.o" -o "src/PduR_SecOC.o" "../src/PduR_SecOC.c"
Invoking: Standard S32DS C Compiler
powerpc-eabivle-gcc "@src/CanIf.args" -MMD -MP -MF"src/SecOC.d" -MT"src/SecOC.o" -o "src/SecOC.o" "../src/SecOC.c"
Invoking: Standard S32DS C Compiler
powerpc-eabivle-gcc "@src/CanIf.args" -MMD -MP -MF"src/SecOC_Cfg.d" -MT"src/SecOC_Cfg.o" -o "src/SecOC_Cfg.o" "../src/SecOC_Cfg.c"
Invoking: Standard S32DS C Compiler
powerpc-eabivle-gcc "@Sources/main.args" -MMD -MP -MF"Sources/main.d" -MT"Sources/main.o" -o "Sources/main.o" "../Sources/main.c"
../src/Com.c:13:3: warning: missing braces around initializer [-Wmissing-braces]
   1,1,1,1,1,1,0,0,
   ^
../src/Com.c:13:3: warning: (near initialization for 'pdus[0]') [-Wmissing-braces]
../src/Com.c: In function 'send_message':
../src/Com.c:22:21: warning: assignment from incompatible pointer type
     temp.SduDataPtr = pdus;
                     ^
../src/Com.c:24:20: warning: unused variable 'result' [-Wunused-variable]
     Std_ReturnType result = PduR_ComTransmit(TxPduId, &temp);
                    ^
../src/CanIf.c: In function 'CanIf_Transmit':
../src/CanIf.c:21:23: warning: passing argument 3 of 'memcpy' makes integer from pointer without a cast
      memcpy(dst, src, len);
                       ^
In file included from C:/NXP/S32DS_Power_v2.1/S32DS/build_tools/e200_ewl2/EWL_C/include/string.h:17:0,
                 from F:/secoc/demo/header/Platform_Types.h:10,
                 from F:/secoc/demo/header/ComStack_Types.h:11,
                 from F:/secoc/demo/header/CanIf.h:12,
                 from ../src/CanIf.c:8:
C:/NXP/S32DS_Power_v2.1/S32DS/build_tools/e200_ewl2/EWL_C/include/cstring:58:34: note: expected 'size_t' but argument is of type 'int *'
 _EWL_IMP_EXP_C void * _EWL_CDECL memcpy(void * _EWL_RESTRICT s1, const void * _EWL_RESTRICT s2, size_t n) _EWL_CANT_THROW;
Building file: C:/NXP/S32DS_Power_v2.1/S32DS/software/S32_SDK_S32PA_RTM_3.0.0/rtos/osif/osif_baremetal.c
                                  ^
../src/CanIf.c: In function 'send_result':
../src/CanIf.c:26:2: warning: implicit declaration of function 'PduR_CanIfTxConfirmation' [-Wimplicit-function-declaration]
Building file: C:/NXP/S32DS_Power_v2.1/S32DS/software/S32_SDK_S32PA_RTM_3.0.0/platform/pal/src/timing/timing_irq.c
  PduR_CanIfTxConfirmation(TxPduId, result);
  ^
Building file: C:/NXP/S32DS_Power_v2.1/S32DS/software/S32_SDK_S32PA_RTM_3.0.0/platform/pal/src/timing/timing_pal.c
Building file: C:/NXP/S32DS_Power_v2.1/S32DS/software/S32_SDK_S32PA_RTM_3.0.0/platform/pal/src/can/can_pal.c
Invoking: Standard S32DS C Compiler
Invoking: Standard S32DS C Compiler
../src/SecOC.c: In function 'SecOC_MainFunctionTx':
powerpc-eabivle-gcc "@SDK/platform/pal/src/timing/timing_irq.args" -MMD -MP -MF"SDK/platform/pal/src/timing/timing_irq.d" -MT"SDK/platform/pal/src/timing/timing_irq.o" -o "SDK/platform/pal/src/timing/timing_irq.o" "C:/NXP/S32DS_Power_v2.1/S32DS/software/S32_SDK_S32PA_RTM_3.0.0/platform/pal/src/timing/timing_irq.c"
../src/SecOC.c:73:29: warning: assignment makes pointer from integer without a cast
Finished building: ../src/Com.c
          PduInfo.SduDataPtr = intermediate.addr_st;
Finished building: ../src/PduR_CanIf.c
                             ^
Finished building: ../src/CanIf.c
../src/SecOC.c:63:20: warning: variable 'result' set but not used [-Wunused-but-set-variable]
 
     Std_ReturnType result;
 
                    ^
../src/SecOC.c: In function 'SecOC_TxConfirmation':
../src/SecOC.c:89:25: warning: variable 'intermediate' set but not used [-Wunused-but-set-variable]
  SecOCintermediate_type intermediate = SecOCintermediateTx[TxPduId];
                         ^
../src/SecOC.c: In function 'SecOC_RxIndication':
../src/SecOC.c:138:3: warning: implicit declaration of function 'printf' [-Wimplicit-function-declaration]
powerpc-eabivle-gcc "@SDK/rtos/osif/osif_baremetal.args" -MMD -MP -MF"SDK/rtos/osif/osif_baremetal.d" -MT"SDK/rtos/osif/osif_baremetal.o" -o "SDK/rtos/osif/osif_baremetal.o" "C:/NXP/S32DS_Power_v2.1/S32DS/software/S32_SDK_S32PA_RTM_3.0.0/rtos/osif/osif_baremetal.c"
   printf("throw err to get wrong SecOCReceptionOverflowStrategy");
 
   ^
Finished building: ../src/PduR_Com.c
../src/SecOC.c:138:3: warning: incompatible implicit declaration of built-in function 'printf'
Invoking: Standard S32DS C Compiler
../src/SecOC.c:105:30: warning: variable 'AuthLen' set but not used [-Wunused-but-set-variable]
powerpc-eabivle-gcc "@SDK/platform/pal/src/timing/timing_pal.args" -MMD -MP -MF"SDK/platform/pal/src/timing/timing_pal.d" -MT"SDK/platform/pal/src/timing/timing_pal.o" -o "SDK/platform/pal/src/timing/timing_pal.o" "C:/NXP/S32DS_Power_v2.1/S32DS/software/S32_SDK_S32PA_RTM_3.0.0/platform/pal/src/timing/timing_pal.c"
  uint8 idx,AuthStartPosition,AuthLen;
Finished building: ../src/PduR_SecOC.c
                              ^
../src/SecOC.c:105:12: warning: variable 'AuthStartPosition' set but not used [-Wunused-but-set-variable]
 
  uint8 idx,AuthStartPosition,AuthLen;
Finished building: ../src/SecOC_Cfg.c
            ^
 
Finished building: ../src/SecOC.c
../src/SecOC_Cfg.c:57:3: warning: missing braces around initializer [-Wmissing-braces]
   .SecOCRxAuthenticPduLayer    = 1,
   ^
../src/SecOC.c:105:8: warning: unused variable 'idx' [-Wunused-variable]
  uint8 idx,AuthStartPosition,AuthLen;
        ^
../src/SecOC_Cfg.c:57:3: warning: (near initialization for 'SecOCRxPduProcessing[0].SecOCRxAuthenticPduLayer') [-Wmissing-braces]
In file included from F:/secoc/demo/header/SecOC.h:10:0,
                 from ../Sources/main.c:55:
F:/secoc/demo/header/Std_Types.h:12:0: warning: "NULL" redefined
 #define NULL 0
 ^
In file included from C:/NXP/S32DS_Power_v2.1/S32DS/build_tools/e200_ewl2/EWL_C/include/cstddef:21:0,
 
                 from C:/NXP/S32DS_Power_v2.1/S32DS/build_tools/e200_ewl2/EWL_C/include/stddef.h:17,
Invoking: Standard S32DS C Compiler
                 from C:/NXP/S32DS_Power_v2.1/S32DS/software/S32_SDK_S32PA_RTM_3.0.0/platform/drivers/inc/edma_driver.h:40,
powerpc-eabivle-gcc "@SDK/platform/pal/src/can/can_pal.args" -MMD -MP -MF"SDK/platform/pal/src/can/can_pal.d" -MT"SDK/platform/pal/src/can/can_pal.o" -o "SDK/platform/pal/src/can/can_pal.o" "C:/NXP/S32DS_Power_v2.1/S32DS/software/S32_SDK_S32PA_RTM_3.0.0/platform/pal/src/can/can_pal.c"
                 from F:/secoc/demo/Generated_Code/Cpu.h:59,
Building file: C:/NXP/S32DS_Power_v2.1/S32DS/software/S32_SDK_S32PA_RTM_3.0.0/platform/drivers/src/pit/pit_driver.c
                 from ../Sources/main.c:45:
 
C:/NXP/S32DS_Power_v2.1/S32DS/build_tools/e200_ewl2/EWL_C/include/null.h:9:0: note: this is the location of the previous definition
Building file: C:/NXP/S32DS_Power_v2.1/S32DS/software/S32_SDK_S32PA_RTM_3.0.0/platform/drivers/src/pit/pit_hw_access.c
  #define NULL 0L
Invoking: Standard S32DS C Compiler
 ^
../Sources/main.c: In function 'clock_callback':
Building file: C:/NXP/S32DS_Power_v2.1/S32DS/software/S32_SDK_S32PA_RTM_3.0.0/platform/drivers/src/pins/siul2/pins_siul2_driver.c
../Sources/main.c:246:2: warning: implicit declaration of function 'SecOC_MainFunctionTx' [-Wimplicit-function-declaration]
Invoking: Standard S32DS C Compiler
  SecOC_MainFunctionTx();
powerpc-eabivle-gcc "@SDK/platform/drivers/src/pit/pit_driver.args" -MMD -MP -MF"SDK/platform/drivers/src/pit/pit_driver.d" -MT"SDK/platform/drivers/src/pit/pit_driver.o" -o "SDK/platform/drivers/src/pit/pit_driver.o" "C:/NXP/S32DS_Power_v2.1/S32DS/software/S32_SDK_S32PA_RTM_3.0.0/platform/drivers/src/pit/pit_driver.c"
  ^
Building file: C:/NXP/S32DS_Power_v2.1/S32DS/software/S32_SDK_S32PA_RTM_3.0.0/platform/drivers/src/pins/siul2/siul2_hw_access.c
Building file: C:/NXP/S32DS_Power_v2.1/S32DS/software/S32_SDK_S32PA_RTM_3.0.0/platform/drivers/src/interrupt/interrupt_manager_MPC57xx.c
Invoking: Standard S32DS C Compiler
powerpc-eabivle-gcc "@SDK/platform/drivers/src/pins/siul2/pins_siul2_driver.args" -MMD -MP -MF"SDK/platform/drivers/src/pins/siul2/pins_siul2_driver.d" -MT"SDK/platform/drivers/src/pins/siul2/pins_siul2_driver.o" -o "SDK/platform/drivers/src/pins/siul2/pins_siul2_driver.o" "C:/NXP/S32DS_Power_v2.1/S32DS/software/S32_SDK_S32PA_RTM_3.0.0/platform/drivers/src/pins/siul2/pins_siul2_driver.c"
Invoking: Standard S32DS C Compiler
powerpc-eabivle-gcc "@SDK/platform/drivers/src/interrupt/interrupt_manager_MPC57xx.args" -MMD -MP -MF"SDK/platform/drivers/src/interrupt/interrupt_manager_MPC57xx.d" -MT"SDK/platform/drivers/src/interrupt/interrupt_manager_MPC57xx.o" -o "SDK/platform/drivers/src/interrupt/interrupt_manager_MPC57xx.o" "C:/NXP/S32DS_Power_v2.1/S32DS/software/S32_SDK_S32PA_RTM_3.0.0/platform/drivers/src/interrupt/interrupt_manager_MPC57xx.c"
powerpc-eabivle-gcc "@SDK/platform/drivers/src/pit/pit_hw_access.args" -MMD -MP -MF"SDK/platform/drivers/src/pit/pit_hw_access.d" -MT"SDK/platform/drivers/src/pit/pit_hw_access.o" -o "SDK/platform/drivers/src/pit/pit_hw_access.o" "C:/NXP/S32DS_Power_v2.1/S32DS/software/S32_SDK_S32PA_RTM_3.0.0/platform/drivers/src/pit/pit_hw_access.c"
Invoking: Standard S32DS C Compiler
Building file: C:/NXP/S32DS_Power_v2.1/S32DS/software/S32_SDK_S32PA_RTM_3.0.0/platform/drivers/src/flexcan/flexcan_driver.c
Building file: C:/NXP/S32DS_Power_v2.1/S32DS/software/S32_SDK_S32PA_RTM_3.0.0/platform/drivers/src/flexcan/flexcan_hw_access.c
Finished building: ../Sources/main.c
powerpc-eabivle-gcc "@SDK/platform/drivers/src/pins/siul2/siul2_hw_access.args" -MMD -MP -MF"SDK/platform/drivers/src/pins/siul2/siul2_hw_access.d" -MT"SDK/platform/drivers/src/pins/siul2/siul2_hw_access.o" -o "SDK/platform/drivers/src/pins/siul2/siul2_hw_access.o" "C:/NXP/S32DS_Power_v2.1/S32DS/software/S32_SDK_S32PA_RTM_3.0.0/platform/drivers/src/pins/siul2/siul2_hw_access.c"
Finished building: C:/NXP/S32DS_Power_v2.1/S32DS/software/S32_SDK_S32PA_RTM_3.0.0/platform/pal/src/timing/timing_irq.c
Invoking: Standard S32DS C Compiler
powerpc-eabivle-gcc "@SDK/platform/drivers/src/flexcan/flexcan_hw_access.args" -MMD -MP -MF"SDK/platform/drivers/src/flexcan/flexcan_hw_access.d" -MT"SDK/platform/drivers/src/flexcan/flexcan_hw_access.o" -o "SDK/platform/drivers/src/flexcan/flexcan_hw_access.o" "C:/NXP/S32DS_Power_v2.1/S32DS/software/S32_SDK_S32PA_RTM_3.0.0/platform/drivers/src/flexcan/flexcan_hw_access.c"
 
 
Invoking: Standard S32DS C Compiler
powerpc-eabivle-gcc "@SDK/platform/drivers/src/flexcan/flexcan_driver.args" -MMD -MP -MF"SDK/platform/drivers/src/flexcan/flexcan_driver.d" -MT"SDK/platform/drivers/src/flexcan/flexcan_driver.o" -o "SDK/platform/drivers/src/flexcan/flexcan_driver.o" "C:/NXP/S32DS_Power_v2.1/S32DS/software/S32_SDK_S32PA_RTM_3.0.0/platform/drivers/src/flexcan/flexcan_driver.c"
Building file: C:/NXP/S32DS_Power_v2.1/S32DS/software/S32_SDK_S32PA_RTM_3.0.0/platform/drivers/src/flexcan/flexcan_irq.c
Finished building: C:/NXP/S32DS_Power_v2.1/S32DS/software/S32_SDK_S32PA_RTM_3.0.0/rtos/osif/osif_baremetal.c
Building file: C:/NXP/S32DS_Power_v2.1/S32DS/software/S32_SDK_S32PA_RTM_3.0.0/platform/drivers/src/edma/edma_driver.c
Invoking: Standard S32DS C Compiler
Finished building: C:/NXP/S32DS_Power_v2.1/S32DS/software/S32_SDK_S32PA_RTM_3.0.0/platform/pal/src/timing/timing_pal.c
powerpc-eabivle-gcc "@SDK/platform/drivers/src/flexcan/flexcan_irq.args" -MMD -MP -MF"SDK/platform/drivers/src/flexcan/flexcan_irq.d" -MT"SDK/platform/drivers/src/flexcan/flexcan_irq.o" -o "SDK/platform/drivers/src/flexcan/flexcan_irq.o" "C:/NXP/S32DS_Power_v2.1/S32DS/software/S32_SDK_S32PA_RTM_3.0.0/platform/drivers/src/flexcan/flexcan_irq.c"
 
 
Invoking: Standard S32DS C Compiler
powerpc-eabivle-gcc "@SDK/platform/drivers/src/edma/edma_driver.args" -MMD -MP -MF"SDK/platform/drivers/src/edma/edma_driver.d" -MT"SDK/platform/drivers/src/edma/edma_driver.o" -o "SDK/platform/drivers/src/edma/edma_driver.o" "C:/NXP/S32DS_Power_v2.1/S32DS/software/S32_SDK_S32PA_RTM_3.0.0/platform/drivers/src/edma/edma_driver.c"
Finished building: C:/NXP/S32DS_Power_v2.1/S32DS/software/S32_SDK_S32PA_RTM_3.0.0/platform/pal/src/can/can_pal.c
Finished building: C:/NXP/S32DS_Power_v2.1/S32DS/software/S32_SDK_S32PA_RTM_3.0.0/platform/drivers/src/pit/pit_driver.c
Finished building: C:/NXP/S32DS_Power_v2.1/S32DS/software/S32_SDK_S32PA_RTM_3.0.0/platform/drivers/src/interrupt/interrupt_manager_MPC57xx.c
 
 
Finished building: C:/NXP/S32DS_Power_v2.1/S32DS/software/S32_SDK_S32PA_RTM_3.0.0/platform/drivers/src/pins/siul2/pins_siul2_driver.c
 
Finished building: C:/NXP/S32DS_Power_v2.1/S32DS/software/S32_SDK_S32PA_RTM_3.0.0/platform/drivers/src/pit/pit_hw_access.c
Building file: C:/NXP/S32DS_Power_v2.1/S32DS/software/S32_SDK_S32PA_RTM_3.0.0/platform/drivers/src/edma/edma_hw_access.c
Building file: C:/NXP/S32DS_Power_v2.1/S32DS/software/S32_SDK_S32PA_RTM_3.0.0/platform/drivers/src/edma/edma_irq.c
 
 
Invoking: Standard S32DS C Compiler
Invoking: Standard S32DS C Compiler
powerpc-eabivle-gcc "@SDK/platform/drivers/src/edma/edma_hw_access.args" -MMD -MP -MF"SDK/platform/drivers/src/edma/edma_hw_access.d" -MT"SDK/platform/drivers/src/edma/edma_hw_access.o" -o "SDK/platform/drivers/src/edma/edma_hw_access.o" "C:/NXP/S32DS_Power_v2.1/S32DS/software/S32_SDK_S32PA_RTM_3.0.0/platform/drivers/src/edma/edma_hw_access.c"
Building file: C:/NXP/S32DS_Power_v2.1/S32DS/software/S32_SDK_S32PA_RTM_3.0.0/platform/drivers/src/clock/MPC57xx/clock_MPC57xx.c
powerpc-eabivle-gcc "@SDK/platform/drivers/src/edma/edma_irq.args" -MMD -MP -MF"SDK/platform/drivers/src/edma/edma_irq.d" -MT"SDK/platform/drivers/src/edma/edma_irq.o" -o "SDK/platform/drivers/src/edma/edma_irq.o" "C:/NXP/S32DS_Power_v2.1/S32DS/software/S32_SDK_S32PA_RTM_3.0.0/platform/drivers/src/edma/edma_irq.c"
Building file: C:/NXP/S32DS_Power_v2.1/S32DS/software/S32_SDK_S32PA_RTM_3.0.0/platform/devices/MPC5748G/startup/system_MPC5748G.c
Finished building: C:/NXP/S32DS_Power_v2.1/S32DS/software/S32_SDK_S32PA_RTM_3.0.0/platform/drivers/src/pins/siul2/siul2_hw_access.c
Invoking: Standard S32DS C Compiler
Building file: C:/NXP/S32DS_Power_v2.1/S32DS/software/S32_SDK_S32PA_RTM_3.0.0/platform/devices/startup.c
powerpc-eabivle-gcc "@SDK/platform/drivers/src/clock/MPC57xx/clock_MPC57xx.args" -MMD -MP -MF"SDK/platform/drivers/src/clock/MPC57xx/clock_MPC57xx.d" -MT"SDK/platform/drivers/src/clock/MPC57xx/clock_MPC57xx.o" -o "SDK/platform/drivers/src/clock/MPC57xx/clock_MPC57xx.o" "C:/NXP/S32DS_Power_v2.1/S32DS/software/S32_SDK_S32PA_RTM_3.0.0/platform/drivers/src/clock/MPC57xx/clock_MPC57xx.c"
Building file: C:/NXP/S32DS_Power_v2.1/S32DS/software/S32_SDK_S32PA_RTM_3.0.0/platform/devices/MPC5748G/startup/gcc/core0_intc_sw_handlers.S
Invoking: Standard S32DS C Compiler
 
powerpc-eabivle-gcc "@SDK/platform/devices/MPC5748G/startup/system_MPC5748G.args" -MMD -MP -MF"SDK/platform/devices/MPC5748G/startup/system_MPC5748G.d" -MT"SDK/platform/devices/MPC5748G/startup/system_MPC5748G.o" -o "SDK/platform/devices/MPC5748G/startup/system_MPC5748G.o" "C:/NXP/S32DS_Power_v2.1/S32DS/software/S32_SDK_S32PA_RTM_3.0.0/platform/devices/MPC5748G/startup/system_MPC5748G.c"
Invoking: Standard S32DS Assembler
powerpc-eabivle-gcc "@Project_Settings/Startup_Code/core0_intc_sw_handlers.args" -o "Project_Settings/Startup_Code/core0_intc_sw_handlers.o" "C:/NXP/S32DS_Power_v2.1/S32DS/software/S32_SDK_S32PA_RTM_3.0.0/platform/devices/MPC5748G/startup/gcc/core0_intc_sw_handlers.S"
Finished building: C:/NXP/S32DS_Power_v2.1/S32DS/software/S32_SDK_S32PA_RTM_3.0.0/platform/drivers/src/flexcan/flexcan_hw_access.c
Finished building: C:/NXP/S32DS_Power_v2.1/S32DS/software/S32_SDK_S32PA_RTM_3.0.0/platform/drivers/src/flexcan/flexcan_irq.c
Invoking: Standard S32DS C Compiler
 
powerpc-eabivle-gcc "@SDK/platform/devices/startup.args" -MMD -MP -MF"SDK/platform/devices/startup.d" -MT"SDK/platform/devices/startup.o" -o "SDK/platform/devices/startup.o" "C:/NXP/S32DS_Power_v2.1/S32DS/software/S32_SDK_S32PA_RTM_3.0.0/platform/devices/startup.c"
Building file: C:/NXP/S32DS_Power_v2.1/S32DS/software/S32_SDK_S32PA_RTM_3.0.0/platform/devices/MPC5748G/startup/gcc/interrupt_vectors.S
Building file: C:/NXP/S32DS_Power_v2.1/S32DS/software/S32_SDK_S32PA_RTM_3.0.0/platform/devices/MPC5748G/startup/gcc/startup_MPC5748G.S
 
Invoking: Standard S32DS Assembler
Invoking: Standard S32DS Assembler
powerpc-eabivle-gcc "@Project_Settings/Startup_Code/interrupt_vectors.args" -o "Project_Settings/Startup_Code/interrupt_vectors.o" "C:/NXP/S32DS_Power_v2.1/S32DS/software/S32_SDK_S32PA_RTM_3.0.0/platform/devices/MPC5748G/startup/gcc/interrupt_vectors.S"
Building file: ../Generated_Code/Cpu.c
powerpc-eabivle-gcc "@Project_Settings/Startup_Code/startup_MPC5748G.args" -o "Project_Settings/Startup_Code/startup_MPC5748G.o" "C:/NXP/S32DS_Power_v2.1/S32DS/software/S32_SDK_S32PA_RTM_3.0.0/platform/devices/MPC5748G/startup/gcc/startup_MPC5748G.S"
Building file: ../Generated_Code/can_pal1.c
Invoking: Standard S32DS C Compiler
powerpc-eabivle-gcc "@Generated_Code/Cpu.args" -MMD -MP -MF"Generated_Code/can_pal1.d" -MT"Generated_Code/can_pal1.o" -o "Generated_Code/can_pal1.o" "../Generated_Code/can_pal1.c"
Invoking: Standard S32DS C Compiler
powerpc-eabivle-gcc "@Generated_Code/Cpu.args" -MMD -MP -MF"Generated_Code/Cpu.d" -MT"Generated_Code/Cpu.o" -o "Generated_Code/Cpu.o" "../Generated_Code/Cpu.c"
Finished building: C:/NXP/S32DS_Power_v2.1/S32DS/software/S32_SDK_S32PA_RTM_3.0.0/platform/devices/MPC5748G/startup/gcc/core0_intc_sw_handlers.S
Finished building: C:/NXP/S32DS_Power_v2.1/S32DS/software/S32_SDK_S32PA_RTM_3.0.0/platform/drivers/src/flexcan/flexcan_driver.c
 
Finished building: C:/NXP/S32DS_Power_v2.1/S32DS/software/S32_SDK_S32PA_RTM_3.0.0/platform/drivers/src/edma/edma_driver.c
 
Building file: ../Generated_Code/clockMan1.c
Finished building: C:/NXP/S32DS_Power_v2.1/S32DS/software/S32_SDK_S32PA_RTM_3.0.0/platform/drivers/src/edma/edma_irq.c
 
Finished building: C:/NXP/S32DS_Power_v2.1/S32DS/software/S32_SDK_S32PA_RTM_3.0.0/platform/devices/MPC5748G/startup/gcc/startup_MPC5748G.S
Finished building: C:/NXP/S32DS_Power_v2.1/S32DS/software/S32_SDK_S32PA_RTM_3.0.0/platform/devices/MPC5748G/startup/gcc/interrupt_vectors.S
Invoking: Standard S32DS C Compiler
 
powerpc-eabivle-gcc "@Generated_Code/Cpu.args" -MMD -MP -MF"Generated_Code/clockMan1.d" -MT"Generated_Code/clockMan1.o" -o "Generated_Code/clockMan1.o" "../Generated_Code/clockMan1.c"
 
 
Finished building: C:/NXP/S32DS_Power_v2.1/S32DS/software/S32_SDK_S32PA_RTM_3.0.0/platform/drivers/src/edma/edma_hw_access.c
Building file: ../Generated_Code/dmaController1.c
Finished building: C:/NXP/S32DS_Power_v2.1/S32DS/software/S32_SDK_S32PA_RTM_3.0.0/platform/devices/MPC5748G/startup/system_MPC5748G.c
Building file: ../Generated_Code/pin_mux.c
 
Invoking: Standard S32DS C Compiler
Building file: ../Generated_Code/timing_pal1.c
powerpc-eabivle-gcc "@Generated_Code/Cpu.args" -MMD -MP -MF"Generated_Code/dmaController1.d" -MT"Generated_Code/dmaController1.o" -o "Generated_Code/dmaController1.o" "../Generated_Code/dmaController1.c"
Invoking: Standard S32DS C Compiler
powerpc-eabivle-gcc "@Generated_Code/Cpu.args" -MMD -MP -MF"Generated_Code/pin_mux.d" -MT"Generated_Code/pin_mux.o" -o "Generated_Code/pin_mux.o" "../Generated_Code/pin_mux.c"
Finished building: C:/NXP/S32DS_Power_v2.1/S32DS/software/S32_SDK_S32PA_RTM_3.0.0/platform/devices/startup.c
Invoking: Standard S32DS C Compiler
powerpc-eabivle-gcc "@Generated_Code/Cpu.args" -MMD -MP -MF"Generated_Code/timing_pal1.d" -MT"Generated_Code/timing_pal1.o" -o "Generated_Code/timing_pal1.o" "../Generated_Code/timing_pal1.c"
 
 
Finished building: ../Generated_Code/can_pal1.c
Finished building: ../Generated_Code/Cpu.c
 
 
Finished building: C:/NXP/S32DS_Power_v2.1/S32DS/software/S32_SDK_S32PA_RTM_3.0.0/platform/drivers/src/clock/MPC57xx/clock_MPC57xx.c
 
Finished building: ../Generated_Code/clockMan1.c
 
Finished building: ../Generated_Code/dmaController1.c
Finished building: ../Generated_Code/pin_mux.c
 
Finished building: ../Generated_Code/timing_pal1.c
 
 
Building target: demo.elf
Invoking: Standard S32DS C Linker
powerpc-eabivle-gcc -o "demo.elf" "@demo.args"    
Finished building target: demo.elf
 
Invoking: Standard S32DS Print Size
powerpc-eabivle-size --format=berkeley demo.elf
   text	   data	    bss	    dec	    hex	filename
  32396	   4160	   9712	  46268	   b4bc	demo.elf
Finished building: demo.siz
 
11:28:29 **** Incremental Build of configuration Debug_FLASH for project demo ****
make -j12 all 
Invoking: Standard S32DS Print Size
powerpc-eabivle-size --format=berkeley demo.elf
   text	   data	    bss	    dec	    hex	filename
  32396	   4160	   9712	  46268	   b4bc	demo.elf
Finished building: demo.siz
 
11:31:56 **** Incremental Build of configuration Debug_FLASH for project demo ****
make -j12 all 
Building file: ../src/PduR_CanIf.c
Building file: ../src/PduR_Com.c
Building file: ../src/PduR_SecOC.c
Building file: ../src/SecOC.c
Invoking: Standard S32DS C Compiler
powerpc-eabivle-gcc "@src/CanIf.args" -MMD -MP -MF"src/PduR_CanIf.d" -MT"src/PduR_CanIf.o" -o "src/PduR_CanIf.o" "../src/PduR_CanIf.c"
Invoking: Standard S32DS C Compiler
powerpc-eabivle-gcc "@src/CanIf.args" -MMD -MP -MF"src/PduR_Com.d" -MT"src/PduR_Com.o" -o "src/PduR_Com.o" "../src/PduR_Com.c"
Invoking: Standard S32DS C Compiler
powerpc-eabivle-gcc "@src/CanIf.args" -MMD -MP -MF"src/SecOC.d" -MT"src/SecOC.o" -o "src/SecOC.o" "../src/SecOC.c"
Invoking: Standard S32DS C Compiler
powerpc-eabivle-gcc "@src/CanIf.args" -MMD -MP -MF"src/PduR_SecOC.d" -MT"src/PduR_SecOC.o" -o "src/PduR_SecOC.o" "../src/PduR_SecOC.c"
Building file: ../Sources/main.c
Invoking: Standard S32DS C Compiler
powerpc-eabivle-gcc "@Sources/main.args" -MMD -MP -MF"Sources/main.d" -MT"Sources/main.o" -o "Sources/main.o" "../Sources/main.c"
../src/SecOC.c: In function 'SecOC_MainFunctionTx':
../src/SecOC.c:77:29: warning: assignment makes pointer from integer without a cast
          PduInfo.SduDataPtr = intermediate.addr_st;
                             ^
../src/SecOC.c:67:20: warning: variable 'result' set but not used [-Wunused-but-set-variable]
     Std_ReturnType result;
                    ^
../src/SecOC.c: In function 'SecOC_TxConfirmation':
../src/SecOC.c:93:25: warning: variable 'intermediate' set but not used [-Wunused-but-set-variable]
  SecOCintermediate_type intermediate = SecOCintermediateTx[TxPduId];
                         ^
../src/SecOC.c: In function 'SecOC_RxIndication':
../src/SecOC.c:142:3: warning: implicit declaration of function 'printf' [-Wimplicit-function-declaration]
   printf("throw err to get wrong SecOCReceptionOverflowStrategy");
   ^
../src/SecOC.c:142:3: warning: incompatible implicit declaration of built-in function 'printf'
../src/SecOC.c:109:30: warning: variable 'AuthLen' set but not used [-Wunused-but-set-variable]
  uint8 idx,AuthStartPosition,AuthLen;
                              ^
../src/SecOC.c:109:12: warning: variable 'AuthStartPosition' set but not used [-Wunused-but-set-variable]
  uint8 idx,AuthStartPosition,AuthLen;
            ^
../src/SecOC.c:109:8: warning: unused variable 'idx' [-Wunused-variable]
  uint8 idx,AuthStartPosition,AuthLen;
        ^
Finished building: ../src/PduR_Com.c
Finished building: ../src/PduR_CanIf.c
Finished building: ../src/PduR_SecOC.c
 
 
Finished building: ../src/SecOC.c
 
In file included from F:/secoc/demo/header/SecOC.h:10:0,
                 from ../Sources/main.c:55:
F:/secoc/demo/header/Std_Types.h:12:0: warning: "NULL" redefined
 #define NULL 0
 ^
In file included from C:/NXP/S32DS_Power_v2.1/S32DS/build_tools/e200_ewl2/EWL_C/include/cstddef:21:0,
                 from C:/NXP/S32DS_Power_v2.1/S32DS/build_tools/e200_ewl2/EWL_C/include/stddef.h:17,
 
                 from C:/NXP/S32DS_Power_v2.1/S32DS/software/S32_SDK_S32PA_RTM_3.0.0/platform/drivers/inc/edma_driver.h:40,
                 from F:/secoc/demo/Generated_Code/Cpu.h:59,
                 from ../Sources/main.c:45:
C:/NXP/S32DS_Power_v2.1/S32DS/build_tools/e200_ewl2/EWL_C/include/null.h:9:0: note: this is the location of the previous definition
  #define NULL 0L
 ^
../Sources/main.c: In function 'clock_callback':
../Sources/main.c:246:2: warning: implicit declaration of function 'SecOC_MainFunctionTx' [-Wimplicit-function-declaration]
  SecOC_MainFunctionTx();
  ^
Finished building: ../Sources/main.c
 
Building target: demo.elf
Invoking: Standard S32DS C Linker
powerpc-eabivle-gcc -o "demo.elf" "@demo.args"    
Finished building target: demo.elf
 
Invoking: Standard S32DS Print Size
powerpc-eabivle-size --format=berkeley demo.elf
   text	   data	    bss	    dec	    hex	filename
  32412	   4156	   9716	  46284	   b4cc	demo.elf
Finished building: demo.siz
 
11:34:00 **** Incremental Build of configuration Debug_FLASH for project demo ****
make -j12 all 
Invoking: Standard S32DS Print Size
powerpc-eabivle-size --format=berkeley demo.elf
   text	   data	    bss	    dec	    hex	filename
  32412	   4156	   9716	  46284	   b4cc	demo.elf
Finished building: demo.siz
 
11:35:17 **** Incremental Build of configuration Debug_FLASH for project demo ****
make -j12 all 
Building file: ../src/SecOC.c
Invoking: Standard S32DS C Compiler
powerpc-eabivle-gcc "@src/CanIf.args" -MMD -MP -MF"src/SecOC.d" -MT"src/SecOC.o" -o "src/SecOC.o" "../src/SecOC.c"
../src/SecOC.c: In function 'SecOC_MainFunctionTx':
../src/SecOC.c:77:29: warning: assignment makes pointer from integer without a cast
          PduInfo.SduDataPtr = intermediate.addr_st;
                             ^
../src/SecOC.c:67:20: warning: variable 'result' set but not used [-Wunused-but-set-variable]
     Std_ReturnType result;
                    ^
../src/SecOC.c: In function 'SecOC_TxConfirmation':
../src/SecOC.c:93:25: warning: variable 'intermediate' set but not used [-Wunused-but-set-variable]
  SecOCintermediate_type intermediate = SecOCintermediateTx[TxPduId];
                         ^
../src/SecOC.c: In function 'SecOC_RxIndication':
../src/SecOC.c:142:3: warning: implicit declaration of function 'printf' [-Wimplicit-function-declaration]
   printf("throw err to get wrong SecOCReceptionOverflowStrategy");
   ^
../src/SecOC.c:142:3: warning: incompatible implicit declaration of built-in function 'printf'
../src/SecOC.c:109:30: warning: variable 'AuthLen' set but not used [-Wunused-but-set-variable]
  uint8 idx,AuthStartPosition,AuthLen;
                              ^
../src/SecOC.c:109:12: warning: variable 'AuthStartPosition' set but not used [-Wunused-but-set-variable]
  uint8 idx,AuthStartPosition,AuthLen;
            ^
../src/SecOC.c:109:8: warning: unused variable 'idx' [-Wunused-variable]
  uint8 idx,AuthStartPosition,AuthLen;
        ^
Finished building: ../src/SecOC.c
 
Building target: demo.elf
Invoking: Standard S32DS C Linker
powerpc-eabivle-gcc -o "demo.elf" "@demo.args"    
Finished building target: demo.elf
 
Invoking: Standard S32DS Print Size
powerpc-eabivle-size --format=berkeley demo.elf
   text	   data	    bss	    dec	    hex	filename
  32412	   4156	   9716	  46284	   b4cc	demo.elf
Finished building: demo.siz
 
11:36:56 **** Incremental Build of configuration Debug_FLASH for project demo ****
make -j12 all 
Building file: ../src/SecOC.c
Invoking: Standard S32DS C Compiler
powerpc-eabivle-gcc "@src/CanIf.args" -MMD -MP -MF"src/SecOC.d" -MT"src/SecOC.o" -o "src/SecOC.o" "../src/SecOC.c"
../src/SecOC.c: In function 'SecOC_MainFunctionTx':
../src/SecOC.c:77:29: warning: assignment makes pointer from integer without a cast
          PduInfo.SduDataPtr = intermediate.addr_st;
                             ^
../src/SecOC.c:67:20: warning: variable 'result' set but not used [-Wunused-but-set-variable]
     Std_ReturnType result;
                    ^
../src/SecOC.c: In function 'SecOC_TxConfirmation':
../src/SecOC.c:93:25: warning: variable 'intermediate' set but not used [-Wunused-but-set-variable]
  SecOCintermediate_type intermediate = SecOCintermediateTx[TxPduId];
                         ^
../src/SecOC.c: In function 'SecOC_RxIndication':
../src/SecOC.c:142:3: warning: implicit declaration of function 'printf' [-Wimplicit-function-declaration]
   printf("throw err to get wrong SecOCReceptionOverflowStrategy");
   ^
../src/SecOC.c:142:3: warning: incompatible implicit declaration of built-in function 'printf'
../src/SecOC.c:109:30: warning: variable 'AuthLen' set but not used [-Wunused-but-set-variable]
  uint8 idx,AuthStartPosition,AuthLen;
                              ^
../src/SecOC.c:109:12: warning: variable 'AuthStartPosition' set but not used [-Wunused-but-set-variable]
  uint8 idx,AuthStartPosition,AuthLen;
            ^
../src/SecOC.c:109:8: warning: unused variable 'idx' [-Wunused-variable]
  uint8 idx,AuthStartPosition,AuthLen;
        ^
Finished building: ../src/SecOC.c
 
Building target: demo.elf
Invoking: Standard S32DS C Linker
powerpc-eabivle-gcc -o "demo.elf" "@demo.args"    
Finished building target: demo.elf
 
Invoking: Standard S32DS Print Size
powerpc-eabivle-size --format=berkeley demo.elf
   text	   data	    bss	    dec	    hex	filename
  32380	   4156	   9716	  46252	   b4ac	demo.elf
Finished building: demo.siz
 
11:41:11 **** Incremental Build of configuration Debug_FLASH for project demo ****
make -j12 all 
Building file: ../src/CanIf.c
Invoking: Standard S32DS C Compiler
powerpc-eabivle-gcc "@src/CanIf.args" -MMD -MP -MF"src/CanIf.d" -MT"src/CanIf.o" -o "src/CanIf.o" "../src/CanIf.c"
../src/CanIf.c: In function 'send_result':
../src/CanIf.c:26:2: warning: implicit declaration of function 'PduR_CanIfTxConfirmation' [-Wimplicit-function-declaration]
  PduR_CanIfTxConfirmation(TxPduId, result);
  ^
Finished building: ../src/CanIf.c
 
Building target: demo.elf
Invoking: Standard S32DS C Linker
powerpc-eabivle-gcc -o "demo.elf" "@demo.args"    
Finished building target: demo.elf
 
Invoking: Standard S32DS Print Size
powerpc-eabivle-size --format=berkeley demo.elf
   text	   data	    bss	    dec	    hex	filename
  32380	   4156	   9716	  46252	   b4ac	demo.elf
Finished building: demo.siz
 
11:44:05 **** Incremental Build of configuration Debug_FLASH for project demo ****
make -j12 all 
Invoking: Standard S32DS Print Size
powerpc-eabivle-size --format=berkeley demo.elf
   text	   data	    bss	    dec	    hex	filename
  32380	   4156	   9716	  46252	   b4ac	demo.elf
Finished building: demo.siz
 
11:46:34 **** Incremental Build of configuration Debug_FLASH for project demo ****
make -j12 all 
Invoking: Standard S32DS Print Size
powerpc-eabivle-size --format=berkeley demo.elf
   text	   data	    bss	    dec	    hex	filename
  32380	   4156	   9716	  46252	   b4ac	demo.elf
Finished building: demo.siz
 
13:40:38 **** Incremental Build of configuration Debug_FLASH for project demo ****
make -j12 all 
Building file: ../src/CanIf.c
Building file: ../src/SecOC.c
Invoking: Standard S32DS C Compiler
powerpc-eabivle-gcc "@src/CanIf.args" -MMD -MP -MF"src/CanIf.d" -MT"src/CanIf.o" -o "src/CanIf.o" "../src/CanIf.c"
Invoking: Standard S32DS C Compiler
powerpc-eabivle-gcc "@src/CanIf.args" -MMD -MP -MF"src/SecOC.d" -MT"src/SecOC.o" -o "src/SecOC.o" "../src/SecOC.c"
../src/SecOC.c: In function 'SecOC_MainFunctionTx':
../src/SecOC.c:67:20: warning: variable 'result' set but not used [-Wunused-but-set-variable]
     Std_ReturnType result;
                    ^
../src/SecOC.c: In function 'SecOC_TxConfirmation':
../src/SecOC.c:93:25: warning: variable 'intermediate' set but not used [-Wunused-but-set-variable]
  SecOCintermediate_type intermediate = SecOCintermediateTx[TxPduId];
                         ^
../src/SecOC.c: In function 'SecOC_RxIndication':
../src/SecOC.c:142:3: warning: implicit declaration of function 'printf' [-Wimplicit-function-declaration]
   printf("throw err to get wrong SecOCReceptionOverflowStrategy");
   ^
../src/CanIf.c: In function 'send_result':
../src/SecOC.c:142:3: warning: incompatible implicit declaration of built-in function 'printf'
../src/CanIf.c:26:2: warning: implicit declaration of function 'PduR_CanIfTxConfirmation' [-Wimplicit-function-declaration]
  PduR_CanIfTxConfirmation(TxPduId, result);
  ^
../src/SecOC.c:109:30: warning: variable 'AuthLen' set but not used [-Wunused-but-set-variable]
  uint8 idx,AuthStartPosition,AuthLen;
                              ^
../src/SecOC.c:109:12: warning: variable 'AuthStartPosition' set but not used [-Wunused-but-set-variable]
  uint8 idx,AuthStartPosition,AuthLen;
            ^
../src/SecOC.c:109:8: warning: unused variable 'idx' [-Wunused-variable]
  uint8 idx,AuthStartPosition,AuthLen;
        ^
Finished building: ../src/CanIf.c
Finished building: ../src/SecOC.c
 
 
Building target: demo.elf
Invoking: Standard S32DS C Linker
powerpc-eabivle-gcc -o "demo.elf" "@demo.args"    
Finished building target: demo.elf
 
Invoking: Standard S32DS Print Size
powerpc-eabivle-size --format=berkeley demo.elf
   text	   data	    bss	    dec	    hex	filename
  32396	   4156	   9716	  46268	   b4bc	demo.elf
Finished building: demo.siz
 
