14:13:37 **** Incremental Build of configuration Debug_FLASH for project demo ****
make -j12 all 
Invoking: Standard S32DS Print Size
powerpc-eabivle-size --format=berkeley demo.elf
   text	   data	    bss	    dec	    hex	filename
  32412	   4156	   9716	  46284	   b4cc	demo.elf
Finished building: demo.siz
 
14:13:49 **** Incremental Build of configuration Debug_FLASH for project demo ****
make -j12 all 
Invoking: Standard S32DS Print Size
powerpc-eabivle-size --format=berkeley demo.elf
   text	   data	    bss	    dec	    hex	filename
  32412	   4156	   9716	  46284	   b4cc	demo.elf
Finished building: demo.siz
 
14:14:01 **** Clean-only build of configuration Debug_FLASH for project demo ****
make -j12 clean 
rm -rf ./*
 
14:14:03 **** Build of configuration Debug_FLASH for project demo ****
make -j12 all 
Building file: ../src/CanIf.c
Building file: ../src/Com.c
Building file: ../src/PduR_CanIf.c
Building file: ../src/PduR_Com.c
Invoking: Standard S32DS C Compiler
powerpc-eabivle-gcc "@src/CanIf.args" -MMD -MP -MF"src/CanIf.d" -MT"src/CanIf.o" -o "src/CanIf.o" "../src/CanIf.c"
Invoking: Standard S32DS C Compiler
powerpc-eabivle-gcc "@src/CanIf.args" -MMD -MP -MF"src/Com.d" -MT"src/Com.o" -o "src/Com.o" "../src/Com.c"
Invoking: Standard S32DS C Compiler
powerpc-eabivle-gcc "@src/CanIf.args" -MMD -MP -MF"src/PduR_CanIf.d" -MT"src/PduR_CanIf.o" -o "src/PduR_CanIf.o" "../src/PduR_CanIf.c"
Invoking: Standard S32DS C Compiler
powerpc-eabivle-gcc "@src/CanIf.args" -MMD -MP -MF"src/PduR_Com.d" -MT"src/PduR_Com.o" -o "src/PduR_Com.o" "../src/PduR_Com.c"
Building file: ../src/PduR_SecOC.c
Building file: ../src/SecOC.c
Building file: ../src/SecOC_Cfg.c
Building file: ../Sources/main.c
Invoking: Standard S32DS C Compiler
powerpc-eabivle-gcc "@src/CanIf.args" -MMD -MP -MF"src/PduR_SecOC.d" -MT"src/PduR_SecOC.o" -o "src/PduR_SecOC.o" "../src/PduR_SecOC.c"
Invoking: Standard S32DS C Compiler
powerpc-eabivle-gcc "@src/CanIf.args" -MMD -MP -MF"src/SecOC.d" -MT"src/SecOC.o" -o "src/SecOC.o" "../src/SecOC.c"
Invoking: Standard S32DS C Compiler
powerpc-eabivle-gcc "@src/CanIf.args" -MMD -MP -MF"src/SecOC_Cfg.d" -MT"src/SecOC_Cfg.o" -o "src/SecOC_Cfg.o" "../src/SecOC_Cfg.c"
Invoking: Standard S32DS C Compiler
powerpc-eabivle-gcc "@Sources/main.args" -MMD -MP -MF"Sources/main.d" -MT"Sources/main.o" -o "Sources/main.o" "../Sources/main.c"
../src/CanIf.c: In function 'send_result':
../src/CanIf.c:26:2: warning: implicit declaration of function 'PduR_CanIfTxConfirmation' [-Wimplicit-function-declaration]
  PduR_CanIfTxConfirmation(TxPduId, result);
  ^
Building file: C:/NXP/S32DS_Power_v2.1/S32DS/software/S32_SDK_S32PA_RTM_3.0.0/rtos/osif/osif_baremetal.c
Building file: C:/NXP/S32DS_Power_v2.1/S32DS/software/S32_SDK_S32PA_RTM_3.0.0/platform/pal/src/timing/timing_irq.c
../src/Com.c:14:3: warning: missing braces around initializer [-Wmissing-braces]
   1,1,1,1,1,1,0,0,
   ^
../src/Com.c:14:3: warning: (near initialization for 'pdus[0]') [-Wmissing-braces]
../src/Com.c: In function 'send_message':
../src/Com.c:23:21: warning: assignment from incompatible pointer type
     temp.SduDataPtr = pdus;
                     ^
../src/Com.c:25:20: warning: unused variable 'result' [-Wunused-variable]
     Std_ReturnType result = PduR_ComTransmit(TxPduId, &temp);
                    ^
Building file: C:/NXP/S32DS_Power_v2.1/S32DS/software/S32_SDK_S32PA_RTM_3.0.0/platform/pal/src/timing/timing_pal.c
Invoking: Standard S32DS C Compiler
powerpc-eabivle-gcc "@SDK/rtos/osif/osif_baremetal.args" -MMD -MP -MF"SDK/rtos/osif/osif_baremetal.d" -MT"SDK/rtos/osif/osif_baremetal.o" -o "SDK/rtos/osif/osif_baremetal.o" "C:/NXP/S32DS_Power_v2.1/S32DS/software/S32_SDK_S32PA_RTM_3.0.0/rtos/osif/osif_baremetal.c"
Building file: C:/NXP/S32DS_Power_v2.1/S32DS/software/S32_SDK_S32PA_RTM_3.0.0/platform/pal/src/can/can_pal.c
Invoking: Standard S32DS C Compiler
Invoking: Standard S32DS C Compiler
Finished building: ../src/CanIf.c
../src/SecOC.c: In function 'SecOC_MainFunctionTx':
../src/SecOC.c:67:20: warning: variable 'result' set but not used [-Wunused-but-set-variable]
     Std_ReturnType result;
                    ^
../src/SecOC.c: In function 'SecOC_RxIndication':
Finished building: ../src/PduR_CanIf.c
../src/SecOC.c:144:3: warning: implicit declaration of function 'printf' [-Wimplicit-function-declaration]
   printf("throw err to get wrong SecOCReceptionOverflowStrategy");
   ^
../src/SecOC.c:144:3: warning: incompatible implicit declaration of built-in function 'printf'
../src/SecOC.c:111:30: warning: variable 'AuthLen' set but not used [-Wunused-but-set-variable]
  uint8 idx,AuthStartPosition,AuthLen;
                              ^
../src/SecOC.c:111:12: warning: variable 'AuthStartPosition' set but not used [-Wunused-but-set-variable]
  uint8 idx,AuthStartPosition,AuthLen;
            ^
../src/SecOC.c:111:8: warning: unused variable 'idx' [-Wunused-variable]
  uint8 idx,AuthStartPosition,AuthLen;
        ^
../src/SecOC_Cfg.c:57:3: warning: missing braces around initializer [-Wmissing-braces]
   .SecOCRxAuthenticPduLayer    = 1,
   ^
../src/SecOC_Cfg.c:57:3: warning: (near initialization for 'SecOCRxPduProcessing[0].SecOCRxAuthenticPduLayer') [-Wmissing-braces]
Finished building: ../src/Com.c
Finished building: ../src/PduR_Com.c
 
 
powerpc-eabivle-gcc "@SDK/platform/pal/src/timing/timing_pal.args" -MMD -MP -MF"SDK/platform/pal/src/timing/timing_pal.d" -MT"SDK/platform/pal/src/timing/timing_pal.o" -o "SDK/platform/pal/src/timing/timing_pal.o" "C:/NXP/S32DS_Power_v2.1/S32DS/software/S32_SDK_S32PA_RTM_3.0.0/platform/pal/src/timing/timing_pal.c"
In file included from F:/secoc/demo/header/SecOC.h:10:0,
 
                 from ../Sources/main.c:55:
Finished building: ../src/PduR_SecOC.c
F:/secoc/demo/header/Std_Types.h:12:0: warning: "NULL" redefined
 
 #define NULL 0
powerpc-eabivle-gcc "@SDK/platform/pal/src/timing/timing_irq.args" -MMD -MP -MF"SDK/platform/pal/src/timing/timing_irq.d" -MT"SDK/platform/pal/src/timing/timing_irq.o" -o "SDK/platform/pal/src/timing/timing_irq.o" "C:/NXP/S32DS_Power_v2.1/S32DS/software/S32_SDK_S32PA_RTM_3.0.0/platform/pal/src/timing/timing_irq.c"
 ^
Finished building: ../src/SecOC_Cfg.c
In file included from C:/NXP/S32DS_Power_v2.1/S32DS/build_tools/e200_ewl2/EWL_C/include/cstddef:21:0,
 
                 from C:/NXP/S32DS_Power_v2.1/S32DS/build_tools/e200_ewl2/EWL_C/include/stddef.h:17,
Finished building: ../src/SecOC.c
                 from C:/NXP/S32DS_Power_v2.1/S32DS/software/S32_SDK_S32PA_RTM_3.0.0/platform/drivers/inc/edma_driver.h:40,
 
                 from F:/secoc/demo/Generated_Code/Cpu.h:59,
Invoking: Standard S32DS C Compiler
                 from ../Sources/main.c:45:
powerpc-eabivle-gcc "@SDK/platform/pal/src/can/can_pal.args" -MMD -MP -MF"SDK/platform/pal/src/can/can_pal.d" -MT"SDK/platform/pal/src/can/can_pal.o" -o "SDK/platform/pal/src/can/can_pal.o" "C:/NXP/S32DS_Power_v2.1/S32DS/software/S32_SDK_S32PA_RTM_3.0.0/platform/pal/src/can/can_pal.c"
C:/NXP/S32DS_Power_v2.1/S32DS/build_tools/e200_ewl2/EWL_C/include/null.h:9:0: note: this is the location of the previous definition
 
  #define NULL 0L
Building file: C:/NXP/S32DS_Power_v2.1/S32DS/software/S32_SDK_S32PA_RTM_3.0.0/platform/drivers/src/pit/pit_driver.c
 ^
Building file: C:/NXP/S32DS_Power_v2.1/S32DS/software/S32_SDK_S32PA_RTM_3.0.0/platform/drivers/src/pit/pit_hw_access.c
../Sources/main.c: In function 'clock_callback':
Building file: C:/NXP/S32DS_Power_v2.1/S32DS/software/S32_SDK_S32PA_RTM_3.0.0/platform/drivers/src/pins/siul2/pins_siul2_driver.c
../Sources/main.c:246:2: warning: implicit declaration of function 'SecOC_MainFunctionTx' [-Wimplicit-function-declaration]
Invoking: Standard S32DS C Compiler
  SecOC_MainFunctionTx();
powerpc-eabivle-gcc "@SDK/platform/drivers/src/pit/pit_driver.args" -MMD -MP -MF"SDK/platform/drivers/src/pit/pit_driver.d" -MT"SDK/platform/drivers/src/pit/pit_driver.o" -o "SDK/platform/drivers/src/pit/pit_driver.o" "C:/NXP/S32DS_Power_v2.1/S32DS/software/S32_SDK_S32PA_RTM_3.0.0/platform/drivers/src/pit/pit_driver.c"
  ^
Invoking: Standard S32DS C Compiler
Building file: C:/NXP/S32DS_Power_v2.1/S32DS/software/S32_SDK_S32PA_RTM_3.0.0/platform/drivers/src/pins/siul2/siul2_hw_access.c
Building file: C:/NXP/S32DS_Power_v2.1/S32DS/software/S32_SDK_S32PA_RTM_3.0.0/platform/drivers/src/flexcan/flexcan_driver.c
Building file: C:/NXP/S32DS_Power_v2.1/S32DS/software/S32_SDK_S32PA_RTM_3.0.0/platform/drivers/src/interrupt/interrupt_manager_MPC57xx.c
Invoking: Standard S32DS C Compiler
Building file: C:/NXP/S32DS_Power_v2.1/S32DS/software/S32_SDK_S32PA_RTM_3.0.0/platform/drivers/src/flexcan/flexcan_hw_access.c
powerpc-eabivle-gcc "@SDK/platform/drivers/src/pins/siul2/pins_siul2_driver.args" -MMD -MP -MF"SDK/platform/drivers/src/pins/siul2/pins_siul2_driver.d" -MT"SDK/platform/drivers/src/pins/siul2/pins_siul2_driver.o" -o "SDK/platform/drivers/src/pins/siul2/pins_siul2_driver.o" "C:/NXP/S32DS_Power_v2.1/S32DS/software/S32_SDK_S32PA_RTM_3.0.0/platform/drivers/src/pins/siul2/pins_siul2_driver.c"
Invoking: Standard S32DS C Compiler
Invoking: Standard S32DS C Compiler
powerpc-eabivle-gcc "@SDK/platform/drivers/src/interrupt/interrupt_manager_MPC57xx.args" -MMD -MP -MF"SDK/platform/drivers/src/interrupt/interrupt_manager_MPC57xx.d" -MT"SDK/platform/drivers/src/interrupt/interrupt_manager_MPC57xx.o" -o "SDK/platform/drivers/src/interrupt/interrupt_manager_MPC57xx.o" "C:/NXP/S32DS_Power_v2.1/S32DS/software/S32_SDK_S32PA_RTM_3.0.0/platform/drivers/src/interrupt/interrupt_manager_MPC57xx.c"
powerpc-eabivle-gcc "@SDK/platform/drivers/src/pins/siul2/siul2_hw_access.args" -MMD -MP -MF"SDK/platform/drivers/src/pins/siul2/siul2_hw_access.d" -MT"SDK/platform/drivers/src/pins/siul2/siul2_hw_access.o" -o "SDK/platform/drivers/src/pins/siul2/siul2_hw_access.o" "C:/NXP/S32DS_Power_v2.1/S32DS/software/S32_SDK_S32PA_RTM_3.0.0/platform/drivers/src/pins/siul2/siul2_hw_access.c"
powerpc-eabivle-gcc "@SDK/platform/drivers/src/pit/pit_hw_access.args" -MMD -MP -MF"SDK/platform/drivers/src/pit/pit_hw_access.d" -MT"SDK/platform/drivers/src/pit/pit_hw_access.o" -o "SDK/platform/drivers/src/pit/pit_hw_access.o" "C:/NXP/S32DS_Power_v2.1/S32DS/software/S32_SDK_S32PA_RTM_3.0.0/platform/drivers/src/pit/pit_hw_access.c"
Finished building: C:/NXP/S32DS_Power_v2.1/S32DS/software/S32_SDK_S32PA_RTM_3.0.0/rtos/osif/osif_baremetal.c
Finished building: ../Sources/main.c
Invoking: Standard S32DS C Compiler
Invoking: Standard S32DS C Compiler
 
 
Finished building: C:/NXP/S32DS_Power_v2.1/S32DS/software/S32_SDK_S32PA_RTM_3.0.0/platform/pal/src/timing/timing_irq.c
powerpc-eabivle-gcc "@SDK/platform/drivers/src/flexcan/flexcan_hw_access.args" -MMD -MP -MF"SDK/platform/drivers/src/flexcan/flexcan_hw_access.d" -MT"SDK/platform/drivers/src/flexcan/flexcan_hw_access.o" -o "SDK/platform/drivers/src/flexcan/flexcan_hw_access.o" "C:/NXP/S32DS_Power_v2.1/S32DS/software/S32_SDK_S32PA_RTM_3.0.0/platform/drivers/src/flexcan/flexcan_hw_access.c"
 
powerpc-eabivle-gcc "@SDK/platform/drivers/src/flexcan/flexcan_driver.args" -MMD -MP -MF"SDK/platform/drivers/src/flexcan/flexcan_driver.d" -MT"SDK/platform/drivers/src/flexcan/flexcan_driver.o" -o "SDK/platform/drivers/src/flexcan/flexcan_driver.o" "C:/NXP/S32DS_Power_v2.1/S32DS/software/S32_SDK_S32PA_RTM_3.0.0/platform/drivers/src/flexcan/flexcan_driver.c"
Finished building: C:/NXP/S32DS_Power_v2.1/S32DS/software/S32_SDK_S32PA_RTM_3.0.0/platform/pal/src/timing/timing_pal.c
Building file: C:/NXP/S32DS_Power_v2.1/S32DS/software/S32_SDK_S32PA_RTM_3.0.0/platform/drivers/src/flexcan/flexcan_irq.c
Finished building: C:/NXP/S32DS_Power_v2.1/S32DS/software/S32_SDK_S32PA_RTM_3.0.0/platform/pal/src/can/can_pal.c
Building file: C:/NXP/S32DS_Power_v2.1/S32DS/software/S32_SDK_S32PA_RTM_3.0.0/platform/drivers/src/edma/edma_driver.c
 
Building file: C:/NXP/S32DS_Power_v2.1/S32DS/software/S32_SDK_S32PA_RTM_3.0.0/platform/drivers/src/edma/edma_hw_access.c
Finished building: C:/NXP/S32DS_Power_v2.1/S32DS/software/S32_SDK_S32PA_RTM_3.0.0/platform/drivers/src/pit/pit_driver.c
Building file: C:/NXP/S32DS_Power_v2.1/S32DS/software/S32_SDK_S32PA_RTM_3.0.0/platform/drivers/src/edma/edma_irq.c
Invoking: Standard S32DS C Compiler
Invoking: Standard S32DS C Compiler
 
Invoking: Standard S32DS C Compiler
 
powerpc-eabivle-gcc "@SDK/platform/drivers/src/edma/edma_driver.args" -MMD -MP -MF"SDK/platform/drivers/src/edma/edma_driver.d" -MT"SDK/platform/drivers/src/edma/edma_driver.o" -o "SDK/platform/drivers/src/edma/edma_driver.o" "C:/NXP/S32DS_Power_v2.1/S32DS/software/S32_SDK_S32PA_RTM_3.0.0/platform/drivers/src/edma/edma_driver.c"
powerpc-eabivle-gcc "@SDK/platform/drivers/src/flexcan/flexcan_irq.args" -MMD -MP -MF"SDK/platform/drivers/src/flexcan/flexcan_irq.d" -MT"SDK/platform/drivers/src/flexcan/flexcan_irq.o" -o "SDK/platform/drivers/src/flexcan/flexcan_irq.o" "C:/NXP/S32DS_Power_v2.1/S32DS/software/S32_SDK_S32PA_RTM_3.0.0/platform/drivers/src/flexcan/flexcan_irq.c"
Invoking: Standard S32DS C Compiler
powerpc-eabivle-gcc "@SDK/platform/drivers/src/edma/edma_irq.args" -MMD -MP -MF"SDK/platform/drivers/src/edma/edma_irq.d" -MT"SDK/platform/drivers/src/edma/edma_irq.o" -o "SDK/platform/drivers/src/edma/edma_irq.o" "C:/NXP/S32DS_Power_v2.1/S32DS/software/S32_SDK_S32PA_RTM_3.0.0/platform/drivers/src/edma/edma_irq.c"
Finished building: C:/NXP/S32DS_Power_v2.1/S32DS/software/S32_SDK_S32PA_RTM_3.0.0/platform/drivers/src/pit/pit_hw_access.c
Finished building: C:/NXP/S32DS_Power_v2.1/S32DS/software/S32_SDK_S32PA_RTM_3.0.0/platform/drivers/src/pins/siul2/pins_siul2_driver.c
powerpc-eabivle-gcc "@SDK/platform/drivers/src/edma/edma_hw_access.args" -MMD -MP -MF"SDK/platform/drivers/src/edma/edma_hw_access.d" -MT"SDK/platform/drivers/src/edma/edma_hw_access.o" -o "SDK/platform/drivers/src/edma/edma_hw_access.o" "C:/NXP/S32DS_Power_v2.1/S32DS/software/S32_SDK_S32PA_RTM_3.0.0/platform/drivers/src/edma/edma_hw_access.c"
Finished building: C:/NXP/S32DS_Power_v2.1/S32DS/software/S32_SDK_S32PA_RTM_3.0.0/platform/drivers/src/interrupt/interrupt_manager_MPC57xx.c
 
 
 
Finished building: C:/NXP/S32DS_Power_v2.1/S32DS/software/S32_SDK_S32PA_RTM_3.0.0/platform/drivers/src/pins/siul2/siul2_hw_access.c
Building file: C:/NXP/S32DS_Power_v2.1/S32DS/software/S32_SDK_S32PA_RTM_3.0.0/platform/drivers/src/clock/MPC57xx/clock_MPC57xx.c
Building file: C:/NXP/S32DS_Power_v2.1/S32DS/software/S32_SDK_S32PA_RTM_3.0.0/platform/devices/MPC5748G/startup/system_MPC5748G.c
Building file: C:/NXP/S32DS_Power_v2.1/S32DS/software/S32_SDK_S32PA_RTM_3.0.0/platform/devices/startup.c
 
Invoking: Standard S32DS C Compiler
Invoking: Standard S32DS C Compiler
Invoking: Standard S32DS C Compiler
Building file: C:/NXP/S32DS_Power_v2.1/S32DS/software/S32_SDK_S32PA_RTM_3.0.0/platform/devices/MPC5748G/startup/gcc/core0_intc_sw_handlers.S
Building file: C:/NXP/S32DS_Power_v2.1/S32DS/software/S32_SDK_S32PA_RTM_3.0.0/platform/devices/MPC5748G/startup/gcc/interrupt_vectors.S
Building file: C:/NXP/S32DS_Power_v2.1/S32DS/software/S32_SDK_S32PA_RTM_3.0.0/platform/devices/MPC5748G/startup/gcc/startup_MPC5748G.S
powerpc-eabivle-gcc "@SDK/platform/devices/startup.args" -MMD -MP -MF"SDK/platform/devices/startup.d" -MT"SDK/platform/devices/startup.o" -o "SDK/platform/devices/startup.o" "C:/NXP/S32DS_Power_v2.1/S32DS/software/S32_SDK_S32PA_RTM_3.0.0/platform/devices/startup.c"
powerpc-eabivle-gcc "@SDK/platform/drivers/src/clock/MPC57xx/clock_MPC57xx.args" -MMD -MP -MF"SDK/platform/drivers/src/clock/MPC57xx/clock_MPC57xx.d" -MT"SDK/platform/drivers/src/clock/MPC57xx/clock_MPC57xx.o" -o "SDK/platform/drivers/src/clock/MPC57xx/clock_MPC57xx.o" "C:/NXP/S32DS_Power_v2.1/S32DS/software/S32_SDK_S32PA_RTM_3.0.0/platform/drivers/src/clock/MPC57xx/clock_MPC57xx.c"
powerpc-eabivle-gcc "@SDK/platform/devices/MPC5748G/startup/system_MPC5748G.args" -MMD -MP -MF"SDK/platform/devices/MPC5748G/startup/system_MPC5748G.d" -MT"SDK/platform/devices/MPC5748G/startup/system_MPC5748G.o" -o "SDK/platform/devices/MPC5748G/startup/system_MPC5748G.o" "C:/NXP/S32DS_Power_v2.1/S32DS/software/S32_SDK_S32PA_RTM_3.0.0/platform/devices/MPC5748G/startup/system_MPC5748G.c"
Invoking: Standard S32DS Assembler
powerpc-eabivle-gcc "@Project_Settings/Startup_Code/startup_MPC5748G.args" -o "Project_Settings/Startup_Code/startup_MPC5748G.o" "C:/NXP/S32DS_Power_v2.1/S32DS/software/S32_SDK_S32PA_RTM_3.0.0/platform/devices/MPC5748G/startup/gcc/startup_MPC5748G.S"
Invoking: Standard S32DS Assembler
powerpc-eabivle-gcc "@Project_Settings/Startup_Code/core0_intc_sw_handlers.args" -o "Project_Settings/Startup_Code/core0_intc_sw_handlers.o" "C:/NXP/S32DS_Power_v2.1/S32DS/software/S32_SDK_S32PA_RTM_3.0.0/platform/devices/MPC5748G/startup/gcc/core0_intc_sw_handlers.S"
Invoking: Standard S32DS Assembler
powerpc-eabivle-gcc "@Project_Settings/Startup_Code/interrupt_vectors.args" -o "Project_Settings/Startup_Code/interrupt_vectors.o" "C:/NXP/S32DS_Power_v2.1/S32DS/software/S32_SDK_S32PA_RTM_3.0.0/platform/devices/MPC5748G/startup/gcc/interrupt_vectors.S"
Finished building: C:/NXP/S32DS_Power_v2.1/S32DS/software/S32_SDK_S32PA_RTM_3.0.0/platform/drivers/src/flexcan/flexcan_hw_access.c
Finished building: C:/NXP/S32DS_Power_v2.1/S32DS/software/S32_SDK_S32PA_RTM_3.0.0/platform/drivers/src/flexcan/flexcan_irq.c
 
Finished building: C:/NXP/S32DS_Power_v2.1/S32DS/software/S32_SDK_S32PA_RTM_3.0.0/platform/drivers/src/edma/edma_irq.c
Finished building: C:/NXP/S32DS_Power_v2.1/S32DS/software/S32_SDK_S32PA_RTM_3.0.0/platform/devices/MPC5748G/startup/gcc/startup_MPC5748G.S
 
Building file: ../Generated_Code/Cpu.c
 
 
Building file: ../Generated_Code/can_pal1.c
Invoking: Standard S32DS C Compiler
powerpc-eabivle-gcc "@Generated_Code/Cpu.args" -MMD -MP -MF"Generated_Code/Cpu.d" -MT"Generated_Code/Cpu.o" -o "Generated_Code/Cpu.o" "../Generated_Code/Cpu.c"
Building file: ../Generated_Code/clockMan1.c
Finished building: C:/NXP/S32DS_Power_v2.1/S32DS/software/S32_SDK_S32PA_RTM_3.0.0/platform/drivers/src/edma/edma_driver.c
Finished building: C:/NXP/S32DS_Power_v2.1/S32DS/software/S32_SDK_S32PA_RTM_3.0.0/platform/drivers/src/flexcan/flexcan_driver.c
Finished building: C:/NXP/S32DS_Power_v2.1/S32DS/software/S32_SDK_S32PA_RTM_3.0.0/platform/devices/MPC5748G/startup/gcc/core0_intc_sw_handlers.S
Finished building: C:/NXP/S32DS_Power_v2.1/S32DS/software/S32_SDK_S32PA_RTM_3.0.0/platform/drivers/src/edma/edma_hw_access.c
 
 
 
Finished building: C:/NXP/S32DS_Power_v2.1/S32DS/software/S32_SDK_S32PA_RTM_3.0.0/platform/devices/MPC5748G/startup/gcc/interrupt_vectors.S
 
Invoking: Standard S32DS C Compiler
powerpc-eabivle-gcc "@Generated_Code/Cpu.args" -MMD -MP -MF"Generated_Code/can_pal1.d" -MT"Generated_Code/can_pal1.o" -o "Generated_Code/can_pal1.o" "../Generated_Code/can_pal1.c"
Finished building: C:/NXP/S32DS_Power_v2.1/S32DS/software/S32_SDK_S32PA_RTM_3.0.0/platform/devices/startup.c
 
Invoking: Standard S32DS C Compiler
powerpc-eabivle-gcc "@Generated_Code/Cpu.args" -MMD -MP -MF"Generated_Code/clockMan1.d" -MT"Generated_Code/clockMan1.o" -o "Generated_Code/clockMan1.o" "../Generated_Code/clockMan1.c"
Building file: ../Generated_Code/dmaController1.c
 
Finished building: C:/NXP/S32DS_Power_v2.1/S32DS/software/S32_SDK_S32PA_RTM_3.0.0/platform/devices/MPC5748G/startup/system_MPC5748G.c
Invoking: Standard S32DS C Compiler
powerpc-eabivle-gcc "@Generated_Code/Cpu.args" -MMD -MP -MF"Generated_Code/dmaController1.d" -MT"Generated_Code/dmaController1.o" -o "Generated_Code/dmaController1.o" "../Generated_Code/dmaController1.c"
Building file: ../Generated_Code/pin_mux.c
Building file: ../Generated_Code/timing_pal1.c
 
Invoking: Standard S32DS C Compiler
powerpc-eabivle-gcc "@Generated_Code/Cpu.args" -MMD -MP -MF"Generated_Code/pin_mux.d" -MT"Generated_Code/pin_mux.o" -o "Generated_Code/pin_mux.o" "../Generated_Code/pin_mux.c"
Invoking: Standard S32DS C Compiler
powerpc-eabivle-gcc "@Generated_Code/Cpu.args" -MMD -MP -MF"Generated_Code/timing_pal1.d" -MT"Generated_Code/timing_pal1.o" -o "Generated_Code/timing_pal1.o" "../Generated_Code/timing_pal1.c"
Finished building: C:/NXP/S32DS_Power_v2.1/S32DS/software/S32_SDK_S32PA_RTM_3.0.0/platform/drivers/src/clock/MPC57xx/clock_MPC57xx.c
Finished building: ../Generated_Code/Cpu.c
 
 
Finished building: ../Generated_Code/can_pal1.c
Finished building: ../Generated_Code/clockMan1.c
 
 
Finished building: ../Generated_Code/dmaController1.c
 
Finished building: ../Generated_Code/pin_mux.c
Finished building: ../Generated_Code/timing_pal1.c
 
 
Building target: demo.elf
Invoking: Standard S32DS C Linker
powerpc-eabivle-gcc -o "demo.elf" "@demo.args"    
Finished building target: demo.elf
 
Invoking: Standard S32DS Print Size
powerpc-eabivle-size --format=berkeley demo.elf
   text	   data	    bss	    dec	    hex	filename
  32412	   4156	   9716	  46284	   b4cc	demo.elf
Finished building: demo.siz
 
14:14:21 **** Incremental Build of configuration Debug_FLASH for project demo ****
make -j12 all 
Invoking: Standard S32DS Print Size
powerpc-eabivle-size --format=berkeley demo.elf
   text	   data	    bss	    dec	    hex	filename
  32412	   4156	   9716	  46284	   b4cc	demo.elf
Finished building: demo.siz
 
14:14:55 **** Incremental Build of configuration Debug_FLASH for project demo ****
make -j12 all 
Invoking: Standard S32DS Print Size
powerpc-eabivle-size --format=berkeley demo.elf
   text	   data	    bss	    dec	    hex	filename
  32412	   4156	   9716	  46284	   b4cc	demo.elf
Finished building: demo.siz
 
14:15:12 **** Incremental Build of configuration Debug_FLASH for project demo ****
make -j12 all 
Invoking: Standard S32DS Print Size
powerpc-eabivle-size --format=berkeley demo.elf
   text	   data	    bss	    dec	    hex	filename
  32412	   4156	   9716	  46284	   b4cc	demo.elf
Finished building: demo.siz
 
14:15:15 **** Incremental Build of configuration Debug_FLASH for project demo ****
make -j12 all 
Invoking: Standard S32DS Print Size
powerpc-eabivle-size --format=berkeley demo.elf
   text	   data	    bss	    dec	    hex	filename
  32412	   4156	   9716	  46284	   b4cc	demo.elf
Finished building: demo.siz
 
14:15:19 **** Incremental Build of configuration Debug_FLASH for project demo ****
make -j12 all 
Invoking: Standard S32DS Print Size
powerpc-eabivle-size --format=berkeley demo.elf
   text	   data	    bss	    dec	    hex	filename
  32412	   4156	   9716	  46284	   b4cc	demo.elf
Finished building: demo.siz
 
