Archive member included to satisfy reference by file (symbol)

C:/NXP/S32DS_Power_v2.1/S32DS/build_tools/e200_ewl2/lib/e200z4/fp\libc99.a(printf.o)
                              ./src/Com.o (printf)
C:/NXP/S32DS_Power_v2.1/S32DS/build_tools/e200_ewl2/lib/e200z4/fp\libc99.a(memcpy.o)
                              ./SDK/platform/drivers/src/pit/pit_driver.o (memcpy)
C:/NXP/S32DS_Power_v2.1/S32DS/build_tools/e200_ewl2/lib/e200z4/fp\libc99.a(memset.o)
                              ./Sources/main.o (memset)
C:/NXP/S32DS_Power_v2.1/S32DS/build_tools/e200_ewl2/lib/e200z4/fp\libc99.a(fgetwc.o)
                              C:/NXP/S32DS_Power_v2.1/S32DS/build_tools/e200_ewl2/lib/e200z4/fp\libc99.a(printf.o) (getwc)
C:/NXP/S32DS_Power_v2.1/S32DS/build_tools/e200_ewl2/lib/e200z4/fp\libc99.a(fwide.o)
                              C:/NXP/S32DS_Power_v2.1/S32DS/build_tools/e200_ewl2/lib/e200z4/fp\libc99.a(printf.o) (fwide)
C:/NXP/S32DS_Power_v2.1/S32DS/build_tools/e200_ewl2/lib/e200z4/fp\libc99.a(__printformat.o)
                              C:/NXP/S32DS_Power_v2.1/S32DS/build_tools/e200_ewl2/lib/e200z4/fp\libc99.a(printf.o) (__pformatter)
C:/NXP/S32DS_Power_v2.1/S32DS/build_tools/e200_ewl2/lib/e200z4/fp\libc99.a(ctype.o)
                              C:/NXP/S32DS_Power_v2.1/S32DS/build_tools/e200_ewl2/lib/e200z4/fp\libc99.a(__printformat.o) (__upper_mapC)
C:/NXP/S32DS_Power_v2.1/S32DS/build_tools/e200_ewl2/lib/e200z4/fp\libc99.a(secure_error.o)
                              C:/NXP/S32DS_Power_v2.1/S32DS/build_tools/e200_ewl2/lib/e200z4/fp\libc99.a(__printformat.o) (__ewl_runtime_constraint_violation_s)
C:/NXP/S32DS_Power_v2.1/S32DS/build_tools/e200_ewl2/lib/e200z4/fp\libc99.a(ansi_files.o)
                              C:/NXP/S32DS_Power_v2.1/S32DS/build_tools/e200_ewl2/lib/e200z4/fp\libc99.a(printf.o) (__files)
C:/NXP/S32DS_Power_v2.1/S32DS/build_tools/e200_ewl2/lib/e200z4/fp\libc99.a(fflush.o)
                              C:/NXP/S32DS_Power_v2.1/S32DS/build_tools/e200_ewl2/lib/e200z4/fp\libc99.a(ansi_files.o) (fflush)
C:/NXP/S32DS_Power_v2.1/S32DS/build_tools/e200_ewl2/lib/e200z4/fp\libc99.a(fread.o)
                              C:/NXP/S32DS_Power_v2.1/S32DS/build_tools/e200_ewl2/lib/e200z4/fp\libc99.a(fgetwc.o) (__fread)
C:/NXP/S32DS_Power_v2.1/S32DS/build_tools/e200_ewl2/lib/e200z4/fp\libc99.a(fwrite.o)
                              C:/NXP/S32DS_Power_v2.1/S32DS/build_tools/e200_ewl2/lib/e200z4/fp\libc99.a(printf.o) (__FileWrite)
C:/NXP/S32DS_Power_v2.1/S32DS/build_tools/e200_ewl2/lib/e200z4/fp\libc99.a(abort.o)
                              C:/NXP/S32DS_Power_v2.1/S32DS/build_tools/e200_ewl2/lib/e200z4/fp\libc99.a(secure_error.o) (abort)
C:/NXP/S32DS_Power_v2.1/S32DS/build_tools/e200_ewl2/lib/e200z4/fp\libc99.a(exit.o)
                              C:/NXP/S32DS_Power_v2.1/S32DS/build_tools/e200_ewl2/lib/e200z4/fp\libc99.a(abort.o) (__console_exit)
C:/NXP/S32DS_Power_v2.1/S32DS/build_tools/e200_ewl2/lib/e200z4/fp\libc99.a(mbtowc.o)
                              C:/NXP/S32DS_Power_v2.1/S32DS/build_tools/e200_ewl2/lib/e200z4/fp\libc99.a(fgetwc.o) (mbtowc)
C:/NXP/S32DS_Power_v2.1/S32DS/build_tools/e200_ewl2/lib/e200z4/fp\libc99.a(wcstombs.o)
                              C:/NXP/S32DS_Power_v2.1/S32DS/build_tools/e200_ewl2/lib/e200z4/fp\libc99.a(__printformat.o) (wcstombs)
C:/NXP/S32DS_Power_v2.1/S32DS/build_tools/e200_ewl2/lib/e200z4/fp\libc99.a(wctomb.o)
                              C:/NXP/S32DS_Power_v2.1/S32DS/build_tools/e200_ewl2/lib/e200z4/fp\libc99.a(wcstombs.o) (wctomb)
C:/NXP/S32DS_Power_v2.1/S32DS/build_tools/e200_ewl2/lib/e200z4/fp\libc99.a(__filll_mem.o)
                              C:/NXP/S32DS_Power_v2.1/S32DS/build_tools/e200_ewl2/lib/e200z4/fp\libc99.a(memset.o) (__fill_mem)
C:/NXP/S32DS_Power_v2.1/S32DS/build_tools/e200_ewl2/lib/e200z4/fp\libc99.a(memchr.o)
                              C:/NXP/S32DS_Power_v2.1/S32DS/build_tools/e200_ewl2/lib/e200z4/fp\libc99.a(__printformat.o) (memchr)
C:/NXP/S32DS_Power_v2.1/S32DS/build_tools/e200_ewl2/lib/e200z4/fp\libc99.a(__memrchr.o)
                              C:/NXP/S32DS_Power_v2.1/S32DS/build_tools/e200_ewl2/lib/e200z4/fp\libc99.a(fwrite.o) (__memrchr)
C:/NXP/S32DS_Power_v2.1/S32DS/build_tools/e200_ewl2/lib/e200z4/fp\libc99.a(strchr.o)
                              C:/NXP/S32DS_Power_v2.1/S32DS/build_tools/e200_ewl2/lib/e200z4/fp\libc99.a(__printformat.o) (strchr)
C:/NXP/S32DS_Power_v2.1/S32DS/build_tools/e200_ewl2/lib/e200z4/fp\libc99.a(strcpy.o)
                              C:/NXP/S32DS_Power_v2.1/S32DS/build_tools/e200_ewl2/lib/e200z4/fp\libc99.a(__printformat.o) (strcpy)
C:/NXP/S32DS_Power_v2.1/S32DS/build_tools/e200_ewl2/lib/e200z4/fp\libc99.a(strlen.o)
                              C:/NXP/S32DS_Power_v2.1/S32DS/build_tools/e200_ewl2/lib/e200z4/fp\libc99.a(__printformat.o) (strlen)
C:/NXP/S32DS_Power_v2.1/S32DS/build_tools/e200_ewl2/lib/e200z4/fp\libc99.a(strncpy.o)
[...]
Memory Configuration

Name             Origin             Length             Attributes
flash_rchw       0x00fa0000         0x00000004
cpu0_reset_vec   0x00fa0010         0x00000004
cpu1_reset_vec   0x00fa0014         0x00000004
cpu2_reset_vec   0x00fa0004         0x00000004
m_text           0x01000000         0x001d0000
m_data           0x40000000         0x00040000
*default*        0x00000000         0xffffffff

Linker script and memory map

LOAD c:/nxp/s32ds_power_v2.1/s32ds/build_tools/powerpc-eabivle-4_9/bin/../lib/gcc/powerpc-eabivle/4.9.4/e200z4/fp/ecrti.o
LOAD c:/nxp/s32ds_power_v2.1/s32ds/build_tools/powerpc-eabivle-4_9/bin/../lib/gcc/powerpc-eabivle/4.9.4/e200z4/fp/crtbegin.o
LOAD ./Generated_Code/Cpu.o
LOAD ./Generated_Code/can_pal1.o
LOAD ./Generated_Code/clockMan1.o
LOAD ./Generated_Code/dmaController1.o
LOAD ./Generated_Code/pin_mux.o
LOAD ./Generated_Code/timing_pal1.o
LOAD ./Project_Settings/Startup_Code/core0_intc_sw_handlers.o
LOAD ./Project_Settings/Startup_Code/interrupt_vectors.o
LOAD ./Project_Settings/Startup_Code/startup_MPC5748G.o
LOAD ./SDK/platform/devices/MPC5748G/startup/system_MPC5748G.o
LOAD ./SDK/platform/devices/startup.o
LOAD ./SDK/platform/drivers/src/clock/MPC57xx/clock_MPC57xx.o
LOAD ./SDK/platform/drivers/src/edma/edma_driver.o
LOAD ./SDK/platform/drivers/src/edma/edma_hw_access.o
LOAD ./SDK/platform/drivers/src/edma/edma_irq.o
LOAD ./SDK/platform/drivers/src/flexcan/flexcan_driver.o
LOAD ./SDK/platform/drivers/src/flexcan/flexcan_hw_access.o
LOAD ./SDK/platform/drivers/src/flexcan/flexcan_irq.o
LOAD ./SDK/platform/drivers/src/interrupt/interrupt_manager_MPC57xx.o
LOAD ./SDK/platform/drivers/src/pins/siul2/pins_siul2_driver.o
LOAD ./SDK/platform/drivers/src/pins/siul2/siul2_hw_access.o
LOAD ./SDK/platform/drivers/src/pit/pit_driver.o
LOAD ./SDK/platform/drivers/src/pit/pit_hw_access.o
LOAD ./SDK/platform/pal/src/can/can_pal.o
LOAD ./SDK/platform/pal/src/timing/timing_irq.o
LOAD ./SDK/platform/pal/src/timing/timing_pal.o
LOAD ./SDK/rtos/osif/osif_baremetal.o
LOAD ./Sources/main.o
LOAD ./src/CanIf.o
LOAD ./src/Com.o
LOAD ./src/PduR_CanIf.o
LOAD ./src/PduR_Com.o
LOAD ./src/PduR_SecOC.o
LOAD ./src/SecOC.o
LOAD ./src/SecOC_Cfg.o
START GROUP
LOAD C:/NXP/S32DS_Power_v2.1/S32DS/build_tools/e200_ewl2/lib/e200z4/fp\libc99.a
LOAD C:/NXP/S32DS_Power_v2.1/S32DS/build_tools/e200_ewl2/lib/e200z4/fp\libm.a
LOAD c:/nxp/s32ds_power_v2.1/s32ds/build_tools/powerpc-eabivle-4_9/bin/../lib/gcc/powerpc-eabivle/4.9.4/e200z4/fp\libgcc.a
LOAD C:/NXP/S32DS_Power_v2.1/S32DS/build_tools/e200_ewl2/lib/e200z4/fp\librt.a
END GROUP
LOAD c:/nxp/s32ds_power_v2.1/s32ds/build_tools/powerpc-eabivle-4_9/bin/../lib/gcc/powerpc-eabivle/4.9.4/e200z4/fp/crtend.o
LOAD c:/nxp/s32ds_power_v2.1/s32ds/build_tools/powerpc-eabivle-4_9/bin/../lib/gcc/powerpc-eabivle/4.9.4/e200z4/fp/ecrtn.o
                0x00000000                __HEAP_SIZE = DEFINED (__heap_size__)?__heap_size__:0x0
                0x00001000                __STACK_SIZE = DEFINED (__stack_size__)?__stack_size__:0x1000
                0x01000000                FLASH_BASE_ADDR = DEFINED (__flash_base_addr__)?__flash_base_addr__:0x1000000
                0x001d0000                FLASH_SIZE = DEFINED (__flash_size__)?__flash_size__:0x1d0000
                0x40000000                SRAM_BASE_ADDR = DEFINED (__sram_base_addr__)?__sram_base_addr__:0x40000000
                0x00040000                SRAM_SIZE = DEFINED (__sram_size__)?__sram_size__:0x40000

.rchw           0x00fa0000        0x4
 *(.rchw)
 .rchw          0x00fa0000        0x4 ./Project_Settings/Startup_Code/startup_MPC5748G.o

.cpu0_reset_vector
                0x00fa0010        0x4
 *(.cpu0_reset_vector)
 .cpu0_reset_vector
                0x00fa0010        0x4 ./Project_Settings/Startup_Code/startup_MPC5748G.o

.cpu1_reset_vector
 *(.cpu1_reset_vector)

.cpu2_reset_vector
 *(.cpu2_reset_vector)

.startup        0x01000000      0x168
                0x01000000                __start = .
 *(.startup)
 .startup       0x01000000      0x168 ./Project_Settings/Startup_Code/startup_MPC5748G.o
                0x01000000                Reset_Handler
                0x01000000                _start

.core_exceptions_table
                0x01001000       0xb4
                0x01001000                __IVPR_VALUE = .
 *(.core_exceptions_table)
 .core_exceptions_table
                0x01001000       0xb4 ./Project_Settings/Startup_Code/interrupt_vectors.o
                0x01001000                IVOR0_Vector
                0x01001000                VTABLE
                0x01001010                IVOR1_Vector
                0x01001020                IVOR2_Vector
                0x01001030                IVOR3_Vector
                0x01001040                IVOR4_Vector
                0x01001050                IVOR5_Vector
                0x01001060                IVOR6_Vector
                0x01001070                IVOR35_Vector
                0x01001080                IVOR8_Vector
                0x01001090                IVOR15_Vector
                0x010010a0                IVOR33_Vector
                0x010010b0                IVOR34_Vector

.intc_vector_table
                0x01002000      0xbcc
                0x01002000                __VECTOR_TABLE = .
                0x01002000                __interrupts_start__ = .
 *(.intc_vector_table)
 .intc_vector_table
                0x01002000      0xbcc ./Project_Settings/Startup_Code/startup_MPC5748G.o
                0x01002000                __isr_vector
                0x01002bc8                SAI2_Rx_IRQHandler
                0x01002bc8                SIUL_EIRQ_16_23_IRQHandler
                0x01002bc8                LINFLEXD2_UART_TxIRQHandler
                0x01002bc8                LINFLEXD6_UART_ErrIRQHandler
                0x01002bc8                SWT0_IRQHandler
                0x01002bc8                EMIOS0_30_31_IRQHandler
                0x01002bc8                ENET0_Rx_1_IRQHandler
                0x01002bc8                LINFLEXD13_UART_TxIRQHandler
                0x01002bc8                IVOR33_Exception_Handler
                0x01002bc8                STM2_Ch3_IRQHandler
                0x01002bc8                WKPU_23_16_IRQHandler
                0x01002bc8                LINFLEXD5_UART_ErrIRQHandler
                0x01002bc8                DSPI1_Send_IRQHandler
                0x01002bc8                DSPI0_FIFO_Error_IRQHandler
                0x01002bc8                USBOTG_IRQHandler
                0x01002bc8                EMIOS1_00_01_IRQHandler
                0x01002bc8                ADC1_WD_IRQHandler
                0x01002bc8                IVOR5_Exception_Handler
                0x01002bc8                DSPI5_FIFO_Error_IRQHandler
                0x01002bc8                DSPI4_Send_IRQHandler
                0x01002bc8                IVOR34_Exception_Handler
                0x01002bc8                LINFLEXD3_UART_ErrIRQHandler
                0x01002bc8                DSPI6_Send_IRQHandler
                0x01002bc8                EMIOS1_26_27_IRQHandler
                0x01002bc8                STM2_Ch2_IRQHandler
                0x01002bc8                LINFLEXD10_UART_TxIRQHandler
                0x01002bc8                EMIOS2_00_01_IRQHandler
                0x01002bc8                SAI2_Tx_IRQHandler
                0x01002bc8                IVOR2_Exception_Handler
                0x01002bc8                DSPI3_Send_IRQHandler
                0x01002bc8                ENET0_Tx_2_IRQHandler
                0x01002bc8                ENET1_Tx_IRQHandler
                0x01002bc8                LINFLEXD11_UART_TxIRQHandler
                0x01002bc8                EMIOS1_04_05_IRQHandler
                0x01002bc8                EMIOS0_04_05_IRQHandler
                0x01002bc8                STM1_Ch2_IRQHandler
                0x01002bc8                LINFLEXD6_UART_TxIRQHandler
                0x01002bc8                STM2_Ch1_IRQHandler
                0x01002bc8                LINFLEXD0_UART_ErrIRQHandler
                0x01002bc8                LINFLEXD14_UART_RxIRQHandler
                0x01002bc8                ENET1_Rx_2_IRQHandler
                0x01002bc8                DSPI2_FIFO_Error_IRQHandler
                0x01002bc8                LINFLEXD9_UART_ErrIRQHandler
                0x01002bc8                SAI0_Tx_IRQHandler
                0x01002bc8                EMIOS0_24_25_IRQHandler
                0x01002bc8                DSPI9_FIFO_Error_IRQHandler
                0x01002bc8                LINFLEXD0_UART_TxIRQHandler
                0x01002bc8                EMIOS2_26_27_IRQHandler
                0x01002bc8                LINFLEXD5_UART_RxIRQHandler
                0x01002bc8                LINFLEXD7_UART_RxIRQHandler
                0x01002bc8                SWT2_IRQHandler
                0x01002bc8                ENET0_Parser_IRQHandler
                0x01002bc8                ADC0_WD_IRQHandler
                0x01002bc8                EMIOS0_10_11_IRQHandler
                0x01002bc8                LINFLEXD14_UART_ErrIRQHandler
                0x01002bc8                EMIOS0_12_13_IRQHandler
                0x01002bc8                LINFLEXD14_UART_TxIRQHandler
                0x01002bc8                LINFLEXD9_UART_TxIRQHandler
                0x01002bc8                LINFLEXD16_UART_ErrIRQHandler
                0x01002bc8                EMIOS1_14_15_IRQHandler
                0x01002bc8                ENET1_Rx_IRQHandler
                0x01002bc8                IVOR15_Exception_Handler
                0x01002bc8                ENET0_Err_IRQHandler
                0x01002bc8                ENET1_Timer_IRQHandler
                0x01002bc8                DSPI0_Send_IRQHandler
                0x01002bc8                LINFLEXD17_UART_RxIRQHandler
                0x01002bc8                DSPI6_Receive_IRQHandler
                0x01002bc8                LINFLEXD10_UART_ErrIRQHandler
                0x01002bc8                CMP0_IRQHandler
                0x01002bc8                DSPI0_Receive_IRQHandler
                0x01002bc8                I2C_DRV_Module2IRQHandler
                0x01002bc8                SAI1_Tx_IRQHandler
                0x01002bc8                DSPI2_Send_IRQHandler
                0x01002bc8                EMIOS0_16_17_IRQHandler
                0x01002bc8                LINFLEXD11_UART_ErrIRQHandler
                0x01002bc8                BCTU_ListLast_IRQHandler
                0x01002bc8                ENET0_Rx_IRQHandler
                0x01002bc8                STM2_Ch0_IRQHandler
                0x01002bc8                ADC0_EOC_IRQHandler
                0x01002bc8                DSPI4_FIFO_Error_IRQHandler
                0x01002bc8                LINFLEXD12_UART_TxIRQHandler
                0x01002bc8                ADC1_ER_IRQHandler
                0x01002bc8                DSPI9_Receive_IRQHandler
                0x01002bc8                LINFLEXD15_UART_RxIRQHandler
                0x01002bc8                DSPI2_Receive_IRQHandler
                0x01002bc8                DSPI3_Receive_IRQHandler
                0x01002bc8                SAI0_Rx_IRQHandler
                0x01002bc8                EMIOS1_28_29_IRQHandler
                0x01002bc8                EMIOS1_30_31_IRQHandler
                0x01002bc8                LINFLEXD10_UART_RxIRQHandler
                0x01002bc8                LINFLEXD13_UART_RxIRQHandler
                0x01002bc8                EMIOS0_22_23_IRQHandler
                0x01002bc8                LINFLEXD1_UART_ErrIRQHandler
                0x01002bc8                EMIOS1_10_11_IRQHandler
                0x01002bc8                EMIOS2_28_29_IRQHandler
                0x01002bc8                ENET1_Tx_1_IRQHandler
                0x01002bc8                SIUL_EIRQ_00_07_IRQHandler
                0x01002bc8                LINFLEXD4_UART_TxIRQHandler
                0x01002bc8                LINFLEXD13_UART_ErrIRQHandler
                0x01002bc8                ADC0_ER_IRQHandler
                0x01002bc8                LINFLEXD8_UART_TxIRQHandler
                0x01002bc8                DSPI7_Receive_IRQHandler
                0x01002bc8                ENET0_Tx_1_IRQHandler
                0x01002bc8                ENET0_Rx_2_IRQHandler
                0x01002bc8                LINFLEXD11_UART_RxIRQHandler
                0x01002bc8                DSPI1_FIFO_Error_IRQHandler
                0x01002bc8                ENET1_Parser_IRQHandler
                0x01002bc8                EMIOS2_06_07_IRQHandler
                0x01002bc8                CMP2_IRQHandler
                0x01002bc8                EMIOS2_20_21_IRQHandler
                0x01002bc8                IVOR1_Exception_Handler
                0x01002bc8                LINFLEXD7_UART_TxIRQHandler
                0x01002bc8                STM1_Ch0_IRQHandler
                0x01002bc8                DSPI8_Receive_IRQHandler
                0x01002bc8                ENET0_Tx_IRQHandler
                0x01002bc8                USBHS_IRQHandler
                0x01002bc8                LINFLEXD16_UART_TxIRQHandler
                0x01002bc8                LINFLEXD2_UART_RxIRQHandler
                0x01002bc8                I2C_DRV_Module1IRQHandler
                0x01002bc8                DSPI7_FIFO_Error_IRQHandler
                0x01002bc8                SIUL_EIRQ_24_31_IRQHandler
                0x01002bc8                EMIOS1_06_07_IRQHandler
                0x01002bc8                WKPU_31_24_IRQHandler
                0x01002bc8                DSPI9_Send_IRQHandler
                0x01002bc8                IVOR8_Exception_Handler
                0x01002bc8                PIT_RTI_IRQHandler
                0x01002bc8                LINFLEXD12_UART_RxIRQHandler
                0x01002bc8                DSPI5_Receive_IRQHandler
                0x01002bc8                STM0_Ch0_IRQHandler
                0x01002bc8                IVOR3_Exception_Handler
                0x01002bc8                LINFLEXD12_UART_ErrIRQHandler
                0x01002bc8                EMIOS1_12_13_IRQHandler
                0x01002bc8                STM1_Ch1_IRQHandler
                0x01002bc8                LINFLEXD17_UART_TxIRQHandler
                0x01002bc8                EMIOS0_20_21_IRQHandler
                0x01002bc8                WKPU_15_08_IRQHandler
                0x01002bc8                EMIOS1_02_03_IRQHandler
                0x01002bc8                LINFLEXD4_UART_ErrIRQHandler
                0x01002bc8                STM0_Ch2_IRQHandler
                0x01002bc8                EMIOS0_00_01_IRQHandler
                0x01002bc8                LINFLEXD0_UART_RxIRQHandler
                0x01002bc8                RTC0_IRQHandler
                0x01002bc8                LINFLEXD15_UART_TxIRQHandler
                0x01002bc8                LINFLEXD15_UART_ErrIRQHandler
                0x01002bc8                LINFLEXD6_UART_RxIRQHandler
                0x01002bc8                DSPI8_FIFO_Error_IRQHandler
                0x01002bc8                STM0_Ch3_IRQHandler
                0x01002bc8                EMIOS0_18_19_IRQHandler
                0x01002bc8                LINFLEXD17_UART_ErrIRQHandler
                0x01002bc8                EMIOS2_18_19_IRQHandler
                0x01002bc8                LINFLEXD8_UART_RxIRQHandler
                0x01002bc8                I2C_DRV_Module0IRQHandler
                0x01002bc8                LINFLEXD7_UART_ErrIRQHandler
                0x01002bc8                DSPI3_FIFO_Error_IRQHandler
                0x01002bc8                I2C_DRV_Module3IRQHandler
                0x01002bc8                EMIOS1_24_25_IRQHandler
                0x01002bc8                EMIOS2_02_03_IRQHandler
                0x01002bc8                DSPI7_Send_IRQHandler
                0x01002bc8                STM1_Ch3_IRQHandler
                0x01002bc8                IVOR6_Exception_Handler
                0x01002bc8                LINFLEXD3_UART_RxIRQHandler
                0x01002bc8                LINFLEXD2_UART_ErrIRQHandler
                0x01002bc8                DSPI4_Receive_IRQHandler
                0x01002bc8                EMIOS0_26_27_IRQHandler
                0x01002bc8                EMIOS1_08_09_IRQHandler
                0x01002bc8                LINFLEXD5_UART_TxIRQHandler
                0x01002bc8                DSPI6_FIFO_Error_IRQHandler
                0x01002bc8                EMIOS0_08_09_IRQHandler
                0x01002bc8                DSPI1_Receive_IRQHandler
                0x01002bc8                ENET1_Tx_2_IRQHandler
                0x01002bc8                EMIOS2_14_15_IRQHandler
                0x01002bc8                EMIOS1_18_19_IRQHandler
                0x01002bc8                EMIOS1_22_23_IRQHandler
                0x01002bc8                EMIOS2_12_13_IRQHandler
                0x01002bc8                EMIOS2_10_11_IRQHandler
                0x01002bc8                SIUL_EIRQ_08_15_IRQHandler
                0x01002bc8                EMIOS2_24_25_IRQHandler
                0x01002bc8                LINFLEXD4_UART_RxIRQHandler
                0x01002bc8                ENET1_Err_IRQHandler
                0x01002bc8                LINFLEXD1_UART_TxIRQHandler
                0x01002bc8                SWT1_IRQHandler
                0x01002bc8                EMIOS1_16_17_IRQHandler
                0x01002bc8                API0_IRQHandler
                0x01002bc8                ENET1_Rx_1_IRQHandler
                0x01002bc8                FLASH_Done_IRQHandler
                0x01002bc8                LINFLEXD16_UART_RxIRQHandler
                0x01002bc8                DSPI8_Send_IRQHandler
                0x01002bc8                ENET0_Timer_IRQHandler
                0x01002bc8                ADC1_EOC_IRQHandler
                0x01002bc8                EMIOS0_02_03_IRQHandler
                0x01002bc8                EMIOS0_06_07_IRQHandler
                0x01002bc8                DefaultISR
                0x01002bc8                EMIOS0_28_29_IRQHandler
                0x01002bc8                uSDHC_DriverIRQHandler
                0x01002bc8                LINFLEXD9_UART_RxIRQHandler
                0x01002bc8                LINFLEXD3_UART_TxIRQHandler
                0x01002bc8                EMIOS2_04_05_IRQHandler
                0x01002bc8                HSM_DRV_IRQHandler
                0x01002bc8                IVOR0_Exception_Handler
                0x01002bc8                IVOR35_Exception_Handler
                0x01002bc8                EMIOS2_08_09_IRQHandler
                0x01002bc8                CMP1_IRQHandler
                0x01002bc8                EMIOS2_22_23_IRQHandler
                0x01002bc8                FCCU0_IRQ_Handler
                0x01002bc8                STM0_Ch1_IRQHandler
                0x01002bc8                LINFLEXD8_UART_ErrIRQHandler
                0x01002bc8                DSPI5_Send_IRQHandler
                0x01002bc8                WKPU_07_00_IRQHandler
                0x01002bc8                BCTU_ConvUpdate_IRQHandler
                0x01002bc8                LINFLEXD1_UART_RxIRQHandler
                0x01002bc8                SAI1_Rx_IRQHandler
                0x01002bc8                EMIOS2_30_31_IRQHandler
                0x01002bc8                EMIOS1_20_21_IRQHandler
                0x01002bc8                EMIOS2_16_17_IRQHandler
                0x01002bc8                EMIOS0_14_15_IRQHandler
                0x01002bcc                __interrupts_end__ = .
                0x00000c00                __RAM_VECTOR_TABLE_SIZE = 0xc00
                0x01002c00                __VECTOR_TABLE_COPY_END = (__VECTOR_TABLE + __RAM_VECTOR_TABLE_SIZE)

.text           0x01002bd0     0x9d20
 *(.text.startup)
 *(.text)
 .text          0x01002bd0      0x16c c:/nxp/s32ds_power_v2.1/s32ds/build_tools/powerpc-eabivle-4_9/bin/../lib/gcc/powerpc-eabivle/4.9.4/e200z4/fp/crtbegin.o
 *fill*         0x01002d3c        0x4 
 .text          0x01002d40      0x2f6 ./Project_Settings/Startup_Code/core0_intc_sw_handlers.o
                0x01002d80                IVOR0_Handler
                0x01002dae                IVOR1_Handler
                0x01002dfc                IVOR2_Handler
                0x01002e36                IVOR3_Handler
                0x01002e70                IVOR4_Handler
                0x01002eb8                IVOR5_Handler
                0x01002ef2                IVOR6_Handler
                0x01002f2c                IVOR8_Handler
                0x01002f66                IVOR15_Handler
                0x01002f94                IVOR33_Handler
                0x01002fce                IVOR34_Handler
                0x01003008                IVOR35_Handler
 *fill*         0x01003036        0x2 
 .text          0x01003038       0x4e c:/nxp/s32ds_power_v2.1/s32ds/build_tools/powerpc-eabivle-4_9/bin/../lib/gcc/powerpc-eabivle/4.9.4/e200z4/fp\libgcc.a(_fixunsdfdi.o)
                0x01003038                __fixunsdfdi
 *fill*         0x01003086        0x2 
 .text          0x01003088      0x328 c:/nxp/s32ds_power_v2.1/s32ds/build_tools/powerpc-eabivle-4_9/bin/../lib/gcc/powerpc-eabivle/4.9.4/e200z4/fp\libgcc.a(_udivdi3.o)
                0x01003088                __udivdi3
 .text          0x010033b0      0x2e2 c:/nxp/s32ds_power_v2.1/s32ds/build_tools/powerpc-eabivle-4_9/bin/../lib/gcc/powerpc-eabivle/4.9.4/e200z4/fp\libgcc.a(_umoddi3.o)
                0x010033b0                __umoddi3
 *fill*         0x01003692        0x2 
 .text          0x01003694      0x37e c:/nxp/s32ds_power_v2.1/s32ds/build_tools/powerpc-eabivle-4_9/bin/../lib/gcc/powerpc-eabivle/4.9.4/e200z4/fp\libgcc.a(_addsub_df.o)
                0x01003954                __adddf3
                0x010039b0                __subdf3
 *fill*         0x01003a12        0x2 
 .text          0x01003a14      0x26c c:/nxp/s32ds_power_v2.1/s32ds/build_tools/powerpc-eabivle-4_9/bin/../lib/gcc/powerpc-eabivle/4.9.4/e200z4/fp\libgcc.a(_mul_df.o)
                0x01003a14                __muldf3
 .text          0x01003c80       0x64 c:/nxp/s32ds_power_v2.1/s32ds/build_tools/powerpc-eabivle-4_9/bin/../lib/gcc/powerpc-eabivle/4.9.4/e200z4/fp\libgcc.a(_eq_df.o)
                0x01003c80                __eqdf2
 .text          0x01003ce4       0x64 c:/nxp/s32ds_power_v2.1/s32ds/build_tools/powerpc-eabivle-4_9/bin/../lib/gcc/powerpc-eabivle/4.9.4/e200z4/fp\libgcc.a(_ne_df.o)
                0x01003ce4                __nedf2
 .text          0x01003d48       0x64 c:/nxp/s32ds_power_v2.1/s32ds/build_tools/powerpc-eabivle-4_9/bin/../lib/gcc/powerpc-eabivle/4.9.4/e200z4/fp\libgcc.a(_lt_df.o)
                0x01003d48                __ltdf2
 .text          0x01003dac       0x70 c:/nxp/s32ds_power_v2.1/s32ds/build_tools/powerpc-eabivle-4_9/bin/../lib/gcc/powerpc-eabivle/4.9.4/e200z4/fp\libgcc.a(_usi_to_df.o)
                0x01003dac                __floatunsidf
 .text          0x01003e1c       0x4a c:/nxp/s32ds_power_v2.1/s32ds/build_tools/powerpc-eabivle-4_9/bin/../lib/gcc/powerpc-eabivle/4.9.4/e200z4/fp\libgcc.a(e200crtsavgpr.o)
                0x01003e1c                _savegpr_14
                0x01003e20                _savegpr_15
                0x01003e24                _savegpr_16
                0x01003e28                _savegpr_17
                0x01003e2c                _savegpr_18
                0x01003e30                _savegpr_19
                0x01003e34                _savegpr_20
                0x01003e38                _savegpr_21
                0x01003e3c                _savegpr_22
                0x01003e40                _savegpr_23
                0x01003e44                _savegpr_24
                0x01003e48                _savegpr_25
                0x01003e4c                _savegpr_26
                0x01003e50                _savegpr_27
                0x01003e54                _savegpr_28
                0x01003e58                _savegpr_29
                0x01003e5c                _savegpr_30
                0x01003e60                _savegpr_31
 .text          0x01003e66       0x52 c:/nxp/s32ds_power_v2.1/s32ds/build_tools/powerpc-eabivle-4_9/bin/../lib/gcc/powerpc-eabivle/4.9.4/e200z4/fp\libgcc.a(e200crtresxgpr.o)
                0x01003e66                _restgpr_14_x
                0x01003e6a                _restgpr_15_x
                0x01003e6e                _restgpr_16_x
                0x01003e72                _restgpr_17_x
                0x01003e76                _restgpr_18_x
                0x01003e7a                _restgpr_19_x
                0x01003e7e                _restgpr_20_x
                0x01003e82                _restgpr_21_x
                0x01003e86                _restgpr_22_x
                0x01003e8a                _restgpr_23_x
                0x01003e8e                _restgpr_24_x
                0x01003e92                _restgpr_25_x
                0x01003e96                _restgpr_26_x
                0x01003e9a                _restgpr_27_x
                0x01003e9e                _restgpr_28_x
                0x01003ea2                _restgpr_29_x
                0x01003ea6                _restgpr_30_x
                0x01003eaa                _restgpr_31_x
 .text          0x01003eb8       0x4a c:/nxp/s32ds_power_v2.1/s32ds/build_tools/powerpc-eabivle-4_9/bin/../lib/gcc/powerpc-eabivle/4.9.4/e200z4/fp\libgcc.a(eabivle.o)
                0x01003eb8                __eabi
 *fill*         0x01003f02        0x2 
 .text          0x01003f04       0x56 c:/nxp/s32ds_power_v2.1/s32ds/build_tools/powerpc-eabivle-4_9/bin/../lib/gcc/powerpc-eabivle/4.9.4/e200z4/fp\libgcc.a(_fixunsdfsi.o)
                0x01003f04                __fixunsdfsi
 *fill*         0x01003f5a        0x2 
 .text          0x01003f5c      0x1e6 c:/nxp/s32ds_power_v2.1/s32ds/build_tools/powerpc-eabivle-4_9/bin/../lib/gcc/powerpc-eabivle/4.9.4/e200z4/fp\libgcc.a(_pack_df.o)
                0x01003f5c                __pack_d
 *fill*         0x01004142        0x2 
 .text          0x01004144       0xb0 c:/nxp/s32ds_power_v2.1/s32ds/build_tools/powerpc-eabivle-4_9/bin/../lib/gcc/powerpc-eabivle/4.9.4/e200z4/fp\libgcc.a(_unpack_df.o)
                0x01004144                __unpack_d
 .text          0x010041f4       0xc6 c:/nxp/s32ds_power_v2.1/s32ds/build_tools/powerpc-eabivle-4_9/bin/../lib/gcc/powerpc-eabivle/4.9.4/e200z4/fp\libgcc.a(_fpcmp_parts_df.o)
                0x010041f4                __fpcmp_parts_d
 *fill*         0x010042ba        0x2 
 .text          0x010042bc       0x64 c:/nxp/s32ds_power_v2.1/s32ds/build_tools/powerpc-eabivle-4_9/bin/../lib/gcc/powerpc-eabivle/4.9.4/e200z4/fp\libgcc.a(_ge_df.o)
                0x010042bc                __gedf2
 .text          0x01004320       0xac c:/nxp/s32ds_power_v2.1/s32ds/build_tools/powerpc-eabivle-4_9/bin/../lib/gcc/powerpc-eabivle/4.9.4/e200z4/fp\libgcc.a(_df_to_si.o)
                0x01004320                __fixdfsi
 .text          0x010043cc       0x48 c:/nxp/s32ds_power_v2.1/s32ds/build_tools/powerpc-eabivle-4_9/bin/../lib/gcc/powerpc-eabivle/4.9.4/e200z4/fp/crtend.o
 *(.text.*)
 .text.SystemInit
                0x01004414       0x8e ./SDK/platform/devices/MPC5748G/startup/system_MPC5748G.o
                0x01004414                SystemInit
 *fill*         0x010044a2        0x2 
 .text.init_data_bss
                0x010044a4       0xb8 ./SDK/platform/devices/startup.o
                0x010044a4                init_data_bss
 .text.CLOCK_SYS_GetFircFreq
                0x0100455c       0x1e ./SDK/platform/drivers/src/clock/MPC57xx/clock_MPC57xx.o
 *fill*         0x0100457a        0x2 
 .text.CLOCK_SYS_GetFxoscFreq
                0x0100457c       0x1e ./SDK/platform/drivers/src/clock/MPC57xx/clock_MPC57xx.o
 *fill*         0x0100459a        0x2 
 .text.CLOCK_SYS_CalculateFrequenciesOfClockSources
                0x0100459c      0x136 ./SDK/platform/drivers/src/clock/MPC57xx/clock_MPC57xx.o
 *fill*         0x010046d2        0x2 
 .text.CLOCK_SYS_GetSystemClockFreq
                0x010046d4      0x1e6 ./SDK/platform/drivers/src/clock/MPC57xx/clock_MPC57xx.o
 *fill*         0x010048ba        0x2 
 .text.CLOCK_DRV_Init
                0x010048bc      0xb5a ./SDK/platform/drivers/src/clock/MPC57xx/clock_MPC57xx.o
                0x010048bc                CLOCK_DRV_Init
 *fill*         0x01005416        0x2 
 .text.CLOCK_DRV_GetFreq
                0x01005418      0x444 ./SDK/platform/drivers/src/clock/MPC57xx/clock_MPC57xx.o
                0x01005418                CLOCK_DRV_GetFreq
 .text.CLOCK_SYS_Init
                0x0100585c       0x4c ./SDK/platform/drivers/src/clock/MPC57xx/clock_MPC57xx.o
                0x0100585c                CLOCK_SYS_Init
 .text.CLOCK_SYS_UpdateConfiguration
                0x010058a8      0x186 ./SDK/platform/drivers/src/clock/MPC57xx/clock_MPC57xx.o
                0x010058a8                CLOCK_SYS_UpdateConfiguration
 *fill*         0x01005a2e        0x2 
 .text.CLOCK_SYS_GetFreq
                0x01005a30       0x14 ./SDK/platform/drivers/src/clock/MPC57xx/clock_MPC57xx.o
                0x01005a30                CLOCK_SYS_GetFreq
 .text.EDMA_DRV_InstallCallback
                0x01005a44       0x42 ./SDK/platform/drivers/src/edma/edma_driver.o
                0x01005a44                EDMA_DRV_InstallCallback
 *fill*         0x01005a86        0x2 
 .text.EDMA_DRV_IRQHandler
                0x01005a88       0x52 ./SDK/platform/drivers/src/edma/edma_driver.o
                0x01005a88                EDMA_DRV_IRQHandler
 *fill*         0x01005ada        0x2 
 .text.EDMA_DRV_ErrorIRQHandler
                0x01005adc       0x6c ./SDK/platform/drivers/src/edma/edma_driver.o
                0x01005adc                EDMA_DRV_ErrorIRQHandler
 .text.EDMA_DRV_ConfigSingleBlockTransfer
                0x01005b48      0x1c6 ./SDK/platform/drivers/src/edma/edma_driver.o
                0x01005b48                EDMA_DRV_ConfigSingleBlockTransfer
 *fill*         0x01005d0e        0x2 
 .text.EDMA_DRV_StartChannel
                0x01005d10       0x6c ./SDK/platform/drivers/src/edma/edma_driver.o
                0x01005d10                EDMA_DRV_StartChannel
 .text.EDMA_DRV_StopChannel
                0x01005d7c       0x6c ./SDK/platform/drivers/src/edma/edma_driver.o
                0x01005d7c                EDMA_DRV_StopChannel
 .text.EDMA_DRV_DisableRequestsOnTransferComplete
                0x01005de8       0x6a ./SDK/platform/drivers/src/edma/edma_driver.o
                0x01005de8                EDMA_DRV_DisableRequestsOnTransferComplete
 *fill*         0x01005e52        0x2 
 .text.EDMA_DRV_GetDmaRegBaseAddr
                0x01005e54       0x12 ./SDK/platform/drivers/src/edma/edma_driver.o
                0x01005e54                EDMA_DRV_GetDmaRegBaseAddr
 *fill*         0x01005e66        0x2 
 .text.EDMA_GetErrorIntStatusFlag
                0x01005e68        0xa ./SDK/platform/drivers/src/edma/edma_hw_access.o
                0x01005e68                EDMA_GetErrorIntStatusFlag
 *fill*         0x01005e72        0x2 
 .text.EDMA_ClearErrorIntStatusFlag
                0x01005e74       0x12 ./SDK/platform/drivers/src/edma/edma_hw_access.o
                0x01005e74                EDMA_ClearErrorIntStatusFlag
 *fill*         0x01005e86        0x2 
 .text.EDMA_SetDmaRequestCmd
                0x01005e88       0x12 ./SDK/platform/drivers/src/edma/edma_hw_access.o
                0x01005e88                EDMA_SetDmaRequestCmd
 *fill*         0x01005e9a        0x2 
 .text.EDMA_ClearDoneStatusFlag
                0x01005e9c       0x12 ./SDK/platform/drivers/src/edma/edma_hw_access.o
                0x01005e9c                EDMA_ClearDoneStatusFlag
 *fill*         0x01005eae        0x2 
 .text.EDMA_ClearIntStatusFlag
                0x01005eb0       0x12 ./SDK/platform/drivers/src/edma/edma_hw_access.o
                0x01005eb0                EDMA_ClearIntStatusFlag
 *fill*         0x01005ec2        0x2 
 .text.EDMA_SetMinorLoopMappingCmd
                0x01005ec4       0x14 ./SDK/platform/drivers/src/edma/edma_hw_access.o
                0x01005ec4                EDMA_SetMinorLoopMappingCmd
 .text.EDMA_TCDClearReg
                0x01005ed8       0x34 ./SDK/platform/drivers/src/edma/edma_hw_access.o
                0x01005ed8                EDMA_TCDClearReg
 .text.EDMA_TCDSetSrcAddr
                0x01005f0c       0x18 ./SDK/platform/drivers/src/edma/edma_hw_access.o
                0x01005f0c                EDMA_TCDSetSrcAddr
 .text.EDMA_TCDSetSrcOffset
                0x01005f24       0x1e ./SDK/platform/drivers/src/edma/edma_hw_access.o
                0x01005f24                EDMA_TCDSetSrcOffset
 *fill*         0x01005f42        0x2 
 .text.EDMA_TCDSetAttribute
                0x01005f44       0x30 ./SDK/platform/drivers/src/edma/edma_hw_access.o
                0x01005f44                EDMA_TCDSetAttribute
 .text.EDMA_TCDSetNbytes
                0x01005f74       0x54 ./SDK/platform/drivers/src/edma/edma_hw_access.o
                0x01005f74                EDMA_TCDSetNbytes
 .text.EDMA_TCDSetDestAddr
                0x01005fc8       0x18 ./SDK/platform/drivers/src/edma/edma_hw_access.o
                0x01005fc8                EDMA_TCDSetDestAddr
 .text.EDMA_TCDSetDestOffset
                0x01005fe0       0x1c ./SDK/platform/drivers/src/edma/edma_hw_access.o
                0x01005fe0                EDMA_TCDSetDestOffset
 .text.EDMA_TCDSetDisableDmaRequestAfterTCDDoneCmd
                0x01005ffc       0x34 ./SDK/platform/drivers/src/edma/edma_hw_access.o
                0x01005ffc                EDMA_TCDSetDisableDmaRequestAfterTCDDoneCmd
 .text.EDMA_TCDSetMajorCompleteIntCmd
                0x01006030       0x34 ./SDK/platform/drivers/src/edma/edma_hw_access.o
                0x01006030                EDMA_TCDSetMajorCompleteIntCmd
 .text.EDMA_TCDSetMajorCount
                0x01006064       0x72 ./SDK/platform/drivers/src/edma/edma_hw_access.o
                0x01006064                EDMA_TCDSetMajorCount
 *fill*         0x010060d6        0x2 
 .text.DMA0_Ch0_IRQHandler
                0x010060d8       0x16 ./SDK/platform/drivers/src/edma/edma_irq.o
                0x010060d8                DMA0_Ch0_IRQHandler
 *fill*         0x010060ee        0x2 
 .text.DMA0_Ch1_IRQHandler
                0x010060f0       0x16 ./SDK/platform/drivers/src/edma/edma_irq.o
                0x010060f0                DMA0_Ch1_IRQHandler
 *fill*         0x01006106        0x2 
 .text.DMA0_Ch2_IRQHandler
                0x01006108       0x16 ./SDK/platform/drivers/src/edma/edma_irq.o
                0x01006108                DMA0_Ch2_IRQHandler
 *fill*         0x0100611e        0x2 
 .text.DMA0_Ch3_IRQHandler
                0x01006120       0x16 ./SDK/platform/drivers/src/edma/edma_irq.o
                0x01006120                DMA0_Ch3_IRQHandler
 *fill*         0x01006136        0x2 
 .text.DMA0_Ch4_IRQHandler
                0x01006138       0x16 ./SDK/platform/drivers/src/edma/edma_irq.o
                0x01006138                DMA0_Ch4_IRQHandler
 *fill*         0x0100614e        0x2 
 .text.DMA0_Ch5_IRQHandler
                0x01006150       0x16 ./SDK/platform/drivers/src/edma/edma_irq.o
                0x01006150                DMA0_Ch5_IRQHandler
 *fill*         0x01006166        0x2 
 .text.DMA0_Ch6_IRQHandler
                0x01006168       0x16 ./SDK/platform/drivers/src/edma/edma_irq.o
                0x01006168                DMA0_Ch6_IRQHandler
 *fill*         0x0100617e        0x2 
 .text.DMA0_Ch7_IRQHandler
                0x01006180       0x16 ./SDK/platform/drivers/src/edma/edma_irq.o
                0x01006180                DMA0_Ch7_IRQHandler
 *fill*         0x01006196        0x2 
 .text.DMA0_Ch8_IRQHandler
                0x01006198       0x16 ./SDK/platform/drivers/src/edma/edma_irq.o
                0x01006198                DMA0_Ch8_IRQHandler
 *fill*         0x010061ae        0x2 
 .text.DMA0_Ch9_IRQHandler
                0x010061b0       0x16 ./SDK/platform/drivers/src/edma/edma_irq.o
                0x010061b0                DMA0_Ch9_IRQHandler
 *fill*         0x010061c6        0x2 
 .text.DMA0_Ch10_IRQHandler
                0x010061c8       0x16 ./SDK/platform/drivers/src/edma/edma_irq.o
                0x010061c8                DMA0_Ch10_IRQHandler
 *fill*         0x010061de        0x2 
 .text.DMA0_Ch11_IRQHandler
                0x010061e0       0x16 ./SDK/platform/drivers/src/edma/edma_irq.o
                0x010061e0                DMA0_Ch11_IRQHandler
 *fill*         0x010061f6        0x2 
 .text.DMA0_Ch12_IRQHandler
                0x010061f8       0x16 ./SDK/platform/drivers/src/edma/edma_irq.o
                0x010061f8                DMA0_Ch12_IRQHandler
 *fill*         0x0100620e        0x2 
 .text.DMA0_Ch13_IRQHandler
                0x01006210       0x16 ./SDK/platform/drivers/src/edma/edma_irq.o
                0x01006210                DMA0_Ch13_IRQHandler
 *fill*         0x01006226        0x2 
 .text.DMA0_Ch14_IRQHandler
                0x01006228       0x16 ./SDK/platform/drivers/src/edma/edma_irq.o
                0x01006228                DMA0_Ch14_IRQHandler
 *fill*         0x0100623e        0x2 
 .text.DMA0_Ch15_IRQHandler
                0x01006240       0x16 ./SDK/platform/drivers/src/edma/edma_irq.o
                0x01006240                DMA0_Ch15_IRQHandler
 *fill*         0x01006256        0x2 
 .text.DMA0_Ch16_IRQHandler
                0x01006258       0x16 ./SDK/platform/drivers/src/edma/edma_irq.o
                0x01006258                DMA0_Ch16_IRQHandler
 *fill*         0x0100626e        0x2 
 .text.DMA0_Ch17_IRQHandler
                0x01006270       0x16 ./SDK/platform/drivers/src/edma/edma_irq.o
                0x01006270                DMA0_Ch17_IRQHandler
 *fill*         0x01006286        0x2 
 .text.DMA0_Ch18_IRQHandler
                0x01006288       0x16 ./SDK/platform/drivers/src/edma/edma_irq.o
                0x01006288                DMA0_Ch18_IRQHandler
 *fill*         0x0100629e        0x2 
 .text.DMA0_Ch19_IRQHandler
                0x010062a0       0x16 ./SDK/platform/drivers/src/edma/edma_irq.o
                0x010062a0                DMA0_Ch19_IRQHandler
 *fill*         0x010062b6        0x2 
 .text.DMA0_Ch20_IRQHandler
                0x010062b8       0x16 ./SDK/platform/drivers/src/edma/edma_irq.o
                0x010062b8                DMA0_Ch20_IRQHandler
 *fill*         0x010062ce        0x2 
 .text.DMA0_Ch21_IRQHandler
                0x010062d0       0x16 ./SDK/platform/drivers/src/edma/edma_irq.o
                0x010062d0                DMA0_Ch21_IRQHandler
 *fill*         0x010062e6        0x2 
 .text.DMA0_Ch22_IRQHandler
                0x010062e8       0x16 ./SDK/platform/drivers/src/edma/edma_irq.o
                0x010062e8                DMA0_Ch22_IRQHandler
 *fill*         0x010062fe        0x2 
 .text.DMA0_Ch23_IRQHandler
                0x01006300       0x16 ./SDK/platform/drivers/src/edma/edma_irq.o
                0x01006300                DMA0_Ch23_IRQHandler
 *fill*         0x01006316        0x2 
 .text.DMA0_Ch24_IRQHandler
                0x01006318       0x16 ./SDK/platform/drivers/src/edma/edma_irq.o
                0x01006318                DMA0_Ch24_IRQHandler
 *fill*         0x0100632e        0x2 
 .text.DMA0_Ch25_IRQHandler
                0x01006330       0x16 ./SDK/platform/drivers/src/edma/edma_irq.o
                0x01006330                DMA0_Ch25_IRQHandler
 *fill*         0x01006346        0x2 
 .text.DMA0_Ch26_IRQHandler
                0x01006348       0x16 ./SDK/platform/drivers/src/edma/edma_irq.o
                0x01006348                DMA0_Ch26_IRQHandler
 *fill*         0x0100635e        0x2 
 .text.DMA0_Ch27_IRQHandler
                0x01006360       0x16 ./SDK/platform/drivers/src/edma/edma_irq.o
                0x01006360                DMA0_Ch27_IRQHandler
 *fill*         0x01006376        0x2 
 .text.DMA0_Ch28_IRQHandler
                0x01006378       0x16 ./SDK/platform/drivers/src/edma/edma_irq.o
                0x01006378                DMA0_Ch28_IRQHandler
 *fill*         0x0100638e        0x2 
 .text.DMA0_Ch29_IRQHandler
                0x01006390       0x16 ./SDK/platform/drivers/src/edma/edma_irq.o
                0x01006390                DMA0_Ch29_IRQHandler
 *fill*         0x010063a6        0x2 
 .text.DMA0_Ch30_IRQHandler
                0x010063a8       0x16 ./SDK/platform/drivers/src/edma/edma_irq.o
                0x010063a8                DMA0_Ch30_IRQHandler
 *fill*         0x010063be        0x2 
 .text.DMA0_Ch31_IRQHandler
                0x010063c0       0x16 ./SDK/platform/drivers/src/edma/edma_irq.o
                0x010063c0                DMA0_Ch31_IRQHandler
 *fill*         0x010063d6        0x2 
 .text.DMA0_Ch0_Ch31_Error_IRQHandler
                0x010063d8       0x42 ./SDK/platform/drivers/src/edma/edma_irq.o
                0x010063d8                DMA0_Ch0_Ch31_Error_IRQHandler
 .text.FLEXCAN_SetTimeSegments
                0x0100641a       0x4e ./SDK/platform/drivers/src/flexcan/flexcan_driver.o
 .text.FLEXCAN_SetExtendedTimeSegments
                0x01006468       0x56 ./SDK/platform/drivers/src/flexcan/flexcan_driver.o
 .text.FLEXCAN_SetFDTimeSegments
                0x010064be       0x5c ./SDK/platform/drivers/src/flexcan/flexcan_driver.o
 *fill*         0x0100651a        0x2 
 .text.FLEXCAN_GetMsgBuffIntStatusFlag
                0x0100651c       0x48 ./SDK/platform/drivers/src/flexcan/flexcan_driver.o
 .text.FLEXCAN_StartSendData
                0x01006564      0x102 ./SDK/platform/drivers/src/flexcan/flexcan_driver.o
 .text.FLEXCAN_StartRxMessageBufferData
                0x01006666       0xa4 ./SDK/platform/drivers/src/flexcan/flexcan_driver.o
 *fill*         0x0100670a        0x2 
 .text.FLEXCAN_CompleteRxMessageFifoData
                0x0100670c       0xea ./SDK/platform/drivers/src/flexcan/flexcan_driver.o
 *fill*         0x010067f6        0x2 
 .text.FLEXCAN_CompleteRxFifoDataDMA
                0x010067f8       0x4c ./SDK/platform/drivers/src/flexcan/flexcan_driver.o
 .text.FLEXCAN_CompleteTransfer
                0x01006844       0x64 ./SDK/platform/drivers/src/flexcan/flexcan_driver.o
 .text.FLEXCAN_StartRxMessageFifoData
                0x010068a8      0x134 ./SDK/platform/drivers/src/flexcan/flexcan_driver.o
 .text.FLEXCAN_DRV_Init
                0x010069dc      0x3d8 ./SDK/platform/drivers/src/flexcan/flexcan_driver.o
                0x010069dc                FLEXCAN_DRV_Init
 .text.FLEXCAN_DRV_ConfigTxMb
                0x01006db4       0x74 ./SDK/platform/drivers/src/flexcan/flexcan_driver.o
                0x01006db4                FLEXCAN_DRV_ConfigTxMb
 .text.FLEXCAN_DRV_Send
                0x01006e28       0x6a ./SDK/platform/drivers/src/flexcan/flexcan_driver.o
                0x01006e28                FLEXCAN_DRV_Send
 *fill*         0x01006e92        0x2 
 .text.FLEXCAN_DRV_ConfigRxMb
                0x01006e94       0xce ./SDK/platform/drivers/src/flexcan/flexcan_driver.o
                0x01006e94                FLEXCAN_DRV_ConfigRxMb
 *fill*         0x01006f62        0x2 
 .text.FLEXCAN_DRV_ConfigRxFifo
                0x01006f64       0x4e ./SDK/platform/drivers/src/flexcan/flexcan_driver.o
                0x01006f64                FLEXCAN_DRV_ConfigRxFifo
 *fill*         0x01006fb2        0x2 
 .text.FLEXCAN_DRV_Receive
                0x01006fb4       0x22 ./SDK/platform/drivers/src/flexcan/flexcan_driver.o
                0x01006fb4                FLEXCAN_DRV_Receive
 *fill*         0x01006fd6        0x2 
 .text.FLEXCAN_DRV_RxFifo
                0x01006fd8       0x22 ./SDK/platform/drivers/src/flexcan/flexcan_driver.o
                0x01006fd8                FLEXCAN_DRV_RxFifo
 *fill*         0x01006ffa        0x2 
 .text.FLEXCAN_IRQHandler
                0x01006ffc      0x2a6 ./SDK/platform/drivers/src/flexcan/flexcan_driver.o
                0x01006ffc                FLEXCAN_IRQHandler
 *fill*         0x010072a2        0x2 
 .text.FLEXCAN_Error_IRQHandler
                0x010072a4       0x52 ./SDK/platform/drivers/src/flexcan/flexcan_driver.o
                0x010072a4                FLEXCAN_Error_IRQHandler
 *fill*         0x010072f6        0x2 
 .text.FLEXCAN_WakeUpHandler
                0x010072f8       0x9c ./SDK/platform/drivers/src/flexcan/flexcan_driver.o
                0x010072f8                FLEXCAN_WakeUpHandler
 .text.FLEXCAN_DRV_GetTransferStatus
                0x01007394       0x3c ./SDK/platform/drivers/src/flexcan/flexcan_driver.o
                0x01007394                FLEXCAN_DRV_GetTransferStatus
 .text.FLEXCAN_ComputePayloadSize
                0x010073d0       0x4c ./SDK/platform/drivers/src/flexcan/flexcan_hw_access.o
 .text.FLEXCAN_GetMaxMbNum
                0x0100741c       0x30 ./SDK/platform/drivers/src/flexcan/flexcan_hw_access.o
                0x0100741c                FLEXCAN_GetMaxMbNum
 .text.FLEXCAN_Enable
                0x0100744c       0x24 ./SDK/platform/drivers/src/flexcan/flexcan_hw_access.o
                0x0100744c                FLEXCAN_Enable
 .text.FLEXCAN_Disable
                0x01007470       0x18 ./SDK/platform/drivers/src/flexcan/flexcan_hw_access.o
                0x01007470                FLEXCAN_Disable
 .text.FLEXCAN_Init
                0x01007488       0xbe ./SDK/platform/drivers/src/flexcan/flexcan_hw_access.o
                0x01007488                FLEXCAN_Init
 *fill*         0x01007546        0x2 
 .text.FLEXCAN_EnableRxFifo
                0x01007548       0x6c ./SDK/platform/drivers/src/flexcan/flexcan_hw_access.o
                0x01007548                FLEXCAN_EnableRxFifo
 .text.FLEXCAN_SetRxFifoFilter
                0x010075b4      0x238 ./SDK/platform/drivers/src/flexcan/flexcan_hw_access.o
                0x010075b4                FLEXCAN_SetRxFifoFilter
 .text.FLEXCAN_SetMsgBuffIntCmd
                0x010077ec       0xd0 ./SDK/platform/drivers/src/flexcan/flexcan_hw_access.o
                0x010077ec                FLEXCAN_SetMsgBuffIntCmd
 .text.FLEXCAN_ExitFreezeMode
                0x010078bc       0x16 ./SDK/platform/drivers/src/flexcan/flexcan_hw_access.o
                0x010078bc                FLEXCAN_ExitFreezeMode
 *fill*         0x010078d2        0x2 
 .text.FLEXCAN_EnterFreezeMode
                0x010078d4       0x3c ./SDK/platform/drivers/src/flexcan/flexcan_hw_access.o
                0x010078d4                FLEXCAN_EnterFreezeMode
 .text.FLEXCAN_ClearErrIntStatusFlag
                0x01007910       0x1e ./SDK/platform/drivers/src/flexcan/flexcan_hw_access.o
                0x01007910                FLEXCAN_ClearErrIntStatusFlag
 *fill*         0x0100792e        0x2 
 .text.FLEXCAN_ReadRxFifo
                0x01007930       0x8a ./SDK/platform/drivers/src/flexcan/flexcan_hw_access.o
                0x01007930                FLEXCAN_ReadRxFifo
 *fill*         0x010079ba        0x2 
 .text.FLEXCAN_SetOperationMode
                0x010079bc       0x70 ./SDK/platform/drivers/src/flexcan/flexcan_hw_access.o
                0x010079bc                FLEXCAN_SetOperationMode
 .text.FLEXCAN_SetPayloadSize
                0x01007a2c       0x4a ./SDK/platform/drivers/src/flexcan/flexcan_hw_access.o
                0x01007a2c                FLEXCAN_SetPayloadSize
 *fill*         0x01007a76        0x2 
 .text.FLEXCAN_GetPayloadSize
                0x01007a78       0x1e ./SDK/platform/drivers/src/flexcan/flexcan_hw_access.o
                0x01007a78                FLEXCAN_GetPayloadSize
 *fill*         0x01007a96        0x2 
 .text.FLEXCAN_GetMsgBuffRegion
                0x01007a98       0x50 ./SDK/platform/drivers/src/flexcan/flexcan_hw_access.o
                0x01007a98                FLEXCAN_GetMsgBuffRegion
 .text.FLEXCAN_SetRxMsgBuff
                0x01007ae8      0x100 ./SDK/platform/drivers/src/flexcan/flexcan_hw_access.o
                0x01007ae8                FLEXCAN_SetRxMsgBuff
 .text.FLEXCAN_LockRxMsgBuff
                0x01007be8       0x16 ./SDK/platform/drivers/src/flexcan/flexcan_hw_access.o
                0x01007be8                FLEXCAN_LockRxMsgBuff
 *fill*         0x01007bfe        0x2 
 .text.FLEXCAN_SetTxMsgBuff
                0x01007c00      0x1f0 ./SDK/platform/drivers/src/flexcan/flexcan_hw_access.o
                0x01007c00                FLEXCAN_SetTxMsgBuff
 .text.FLEXCAN_GetMsgBuff
                0x01007df0       0xc4 ./SDK/platform/drivers/src/flexcan/flexcan_hw_access.o
                0x01007df0                FLEXCAN_GetMsgBuff
 .text.FLEXCAN_SetMaxMsgBuffNum
                0x01007eb4       0xf0 ./SDK/platform/drivers/src/flexcan/flexcan_hw_access.o
                0x01007eb4                FLEXCAN_SetMaxMsgBuffNum
 .text.CAN0_ORed_IRQHandler
                0x01007fa4       0x16 ./SDK/platform/drivers/src/flexcan/flexcan_irq.o
                0x01007fa4                CAN0_ORed_IRQHandler
 *fill*         0x01007fba        0x2 
 .text.CAN0_Error_IRQHandler
                0x01007fbc       0x16 ./SDK/platform/drivers/src/flexcan/flexcan_irq.o
                0x01007fbc                CAN0_Error_IRQHandler
 *fill*         0x01007fd2        0x2 
 .text.CAN0_Wake_Up_IRQHandler
                0x01007fd4       0x16 ./SDK/platform/drivers/src/flexcan/flexcan_irq.o
                0x01007fd4                CAN0_Wake_Up_IRQHandler
 *fill*         0x01007fea        0x2 
 .text.CAN0_ORed_00_03_MB_IRQHandler
                0x01007fec       0x16 ./SDK/platform/drivers/src/flexcan/flexcan_irq.o
                0x01007fec                CAN0_ORed_00_03_MB_IRQHandler
 *fill*         0x01008002        0x2 
 .text.CAN0_ORed_04_07_MB_IRQHandler
                0x01008004       0x16 ./SDK/platform/drivers/src/flexcan/flexcan_irq.o
                0x01008004                CAN0_ORed_04_07_MB_IRQHandler
 *fill*         0x0100801a        0x2 
 .text.CAN0_ORed_08_11_MB_IRQHandler
                0x0100801c       0x16 ./SDK/platform/drivers/src/flexcan/flexcan_irq.o
                0x0100801c                CAN0_ORed_08_11_MB_IRQHandler
 *fill*         0x01008032        0x2 
 .text.CAN0_ORed_12_15_MB_IRQHandler
                0x01008034       0x16 ./SDK/platform/drivers/src/flexcan/flexcan_irq.o
                0x01008034                CAN0_ORed_12_15_MB_IRQHandler
 *fill*         0x0100804a        0x2 
 .text.CAN0_ORed_16_31_MB_IRQHandler
                0x0100804c       0x16 ./SDK/platform/drivers/src/flexcan/flexcan_irq.o
                0x0100804c                CAN0_ORed_16_31_MB_IRQHandler
 *fill*         0x01008062        0x2 
 .text.CAN0_ORed_32_63_MB_IRQHandler
                0x01008064       0x16 ./SDK/platform/drivers/src/flexcan/flexcan_irq.o
                0x01008064                CAN0_ORed_32_63_MB_IRQHandler
 *fill*         0x0100807a        0x2 
 .text.CAN0_ORed_64_95_MB_IRQHandler
                0x0100807c       0x16 ./SDK/platform/drivers/src/flexcan/flexcan_irq.o
                0x0100807c                CAN0_ORed_64_95_MB_IRQHandler
 *fill*         0x01008092        0x2 
 .text.CAN1_ORed_IRQHandler
                0x01008094       0x16 ./SDK/platform/drivers/src/flexcan/flexcan_irq.o
                0x01008094                CAN1_ORed_IRQHandler
 *fill*         0x010080aa        0x2 
 .text.CAN1_Error_IRQHandler
                0x010080ac       0x16 ./SDK/platform/drivers/src/flexcan/flexcan_irq.o
                0x010080ac                CAN1_Error_IRQHandler
 *fill*         0x010080c2        0x2 
 .text.CAN1_ORed_00_03_MB_IRQHandler
                0x010080c4       0x16 ./SDK/platform/drivers/src/flexcan/flexcan_irq.o
                0x010080c4                CAN1_ORed_00_03_MB_IRQHandler
 *fill*         0x010080da        0x2 
 .text.CAN1_ORed_04_07_MB_IRQHandler
                0x010080dc       0x16 ./SDK/platform/drivers/src/flexcan/flexcan_irq.o
                0x010080dc                CAN1_ORed_04_07_MB_IRQHandler
 *fill*         0x010080f2        0x2 
 .text.CAN1_ORed_08_11_MB_IRQHandler
                0x010080f4       0x16 ./SDK/platform/drivers/src/flexcan/flexcan_irq.o
                0x010080f4                CAN1_ORed_08_11_MB_IRQHandler
 *fill*         0x0100810a        0x2 
 .text.CAN1_ORed_12_15_MB_IRQHandler
                0x0100810c       0x16 ./SDK/platform/drivers/src/flexcan/flexcan_irq.o
                0x0100810c                CAN1_ORed_12_15_MB_IRQHandler
 *fill*         0x01008122        0x2 
 .text.CAN1_ORed_16_31_MB_IRQHandler
                0x01008124       0x16 ./SDK/platform/drivers/src/flexcan/flexcan_irq.o
                0x01008124                CAN1_ORed_16_31_MB_IRQHandler
 *fill*         0x0100813a        0x2 
 .text.CAN1_ORed_32_63_MB_IRQHandler
                0x0100813c       0x16 ./SDK/platform/drivers/src/flexcan/flexcan_irq.o
                0x0100813c                CAN1_ORed_32_63_MB_IRQHandler
 *fill*         0x01008152        0x2 
 .text.CAN1_ORed_64_95_MB_IRQHandler
                0x01008154       0x16 ./SDK/platform/drivers/src/flexcan/flexcan_irq.o
                0x01008154                CAN1_ORed_64_95_MB_IRQHandler
 *fill*         0x0100816a        0x2 
 .text.CAN2_ORed_IRQHandler
                0x0100816c       0x16 ./SDK/platform/drivers/src/flexcan/flexcan_irq.o
                0x0100816c                CAN2_ORed_IRQHandler
 *fill*         0x01008182        0x2 
 .text.CAN2_Error_IRQHandler
                0x01008184       0x16 ./SDK/platform/drivers/src/flexcan/flexcan_irq.o
                0x01008184                CAN2_Error_IRQHandler
 *fill*         0x0100819a        0x2 
 .text.CAN2_ORed_00_03_MB_IRQHandler
                0x0100819c       0x16 ./SDK/platform/drivers/src/flexcan/flexcan_irq.o
                0x0100819c                CAN2_ORed_00_03_MB_IRQHandler
 *fill*         0x010081b2        0x2 
 .text.CAN2_ORed_04_07_MB_IRQHandler
                0x010081b4       0x16 ./SDK/platform/drivers/src/flexcan/flexcan_irq.o
                0x010081b4                CAN2_ORed_04_07_MB_IRQHandler
 *fill*         0x010081ca        0x2 
 .text.CAN2_ORed_08_11_MB_IRQHandler
                0x010081cc       0x16 ./SDK/platform/drivers/src/flexcan/flexcan_irq.o
                0x010081cc                CAN2_ORed_08_11_MB_IRQHandler
 *fill*         0x010081e2        0x2 
 .text.CAN2_ORed_12_15_MB_IRQHandler
                0x010081e4       0x16 ./SDK/platform/drivers/src/flexcan/flexcan_irq.o
                0x010081e4                CAN2_ORed_12_15_MB_IRQHandler
 *fill*         0x010081fa        0x2 
 .text.CAN2_ORed_16_31_MB_IRQHandler
                0x010081fc       0x16 ./SDK/platform/drivers/src/flexcan/flexcan_irq.o
                0x010081fc                CAN2_ORed_16_31_MB_IRQHandler
 *fill*         0x01008212        0x2 
 .text.CAN2_ORed_32_63_MB_IRQHandler
                0x01008214       0x16 ./SDK/platform/drivers/src/flexcan/flexcan_irq.o
                0x01008214                CAN2_ORed_32_63_MB_IRQHandler
 *fill*         0x0100822a        0x2 
 .text.CAN2_ORed_64_95_MB_IRQHandler
                0x0100822c       0x16 ./SDK/platform/drivers/src/flexcan/flexcan_irq.o
                0x0100822c                CAN2_ORed_64_95_MB_IRQHandler
 *fill*         0x01008242        0x2 
 .text.CAN3_ORed_IRQHandler
                0x01008244       0x16 ./SDK/platform/drivers/src/flexcan/flexcan_irq.o
                0x01008244                CAN3_ORed_IRQHandler
 *fill*         0x0100825a        0x2 
 .text.CAN3_Error_IRQHandler
                0x0100825c       0x16 ./SDK/platform/drivers/src/flexcan/flexcan_irq.o
                0x0100825c                CAN3_Error_IRQHandler
 *fill*         0x01008272        0x2 
 .text.CAN3_ORed_00_03_MB_IRQHandler
                0x01008274       0x16 ./SDK/platform/drivers/src/flexcan/flexcan_irq.o
                0x01008274                CAN3_ORed_00_03_MB_IRQHandler
 *fill*         0x0100828a        0x2 
 .text.CAN3_ORed_04_07_MB_IRQHandler
                0x0100828c       0x16 ./SDK/platform/drivers/src/flexcan/flexcan_irq.o
                0x0100828c                CAN3_ORed_04_07_MB_IRQHandler
 *fill*         0x010082a2        0x2 
 .text.CAN3_ORed_08_11_MB_IRQHandler
                0x010082a4       0x16 ./SDK/platform/drivers/src/flexcan/flexcan_irq.o
                0x010082a4                CAN3_ORed_08_11_MB_IRQHandler
 *fill*         0x010082ba        0x2 
 .text.CAN3_ORed_12_15_MB_IRQHandler
                0x010082bc       0x16 ./SDK/platform/drivers/src/flexcan/flexcan_irq.o
                0x010082bc                CAN3_ORed_12_15_MB_IRQHandler
 *fill*         0x010082d2        0x2 
 .text.CAN3_ORed_16_31_MB_IRQHandler
                0x010082d4       0x16 ./SDK/platform/drivers/src/flexcan/flexcan_irq.o
                0x010082d4                CAN3_ORed_16_31_MB_IRQHandler
 *fill*         0x010082ea        0x2 
 .text.CAN3_ORed_32_63_MB_IRQHandler
                0x010082ec       0x16 ./SDK/platform/drivers/src/flexcan/flexcan_irq.o
                0x010082ec                CAN3_ORed_32_63_MB_IRQHandler
 *fill*         0x01008302        0x2 
 .text.CAN3_ORed_64_95_MB_IRQHandler
                0x01008304       0x16 ./SDK/platform/drivers/src/flexcan/flexcan_irq.o
                0x01008304                CAN3_ORed_64_95_MB_IRQHandler
 *fill*         0x0100831a        0x2 
 .text.CAN4_ORed_IRQHandler
                0x0100831c       0x16 ./SDK/platform/drivers/src/flexcan/flexcan_irq.o
                0x0100831c                CAN4_ORed_IRQHandler
 *fill*         0x01008332        0x2 
 .text.CAN4_Error_IRQHandler
                0x01008334       0x16 ./SDK/platform/drivers/src/flexcan/flexcan_irq.o
                0x01008334                CAN4_Error_IRQHandler
 *fill*         0x0100834a        0x2 
 .text.CAN4_ORed_00_03_MB_IRQHandler
                0x0100834c       0x16 ./SDK/platform/drivers/src/flexcan/flexcan_irq.o
                0x0100834c                CAN4_ORed_00_03_MB_IRQHandler
 *fill*         0x01008362        0x2 
 .text.CAN4_ORed_04_07_MB_IRQHandler
                0x01008364       0x16 ./SDK/platform/drivers/src/flexcan/flexcan_irq.o
                0x01008364                CAN4_ORed_04_07_MB_IRQHandler
 *fill*         0x0100837a        0x2 
 .text.CAN4_ORed_08_11_MB_IRQHandler
                0x0100837c       0x16 ./SDK/platform/drivers/src/flexcan/flexcan_irq.o
                0x0100837c                CAN4_ORed_08_11_MB_IRQHandler
 *fill*         0x01008392        0x2 
 .text.CAN4_ORed_12_15_MB_IRQHandler
                0x01008394       0x16 ./SDK/platform/drivers/src/flexcan/flexcan_irq.o
                0x01008394                CAN4_ORed_12_15_MB_IRQHandler
 *fill*         0x010083aa        0x2 
 .text.CAN4_ORed_16_31_MB_IRQHandler
                0x010083ac       0x16 ./SDK/platform/drivers/src/flexcan/flexcan_irq.o
                0x010083ac                CAN4_ORed_16_31_MB_IRQHandler
 *fill*         0x010083c2        0x2 
 .text.CAN4_ORed_32_63_MB_IRQHandler
                0x010083c4       0x16 ./SDK/platform/drivers/src/flexcan/flexcan_irq.o
                0x010083c4                CAN4_ORed_32_63_MB_IRQHandler
 *fill*         0x010083da        0x2 
 .text.CAN4_ORed_64_95_MB_IRQHandler
                0x010083dc       0x16 ./SDK/platform/drivers/src/flexcan/flexcan_irq.o
                0x010083dc                CAN4_ORed_64_95_MB_IRQHandler
 *fill*         0x010083f2        0x2 
 .text.CAN5_ORed_IRQHandler
                0x010083f4       0x16 ./SDK/platform/drivers/src/flexcan/flexcan_irq.o
                0x010083f4                CAN5_ORed_IRQHandler
 *fill*         0x0100840a        0x2 
 .text.CAN5_Error_IRQHandler
                0x0100840c       0x16 ./SDK/platform/drivers/src/flexcan/flexcan_irq.o
                0x0100840c                CAN5_Error_IRQHandler
 *fill*         0x01008422        0x2 
 .text.CAN5_ORed_00_03_MB_IRQHandler
                0x01008424       0x16 ./SDK/platform/drivers/src/flexcan/flexcan_irq.o
                0x01008424                CAN5_ORed_00_03_MB_IRQHandler
 *fill*         0x0100843a        0x2 
 .text.CAN5_ORed_04_07_MB_IRQHandler
                0x0100843c       0x16 ./SDK/platform/drivers/src/flexcan/flexcan_irq.o
                0x0100843c                CAN5_ORed_04_07_MB_IRQHandler
 *fill*         0x01008452        0x2 
 .text.CAN5_ORed_08_11_MB_IRQHandler
                0x01008454       0x16 ./SDK/platform/drivers/src/flexcan/flexcan_irq.o
                0x01008454                CAN5_ORed_08_11_MB_IRQHandler
 *fill*         0x0100846a        0x2 
 .text.CAN5_ORed_12_15_MB_IRQHandler
                0x0100846c       0x16 ./SDK/platform/drivers/src/flexcan/flexcan_irq.o
                0x0100846c                CAN5_ORed_12_15_MB_IRQHandler
 *fill*         0x01008482        0x2 
 .text.CAN5_ORed_16_31_MB_IRQHandler
                0x01008484       0x16 ./SDK/platform/drivers/src/flexcan/flexcan_irq.o
                0x01008484                CAN5_ORed_16_31_MB_IRQHandler
 *fill*         0x0100849a        0x2 
 .text.CAN5_ORed_32_63_MB_IRQHandler
                0x0100849c       0x16 ./SDK/platform/drivers/src/flexcan/flexcan_irq.o
                0x0100849c                CAN5_ORed_32_63_MB_IRQHandler
 *fill*         0x010084b2        0x2 
 .text.CAN5_ORed_64_95_MB_IRQHandler
                0x010084b4       0x16 ./SDK/platform/drivers/src/flexcan/flexcan_irq.o
                0x010084b4                CAN5_ORed_64_95_MB_IRQHandler
 *fill*         0x010084ca        0x2 
 .text.CAN6_ORed_IRQHandler
                0x010084cc       0x16 ./SDK/platform/drivers/src/flexcan/flexcan_irq.o
                0x010084cc                CAN6_ORed_IRQHandler
 *fill*         0x010084e2        0x2 
 .text.CAN6_Error_IRQHandler
                0x010084e4       0x16 ./SDK/platform/drivers/src/flexcan/flexcan_irq.o
                0x010084e4                CAN6_Error_IRQHandler
 *fill*         0x010084fa        0x2 
 .text.CAN6_ORed_00_03_MB_IRQHandler
                0x010084fc       0x16 ./SDK/platform/drivers/src/flexcan/flexcan_irq.o
                0x010084fc                CAN6_ORed_00_03_MB_IRQHandler
 *fill*         0x01008512        0x2 
 .text.CAN6_ORed_04_07_MB_IRQHandler
                0x01008514       0x16 ./SDK/platform/drivers/src/flexcan/flexcan_irq.o
                0x01008514                CAN6_ORed_04_07_MB_IRQHandler
 *fill*         0x0100852a        0x2 
 .text.CAN6_ORed_08_11_MB_IRQHandler
                0x0100852c       0x16 ./SDK/platform/drivers/src/flexcan/flexcan_irq.o
                0x0100852c                CAN6_ORed_08_11_MB_IRQHandler
 *fill*         0x01008542        0x2 
 .text.CAN6_ORed_12_15_MB_IRQHandler
                0x01008544       0x16 ./SDK/platform/drivers/src/flexcan/flexcan_irq.o
                0x01008544                CAN6_ORed_12_15_MB_IRQHandler
 *fill*         0x0100855a        0x2 
 .text.CAN6_ORed_16_31_MB_IRQHandler
                0x0100855c       0x16 ./SDK/platform/drivers/src/flexcan/flexcan_irq.o
                0x0100855c                CAN6_ORed_16_31_MB_IRQHandler
 *fill*         0x01008572        0x2 
 .text.CAN6_ORed_32_63_MB_IRQHandler
                0x01008574       0x16 ./SDK/platform/drivers/src/flexcan/flexcan_irq.o
                0x01008574                CAN6_ORed_32_63_MB_IRQHandler
 *fill*         0x0100858a        0x2 
 .text.CAN6_ORed_64_95_MB_IRQHandler
                0x0100858c       0x16 ./SDK/platform/drivers/src/flexcan/flexcan_irq.o
                0x0100858c                CAN6_ORed_64_95_MB_IRQHandler
 *fill*         0x010085a2        0x2 
 .text.CAN7_ORed_IRQHandler
                0x010085a4       0x16 ./SDK/platform/drivers/src/flexcan/flexcan_irq.o
                0x010085a4                CAN7_ORed_IRQHandler
 *fill*         0x010085ba        0x2 
 .text.CAN7_Error_IRQHandler
                0x010085bc       0x16 ./SDK/platform/drivers/src/flexcan/flexcan_irq.o
                0x010085bc                CAN7_Error_IRQHandler
 *fill*         0x010085d2        0x2 
 .text.CAN7_ORed_00_03_MB_IRQHandler
                0x010085d4       0x16 ./SDK/platform/drivers/src/flexcan/flexcan_irq.o
                0x010085d4                CAN7_ORed_00_03_MB_IRQHandler
 *fill*         0x010085ea        0x2 
 .text.CAN7_ORed_04_07_MB_IRQHandler
                0x010085ec       0x16 ./SDK/platform/drivers/src/flexcan/flexcan_irq.o
                0x010085ec                CAN7_ORed_04_07_MB_IRQHandler
 *fill*         0x01008602        0x2 
 .text.CAN7_ORed_08_11_MB_IRQHandler
                0x01008604       0x16 ./SDK/platform/drivers/src/flexcan/flexcan_irq.o
                0x01008604                CAN7_ORed_08_11_MB_IRQHandler
 *fill*         0x0100861a        0x2 
 .text.CAN7_ORed_12_15_MB_IRQHandler
                0x0100861c       0x16 ./SDK/platform/drivers/src/flexcan/flexcan_irq.o
                0x0100861c                CAN7_ORed_12_15_MB_IRQHandler
 *fill*         0x01008632        0x2 
 .text.CAN7_ORed_16_31_MB_IRQHandler
                0x01008634       0x16 ./SDK/platform/drivers/src/flexcan/flexcan_irq.o
                0x01008634                CAN7_ORed_16_31_MB_IRQHandler
 *fill*         0x0100864a        0x2 
 .text.CAN7_ORed_32_63_MB_IRQHandler
                0x0100864c       0x16 ./SDK/platform/drivers/src/flexcan/flexcan_irq.o
                0x0100864c                CAN7_ORed_32_63_MB_IRQHandler
 *fill*         0x01008662        0x2 
 .text.CAN7_ORed_64_95_MB_IRQHandler
                0x01008664       0x16 ./SDK/platform/drivers/src/flexcan/flexcan_irq.o
                0x01008664                CAN7_ORed_64_95_MB_IRQHandler
 *fill*         0x0100867a        0x2 
 .text.INT_SYS_InstallHandler
                0x0100867c       0x62 ./SDK/platform/drivers/src/interrupt/interrupt_manager_MPC57xx.o
                0x0100867c                INT_SYS_InstallHandler
 *fill*         0x010086de        0x2 
 .text.INT_SYS_EnableIRQ
                0x010086e0       0x4c ./SDK/platform/drivers/src/interrupt/interrupt_manager_MPC57xx.o
                0x010086e0                INT_SYS_EnableIRQ
 .text.INT_SYS_DisableIRQ
                0x0100872c       0x4a ./SDK/platform/drivers/src/interrupt/interrupt_manager_MPC57xx.o
                0x0100872c                INT_SYS_DisableIRQ
 *fill*         0x01008776        0x2 
 .text.INT_SYS_EnableIRQGlobal
                0x01008778       0x26 ./SDK/platform/drivers/src/interrupt/interrupt_manager_MPC57xx.o
                0x01008778                INT_SYS_EnableIRQGlobal
 *fill*         0x0100879e        0x2 
 .text.INT_SYS_DisableIRQGlobal
                0x010087a0       0x10 ./SDK/platform/drivers/src/interrupt/interrupt_manager_MPC57xx.o
                0x010087a0                INT_SYS_DisableIRQGlobal
 .text.PINS_DRV_Init
                0x010087b0       0x38 ./SDK/platform/drivers/src/pins/siul2/pins_siul2_driver.o
                0x010087b0                PINS_DRV_Init
 .text.PINS_DRV_ClearPins
                0x010087e8       0x5a ./SDK/platform/drivers/src/pins/siul2/pins_siul2_driver.o
                0x010087e8                PINS_DRV_ClearPins
 *fill*         0x01008842        0x2 
 .text.PINS_DRV_TogglePins
                0x01008844       0x5a ./SDK/platform/drivers/src/pins/siul2/pins_siul2_driver.o
                0x01008844                PINS_DRV_TogglePins
 *fill*         0x0100889e        0x2 
 .text.PINS_DRV_ClearPinExIntFlag
                0x010088a0       0x18 ./SDK/platform/drivers/src/pins/siul2/pins_siul2_driver.o
                0x010088a0                PINS_DRV_ClearPinExIntFlag
 .text.PINS_DRV_GetPinExIntFlag
                0x010088b8       0x1a ./SDK/platform/drivers/src/pins/siul2/pins_siul2_driver.o
                0x010088b8                PINS_DRV_GetPinExIntFlag
 *fill*         0x010088d2        0x2 
 .text.PINS_DRV_ClearExIntFlag
                0x010088d4        0xa ./SDK/platform/drivers/src/pins/siul2/pins_siul2_driver.o
                0x010088d4                PINS_DRV_ClearExIntFlag
 *fill*         0x010088de        0x2 
 .text.PINS_Init
                0x010088e0      0x1a6 ./SDK/platform/drivers/src/pins/siul2/siul2_hw_access.o
                0x010088e0                PINS_Init
 *fill*         0x01008a86        0x2 
 .text.PIT_DRV_Init
                0x01008a88       0xb8 ./SDK/platform/drivers/src/pit/pit_driver.o
                0x01008a88                PIT_DRV_Init
 .text.PIT_DRV_StartChannel
                0x01008b40       0x66 ./SDK/platform/drivers/src/pit/pit_driver.o
                0x01008b40                PIT_DRV_StartChannel
 *fill*         0x01008ba6        0x2 
 .text.PIT_DRV_StopChannel
                0x01008ba8       0x44 ./SDK/platform/drivers/src/pit/pit_driver.o
                0x01008ba8                PIT_DRV_StopChannel
 .text.PIT_DRV_SetTimerPeriodByCount
                0x01008bec       0x38 ./SDK/platform/drivers/src/pit/pit_driver.o
                0x01008bec                PIT_DRV_SetTimerPeriodByCount
 .text.PIT_DRV_SetTimerPeriodByUs
                0x01008c24      0x11c ./SDK/platform/drivers/src/pit/pit_driver.o
                0x01008c24                PIT_DRV_SetTimerPeriodByUs
 .text.PIT_DRV_EnableChannelInterrupt
                0x01008d40       0x44 ./SDK/platform/drivers/src/pit/pit_driver.o
                0x01008d40                PIT_DRV_EnableChannelInterrupt
 .text.PIT_DRV_DisableChannelInterrupt
                0x01008d84       0x44 ./SDK/platform/drivers/src/pit/pit_driver.o
                0x01008d84                PIT_DRV_DisableChannelInterrupt
 .text.PIT_DRV_InitChannel
                0x01008dc8      0x15a ./SDK/platform/drivers/src/pit/pit_driver.o
                0x01008dc8                PIT_DRV_InitChannel
 *fill*         0x01008f22        0x2 
 .text.PIT_DRV_ClearStatusFlags
                0x01008f24       0x3e ./SDK/platform/drivers/src/pit/pit_driver.o
                0x01008f24                PIT_DRV_ClearStatusFlags
 *fill*         0x01008f62        0x2 
 .text.CAN_FindFlexCANState
                0x01008f64       0x1c ./SDK/platform/pal/src/can/can_pal.o
 .text.CAN_Init
                0x01008f80      0x16c ./SDK/platform/pal/src/can/can_pal.o
                0x01008f80                CAN_Init
 .text.CAN_ConfigTxBuff
                0x010090ec      0x118 ./SDK/platform/pal/src/can/can_pal.o
                0x010090ec                CAN_ConfigTxBuff
 .text.CAN_ConfigRxBuff
                0x01009204      0x122 ./SDK/platform/pal/src/can/can_pal.o
                0x01009204                CAN_ConfigRxBuff
 *fill*         0x01009326        0x2 
 .text.CAN_Send
                0x01009328      0x11e ./SDK/platform/pal/src/can/can_pal.o
                0x01009328                CAN_Send
 *fill*         0x01009446        0x2 
 .text.CAN_Receive
                0x01009448       0xc6 ./SDK/platform/pal/src/can/can_pal.o
                0x01009448                CAN_Receive
 *fill*         0x0100950e        0x2 
 .text.CAN_GetTransferStatus
                0x01009510       0x98 ./SDK/platform/pal/src/can/can_pal.o
                0x01009510                CAN_GetTransferStatus
 .text.PIT_Ch0_IRQHandler
                0x010095a8       0x18 ./SDK/platform/pal/src/timing/timing_irq.o
                0x010095a8                PIT_Ch0_IRQHandler
 .text.PIT_Ch1_IRQHandler
                0x010095c0       0x18 ./SDK/platform/pal/src/timing/timing_irq.o
                0x010095c0                PIT_Ch1_IRQHandler
 .text.PIT_Ch2_IRQHandler
                0x010095d8       0x18 ./SDK/platform/pal/src/timing/timing_irq.o
                0x010095d8                PIT_Ch2_IRQHandler
 .text.PIT_Ch3_IRQHandler
                0x010095f0       0x18 ./SDK/platform/pal/src/timing/timing_irq.o
                0x010095f0                PIT_Ch3_IRQHandler
 .text.PIT_Ch4_IRQHandler
                0x01009608       0x18 ./SDK/platform/pal/src/timing/timing_irq.o
                0x01009608                PIT_Ch4_IRQHandler
 .text.PIT_Ch5_IRQHandler
                0x01009620       0x18 ./SDK/platform/pal/src/timing/timing_irq.o
                0x01009620                PIT_Ch5_IRQHandler
 .text.PIT_Ch6_IRQHandler
                0x01009638       0x18 ./SDK/platform/pal/src/timing/timing_irq.o
                0x01009638                PIT_Ch6_IRQHandler
 .text.PIT_Ch7_IRQHandler
                0x01009650       0x18 ./SDK/platform/pal/src/timing/timing_irq.o
                0x01009650                PIT_Ch7_IRQHandler
 .text.PIT_Ch8_IRQHandler
                0x01009668       0x18 ./SDK/platform/pal/src/timing/timing_irq.o
                0x01009668                PIT_Ch8_IRQHandler
 .text.PIT_Ch9_IRQHandler
                0x01009680       0x18 ./SDK/platform/pal/src/timing/timing_irq.o
                0x01009680                PIT_Ch9_IRQHandler
 .text.PIT_Ch10_IRQHandler
                0x01009698       0x18 ./SDK/platform/pal/src/timing/timing_irq.o
                0x01009698                PIT_Ch10_IRQHandler
 .text.PIT_Ch11_IRQHandler
                0x010096b0       0x18 ./SDK/platform/pal/src/timing/timing_irq.o
                0x010096b0                PIT_Ch11_IRQHandler
 .text.PIT_Ch12_IRQHandler
                0x010096c8       0x18 ./SDK/platform/pal/src/timing/timing_irq.o
                0x010096c8                PIT_Ch12_IRQHandler
 .text.PIT_Ch13_IRQHandler
                0x010096e0       0x18 ./SDK/platform/pal/src/timing/timing_irq.o
                0x010096e0                PIT_Ch13_IRQHandler
 .text.PIT_Ch14_IRQHandler
                0x010096f8       0x18 ./SDK/platform/pal/src/timing/timing_irq.o
                0x010096f8                PIT_Ch14_IRQHandler
 .text.PIT_Ch15_IRQHandler
                0x01009710       0x18 ./SDK/platform/pal/src/timing/timing_irq.o
                0x01009710                PIT_Ch15_IRQHandler
 .text.TIMING_InitChannelState
                0x01009728       0x3c ./SDK/platform/pal/src/timing/timing_pal.o
 .text.TIMING_Init
                0x01009764      0x158 ./SDK/platform/pal/src/timing/timing_pal.o
                0x01009764                TIMING_Init
 .text.TIMING_StartChannel
                0x010098bc       0xae ./SDK/platform/pal/src/timing/timing_pal.o
                0x010098bc                TIMING_StartChannel
 *fill*         0x0100996a        0x2 
 .text.TIMING_GetResolution
                0x0100996c      0x140 ./SDK/platform/pal/src/timing/timing_pal.o
                0x0100996c                TIMING_GetResolution
 .text.TIMING_Pit_IrqHandler
                0x01009aac       0x9e ./SDK/platform/pal/src/timing/timing_pal.o
                0x01009aac                TIMING_Pit_IrqHandler
 *fill*         0x01009b4a        0x2 
 .text.OSIF_SemaPost
                0x01009b4c       0x54 ./SDK/rtos/osif/osif_baremetal.o
                0x01009b4c                OSIF_SemaPost
 .text.OSIF_SemaCreate
                0x01009ba0       0x42 ./SDK/rtos/osif/osif_baremetal.o
                0x01009ba0                OSIF_SemaCreate
 *fill*         0x01009be2        0x2 
 .text.OSIF_SemaDestroy
                0x01009be4       0x1e ./SDK/rtos/osif/osif_baremetal.o
                0x01009be4                OSIF_SemaDestroy
 *fill*         0x01009c02        0x2 
 .text.buttonISR
                0x01009c04       0xa6 ./Sources/main.o
                0x01009c04                buttonISR
 *fill*         0x01009caa        0x2 
 .text.BoardInit
                0x01009cac       0x3e ./Sources/main.o
                0x01009cac                BoardInit
 *fill*         0x01009cea        0x2 
 .text.GPIOInit
                0x01009cec       0x5e ./Sources/main.o
                0x01009cec                GPIOInit
 *fill*         0x01009d4a        0x2 
 .text.sendCan  0x01009d4c       0xa2 ./Sources/main.o
                0x01009d4c                sendCan
 *fill*         0x01009dee        0x2 
 .text.clock_callback
                0x01009df0       0x34 ./Sources/main.o
                0x01009df0                clock_callback
 .text.main     0x01009e24       0xd6 ./Sources/main.o
                0x01009e24                main
 *fill*         0x01009efa        0x2 
 .text.CanIf_Transmit
                0x01009efc       0x34 ./src/CanIf.o
                0x01009efc                CanIf_Transmit
 .text.send_result
                0x01009f30       0x14 ./src/CanIf.o
                0x01009f30                send_result
 .text.send_message
                0x01009f44       0x2c ./src/Com.o
                0x01009f44                send_message
 .text.Com_TxConfirmation
                0x01009f70        0x2 ./src/Com.o
                0x01009f70                Com_TxConfirmation
 *fill*         0x01009f72        0x2 
 .text.Com_RxIndication
                0x01009f74       0x42 ./src/Com.o
                0x01009f74                Com_RxIndication
 *fill*         0x01009fb6        0x2 
 .text.PduR_CanIfTxConfirmation
                0x01009fb8       0x14 ./src/PduR_CanIf.o
                0x01009fb8                PduR_CanIfTxConfirmation
 .text.PduR_CanIfRxIndication
                0x01009fcc       0x14 ./src/PduR_CanIf.o
                0x01009fcc                PduR_CanIfRxIndication
 .text.PduR_ComTransmit
                0x01009fe0       0x14 ./src/PduR_Com.o
                0x01009fe0                PduR_ComTransmit
 .text.PduR_SecOCTransmit
                0x01009ff4       0x14 ./src/PduR_SecOC.o
                0x01009ff4                PduR_SecOCTransmit
 .text.PduR_SecOCIfTxConfirmation
                0x0100a008       0x14 ./src/PduR_SecOC.o
                0x0100a008                PduR_SecOCIfTxConfirmation
 .text.PduR_SecOCIfRxIndication
                0x0100a01c       0x14 ./src/PduR_SecOC.o
                0x0100a01c                PduR_SecOCIfRxIndication
 .text.init     0x0100a030        0x8 ./src/SecOC.o
                0x0100a030                init
 .text.is_legal
                0x0100a038       0x1a ./src/SecOC.o
                0x0100a038                is_legal
 *fill*         0x0100a052        0x2 
 .text.SecOC_IfTransmit
                0x0100a054       0x40 ./src/SecOC.o
                0x0100a054                SecOC_IfTransmit
 .text.SecOC_MainFunctionTx
                0x0100a094       0x68 ./src/SecOC.o
                0x0100a094                SecOC_MainFunctionTx
 .text.SecOC_TxConfirmation
                0x0100a0fc       0x4e ./src/SecOC.o
                0x0100a0fc                SecOC_TxConfirmation
 *fill*         0x0100a14a        0x2 
 .text.SecOC_RxIndication
                0x0100a14c       0xd8 ./src/SecOC.o
                0x0100a14c                SecOC_RxIndication
 .text.SecOC_MainFunctionRx
                0x0100a224       0x68 ./src/SecOC.o
                0x0100a224                SecOC_MainFunctionRx
 .text.printf   0x0100a28c       0x72 C:/NXP/S32DS_Power_v2.1/S32DS/build_tools/e200_ewl2/lib/e200z4/fp\libc99.a(printf.o)
                0x0100a28c                printf
 .text.memcpy   0x0100a2fe       0x3c C:/NXP/S32DS_Power_v2.1/S32DS/build_tools/e200_ewl2/lib/e200z4/fp\libc99.a(memcpy.o)
                0x0100a2fe                memcpy
 .text.memset   0x0100a33a       0x1a C:/NXP/S32DS_Power_v2.1/S32DS/build_tools/e200_ewl2/lib/e200z4/fp\libc99.a(memset.o)
                0x0100a33a                memset
 .text.fwide    0x0100a354       0x4a C:/NXP/S32DS_Power_v2.1/S32DS/build_tools/e200_ewl2/lib/e200z4/fp\libc99.a(fwide.o)
                0x0100a354                fwide
 .text.long2str.isra.0
                0x0100a39e      0x22c C:/NXP/S32DS_Power_v2.1/S32DS/build_tools/e200_ewl2/lib/e200z4/fp\libc99.a(__printformat.o)
 .text.longlong2str.isra.1
                0x0100a5ca      0x28a C:/NXP/S32DS_Power_v2.1/S32DS/build_tools/e200_ewl2/lib/e200z4/fp\libc99.a(__printformat.o)
 .text.double2hex.isra.2
                0x0100a854      0x28c C:/NXP/S32DS_Power_v2.1/S32DS/build_tools/e200_ewl2/lib/e200z4/fp\libc99.a(__printformat.o)
 .text.isupper  0x0100aae0       0x22 C:/NXP/S32DS_Power_v2.1/S32DS/build_tools/e200_ewl2/lib/e200z4/fp\libc99.a(__printformat.o)
                0x0100aae0                isupper
 .text.__ewl_count_bits64
                0x0100ab02        0x4 C:/NXP/S32DS_Power_v2.1/S32DS/build_tools/e200_ewl2/lib/e200z4/fp\libc99.a(__printformat.o)
                0x0100ab02                __ewl_count_bits64
 .text.__ewl_count_trailing_zero64
                0x0100ab06       0x1c C:/NXP/S32DS_Power_v2.1/S32DS/build_tools/e200_ewl2/lib/e200z4/fp\libc99.a(__printformat.o)
                0x0100ab06                __ewl_count_trailing_zero64
 .text.__round_decimal
                0x0100ab22       0xfa C:/NXP/S32DS_Power_v2.1/S32DS/build_tools/e200_ewl2/lib/e200z4/fp\libc99.a(__printformat.o)
                0x0100ab22                __round_decimal
 .text.__pformatter
                0x0100ac1c      0xed4 C:/NXP/S32DS_Power_v2.1/S32DS/build_tools/e200_ewl2/lib/e200z4/fp\libc99.a(__printformat.o)
                0x0100ac1c                __pformatter
 .text.__ewl_runtime_constraint_violation_s
                0x0100baf0       0x14 C:/NXP/S32DS_Power_v2.1/S32DS/build_tools/e200_ewl2/lib/e200z4/fp\libc99.a(secure_error.o)
                0x0100baf0                __ewl_runtime_constraint_violation_s
 .text.__fwrite
                0x0100bb04      0x1b0 C:/NXP/S32DS_Power_v2.1/S32DS/build_tools/e200_ewl2/lib/e200z4/fp\libc99.a(fwrite.o)
                0x0100bb04                __fwrite
 .text.__FileWrite
                0x0100bcb4       0x2a C:/NXP/S32DS_Power_v2.1/S32DS/build_tools/e200_ewl2/lib/e200z4/fp\libc99.a(fwrite.o)
                0x0100bcb4                __FileWrite
 .text.wcstombs
                0x0100bcde       0x64 C:/NXP/S32DS_Power_v2.1/S32DS/build_tools/e200_ewl2/lib/e200z4/fp\libc99.a(wcstombs.o)
                0x0100bcde                wcstombs
 .text.__wctomb_noconv
                0x0100bd42       0x1a C:/NXP/S32DS_Power_v2.1/S32DS/build_tools/e200_ewl2/lib/e200z4/fp\libc99.a(wctomb.o)
                0x0100bd42                __wctomb_noconv
 .text.wctomb   0x0100bd5c        0x4 C:/NXP/S32DS_Power_v2.1/S32DS/build_tools/e200_ewl2/lib/e200z4/fp\libc99.a(wctomb.o)
                0x0100bd5c                wctomb
 .text.__fill_mem
                0x0100bd60       0xa0 C:/NXP/S32DS_Power_v2.1/S32DS/build_tools/e200_ewl2/lib/e200z4/fp\libc99.a(__filll_mem.o)
                0x0100bd60                __fill_mem
 .text.memchr   0x0100be00       0x20 C:/NXP/S32DS_Power_v2.1/S32DS/build_tools/e200_ewl2/lib/e200z4/fp\libc99.a(memchr.o)
                0x0100be00                memchr
 .text.__memrchr
                0x0100be20       0x1e C:/NXP/S32DS_Power_v2.1/S32DS/build_tools/e200_ewl2/lib/e200z4/fp\libc99.a(__memrchr.o)
                0x0100be20                __memrchr
 .text.strchr   0x0100be3e       0x22 C:/NXP/S32DS_Power_v2.1/S32DS/build_tools/e200_ewl2/lib/e200z4/fp\libc99.a(strchr.o)
                0x0100be3e                strchr
 .text.strcpy   0x0100be60       0x14 C:/NXP/S32DS_Power_v2.1/S32DS/build_tools/e200_ewl2/lib/e200z4/fp\libc99.a(strcpy.o)
                0x0100be60                strcpy
 .text.strlen   0x0100be74       0x12 C:/NXP/S32DS_Power_v2.1/S32DS/build_tools/e200_ewl2/lib/e200z4/fp\libc99.a(strlen.o)
                0x0100be74                strlen
 .text.strncpy  0x0100be86       0x4c C:/NXP/S32DS_Power_v2.1/S32DS/build_tools/e200_ewl2/lib/e200z4/fp\libc99.a(strncpy.o)
                0x0100be86                strncpy
 .text.__prep_buffer
                0x0100bed2       0x16 C:/NXP/S32DS_Power_v2.1/S32DS/build_tools/e200_ewl2/lib/e200z4/fp\libc99.a(__buffer_io.o)
                0x0100bed2                __prep_buffer
 .text.__flush_buffer
                0x0100bee8       0x54 C:/NXP/S32DS_Power_v2.1/S32DS/build_tools/e200_ewl2/lib/e200z4/fp\libc99.a(__buffer_io.o)
                0x0100bee8                __flush_buffer
 .text.__dorounddecup
                0x0100bf3c       0x34 C:/NXP/S32DS_Power_v2.1/S32DS/build_tools/e200_ewl2/lib/e200z4/fp\libm.a(ansi_fp.o)
 .text.__timesdec
                0x0100bf70      0x154 C:/NXP/S32DS_Power_v2.1/S32DS/build_tools/e200_ewl2/lib/e200z4/fp\libm.a(ansi_fp.o)
 .text.__str2dec
                0x0100c0c4       0x62 C:/NXP/S32DS_Power_v2.1/S32DS/build_tools/e200_ewl2/lib/e200z4/fp\libm.a(ansi_fp.o)
 .text.__two_exp
                0x0100c126      0x246 C:/NXP/S32DS_Power_v2.1/S32DS/build_tools/e200_ewl2/lib/e200z4/fp\libm.a(ansi_fp.o)
 .text.__num2dec_internal
                0x0100c36c      0x15a C:/NXP/S32DS_Power_v2.1/S32DS/build_tools/e200_ewl2/lib/e200z4/fp\libm.a(ansi_fp.o)
 .text.__num2dec
                0x0100c4c6       0xf8 C:/NXP/S32DS_Power_v2.1/S32DS/build_tools/e200_ewl2/lib/e200z4/fp\libm.a(ansi_fp.o)
                0x0100c4c6                __num2dec
 .text.__ewl_generic_count_bits64
                0x0100c5be       0xb4 C:/NXP/S32DS_Power_v2.1/S32DS/build_tools/e200_ewl2/lib/e200z4/fp\libm.a(math_api.o)
                0x0100c5be                __ewl_generic_count_bits64
 .text.__signbitd
                0x0100c672        0x4 C:/NXP/S32DS_Power_v2.1/S32DS/build_tools/e200_ewl2/lib/e200z4/fp\libm.a(math_api.o)
                0x0100c672                __signbitd
 .text.__fpclassifyd
                0x0100c676       0x42 C:/NXP/S32DS_Power_v2.1/S32DS/build_tools/e200_ewl2/lib/e200z4/fp\libm.a(math_api.o)
                0x0100c676                __fpclassifyd
 .text.frexp    0x0100c6b8       0x78 C:/NXP/S32DS_Power_v2.1/S32DS/build_tools/e200_ewl2/lib/e200z4/fp\libm.a(s_frexp.o)
                0x0100c6b8                frexp
 .text.ldexp    0x0100c730      0x178 C:/NXP/S32DS_Power_v2.1/S32DS/build_tools/e200_ewl2/lib/e200z4/fp\libm.a(s_ldexp.o)
                0x0100c730                ldexp
 *(.init)
 .init          0x0100c8a8        0xc c:/nxp/s32ds_power_v2.1/s32ds/build_tools/powerpc-eabivle-4_9/bin/../lib/gcc/powerpc-eabivle/4.9.4/e200z4/fp/ecrti.o
                0x0100c8a8                __init
 .init          0x0100c8b4        0x4 c:/nxp/s32ds_power_v2.1/s32ds/build_tools/powerpc-eabivle-4_9/bin/../lib/gcc/powerpc-eabivle/4.9.4/e200z4/fp/crtbegin.o
 .init          0x0100c8b8        0x4 c:/nxp/s32ds_power_v2.1/s32ds/build_tools/powerpc-eabivle-4_9/bin/../lib/gcc/powerpc-eabivle/4.9.4/e200z4/fp/crtend.o
 .init          0x0100c8bc        0xa c:/nxp/s32ds_power_v2.1/s32ds/build_tools/powerpc-eabivle-4_9/bin/../lib/gcc/powerpc-eabivle/4.9.4/e200z4/fp/ecrtn.o
 *(.fini)
 *fill*         0x0100c8c6        0x2 
 .fini          0x0100c8c8        0xc c:/nxp/s32ds_power_v2.1/s32ds/build_tools/powerpc-eabivle-4_9/bin/../lib/gcc/powerpc-eabivle/4.9.4/e200z4/fp/ecrti.o
                0x0100c8c8                __fini
 .fini          0x0100c8d4        0x4 c:/nxp/s32ds_power_v2.1/s32ds/build_tools/powerpc-eabivle-4_9/bin/../lib/gcc/powerpc-eabivle/4.9.4/e200z4/fp/crtbegin.o
 .fini          0x0100c8d8        0xa c:/nxp/s32ds_power_v2.1/s32ds/build_tools/powerpc-eabivle-4_9/bin/../lib/gcc/powerpc-eabivle/4.9.4/e200z4/fp/ecrtn.o
                0x0100c8f0                . = ALIGN (0x10)
 *fill*         0x0100c8e2        0xe 

.glink          0x0100c8f0        0x0
 .glink         0x0100c8f0        0x0 c:/nxp/s32ds_power_v2.1/s32ds/build_tools/powerpc-eabivle-4_9/bin/../lib/gcc/powerpc-eabivle/4.9.4/e200z4/fp/crtbegin.o

.sdata2         0x0100c8f0       0x10
                0x0100c8f0                . = ALIGN (0x4)
                0x0100c8f0                __sdata2_start__ = .
 *(.sdata2)
 .sdata2        0x0100c8f0        0x0 c:/nxp/s32ds_power_v2.1/s32ds/build_tools/powerpc-eabivle-4_9/bin/../lib/gcc/powerpc-eabivle/4.9.4/e200z4/fp/ecrti.o
                0x0100c8f0                __SDATA2_START__
 .sdata2        0x0100c8f0        0x0 c:/nxp/s32ds_power_v2.1/s32ds/build_tools/powerpc-eabivle-4_9/bin/../lib/gcc/powerpc-eabivle/4.9.4/e200z4/fp/crtbegin.o
                0x010148f0                _SDA2_BASE_
 *(.sdata2.*)
 .sdata2.can_pal1_instance
                0x0100c8f0        0x8 ./Generated_Code/can_pal1.o
                0x0100c8f0                can_pal1_instance
 .sdata2.timing_pal1_instance
                0x0100c8f8        0x8 ./Generated_Code/timing_pal1.o
                0x0100c8f8                timing_pal1_instance
                0x0100c900                . = ALIGN (0x4)
                0x0100c900                __sdata2_end__ = .

.got2           0x0100c900       0x1c
 *(.got2*)
 .got2          0x0100c900       0x1c c:/nxp/s32ds_power_v2.1/s32ds/build_tools/powerpc-eabivle-4_9/bin/../lib/gcc/powerpc-eabivle/4.9.4/e200z4/fp\libgcc.a(eabivle.o)

.preinit_array  0x0100c91c        0x0
                0x0100c91c                PROVIDE (__preinit_array_start, .)
 *(.preinit_array)
                0x0100c91c                PROVIDE (__preinit_array_end, .)

.init_array     0x0100c91c        0x0
                0x0100c91c                PROVIDE (__init_array_start, .)
 *(SORT(.init_array.*))
 *(.init_array)
                0x0100c91c                PROVIDE (__init_array_end, .)

.dtors          0x0100c91c        0x8
 *crtbegin.o(.dtors)
 .dtors         0x0100c91c        0x4 c:/nxp/s32ds_power_v2.1/s32ds/build_tools/powerpc-eabivle-4_9/bin/../lib/gcc/powerpc-eabivle/4.9.4/e200z4/fp/crtbegin.o
 *crtbegin?.o(.dtors)
 *(EXCLUDE_FILE(*crtend?.o *crtend.o) .dtors)
 .dtors         0x0100c920        0x0 c:/nxp/s32ds_power_v2.1/s32ds/build_tools/powerpc-eabivle-4_9/bin/../lib/gcc/powerpc-eabivle/4.9.4/e200z4/fp/ecrti.o
                0x0100c920                __DTOR_LIST__
 .dtors         0x0100c920        0x0 c:/nxp/s32ds_power_v2.1/s32ds/build_tools/powerpc-eabivle-4_9/bin/../lib/gcc/powerpc-eabivle/4.9.4/e200z4/fp/ecrtn.o
 *(SORT(.dtors.*))
 *(.dtors)
 .dtors         0x0100c920        0x4 c:/nxp/s32ds_power_v2.1/s32ds/build_tools/powerpc-eabivle-4_9/bin/../lib/gcc/powerpc-eabivle/4.9.4/e200z4/fp/crtend.o
                0x0100c920                __DTOR_END__

.ctors          0x0100c924        0x8
 *crtbegin.o(.ctors)
 .ctors         0x0100c924        0x4 c:/nxp/s32ds_power_v2.1/s32ds/build_tools/powerpc-eabivle-4_9/bin/../lib/gcc/powerpc-eabivle/4.9.4/e200z4/fp/crtbegin.o
 *crtbegin?.o(.ctors)
 *(EXCLUDE_FILE(*crtend?.o *crtend.o) .ctors)
 .ctors         0x0100c928        0x0 c:/nxp/s32ds_power_v2.1/s32ds/build_tools/powerpc-eabivle-4_9/bin/../lib/gcc/powerpc-eabivle/4.9.4/e200z4/fp/ecrti.o
                0x0100c928                __CTOR_LIST__
 .ctors         0x0100c928        0x0 c:/nxp/s32ds_power_v2.1/s32ds/build_tools/powerpc-eabivle-4_9/bin/../lib/gcc/powerpc-eabivle/4.9.4/e200z4/fp/ecrtn.o
                0x0100c928                __CTOR_END__
 *(SORT(.ctors.*))
 *(.ctors)
 .ctors         0x0100c928        0x4 c:/nxp/s32ds_power_v2.1/s32ds/build_tools/powerpc-eabivle-4_9/bin/../lib/gcc/powerpc-eabivle/4.9.4/e200z4/fp/crtend.o

.fini_array     0x0100c92c        0x0
                0x0100c92c                PROVIDE (__fini_array_start, .)
 *(SORT(.fini_array.*))
 *(.fini_array)
                0x0100c92c                PROVIDE (__fini_array_end, .)

.rodata         0x0100c930      0xc23
 *(.rodata)
 .rodata        0x0100c930       0x10 ./SDK/platform/drivers/src/flexcan/flexcan_driver.o
 .rodata        0x0100c940       0x44 ./SDK/platform/drivers/src/pit/pit_driver.o
 *fill*         0x0100c984        0x4 
 .rodata        0x0100c988       0x18 c:/nxp/s32ds_power_v2.1/s32ds/build_tools/powerpc-eabivle-4_9/bin/../lib/gcc/powerpc-eabivle/4.9.4/e200z4/fp\libgcc.a(_thenan_df.o)
                0x0100c988                __thenan_df
 *(.rodata.*)
 .rodata.can_pal1_Config0
                0x0100c9a0       0x44 ./Generated_Code/can_pal1.o
                0x0100c9a0                can_pal1_Config0
 .rodata.s_vectors
                0x0100c9e4        0xc ./SDK/platform/devices/startup.o
 .rodata.CLOCK_DRV_Init
                0x0100c9f0      0x100 ./SDK/platform/drivers/src/clock/MPC57xx/clock_MPC57xx.o
 .rodata.CLOCK_DRV_GetFreq
                0x0100caf0       0x6c ./SDK/platform/drivers/src/clock/MPC57xx/clock_MPC57xx.o
 .rodata.interfaceClocks
                0x0100cb5c      0x214 ./SDK/platform/drivers/src/clock/MPC57xx/clock_MPC57xx.o
 .rodata.monitoredClocks
                0x0100cd70      0x214 ./SDK/platform/drivers/src/clock/MPC57xx/clock_MPC57xx.o
 .rodata.clockNameMappings
                0x0100cf84      0x10a ./SDK/platform/drivers/src/clock/MPC57xx/clock_MPC57xx.o
                0x0100cf84                clockNameMappings
 *fill*         0x0100d08e        0x2 
 .rodata.EDMA_DRV_ConfigSingleBlockTransfer
                0x0100d090       0x10 ./SDK/platform/drivers/src/edma/edma_driver.o
 .rodata.g_flexcanBusOffIrqId
                0x0100d0a0       0x20 ./SDK/platform/drivers/src/flexcan/flexcan_driver.o
 .rodata.g_flexcanErrorIrqId
                0x0100d0c0       0x20 ./SDK/platform/drivers/src/flexcan/flexcan_driver.o
 .rodata.g_flexcanOredMessageBufferIrqId
                0x0100d0e0       0xe0 ./SDK/platform/drivers/src/flexcan/flexcan_driver.o
 .rodata.g_flexcanBase
                0x0100d1c0       0x20 ./SDK/platform/drivers/src/flexcan/flexcan_driver.o
 .rodata.g_flexcanWakeUpIrqId
                0x0100d1e0       0x20 ./SDK/platform/drivers/src/flexcan/flexcan_driver.o
 .rodata.FLEXCAN_ComputePayloadSize
                0x0100d200       0x1c ./SDK/platform/drivers/src/flexcan/flexcan_hw_access.o
 .rodata.FLEXCAN_SetRxFifoFilter
                0x0100d21c       0x10 ./SDK/platform/drivers/src/flexcan/flexcan_hw_access.o
 .rodata.FLEXCAN_SetOperationMode
                0x0100d22c       0x14 ./SDK/platform/drivers/src/flexcan/flexcan_hw_access.o
 .rodata.flexcanBase.5515
                0x0100d240       0x20 ./SDK/platform/drivers/src/flexcan/flexcan_hw_access.o
 .rodata.maxMbNum.5516
                0x0100d260       0x20 ./SDK/platform/drivers/src/flexcan/flexcan_hw_access.o
 .rodata.payload_code.5496
                0x0100d280       0x41 ./SDK/platform/drivers/src/flexcan/flexcan_hw_access.o
 *fill*         0x0100d2c1        0x3 
 .rodata.s_pitIrq
                0x0100d2c4       0x44 ./SDK/platform/pal/src/timing/timing_pal.o
 .rodata.str1.4
                0x0100d308        0x4 ./src/Com.o
 .rodata.str1.4
                0x0100d30c       0x38 ./src/SecOC.o
                                 0x36 (size before relaxing)
 .rodata.__pformatter
                0x0100d344       0x24 C:/NXP/S32DS_Power_v2.1/S32DS/build_tools/e200_ewl2/lib/e200z4/fp\libc99.a(__printformat.o)
 .rodata.cst4   0x0100d368       0x10 C:/NXP/S32DS_Power_v2.1/S32DS/build_tools/e200_ewl2/lib/e200z4/fp\libc99.a(__printformat.o)
 .rodata.str1.1
                0x0100d378       0x14 C:/NXP/S32DS_Power_v2.1/S32DS/build_tools/e200_ewl2/lib/e200z4/fp\libc99.a(__printformat.o)
                                 0x25 (size before relaxing)
 .rodata.str4.4