Archive member included to satisfy reference by file (symbol)

C:/NXP/S32DS_Power_v2.1/S32DS/build_tools/e200_ewl2/lib/e200z4/fp\libc99.a(printf.o)
                              ./src/SecOC.o (printf)
C:/NXP/S32DS_Power_v2.1/S32DS/build_tools/e200_ewl2/lib/e200z4/fp\libc99.a(memcpy.o)
                              ./SDK/platform/drivers/src/pit/pit_driver.o (memcpy)
C:/NXP/S32DS_Power_v2.1/S32DS/build_tools/e200_ewl2/lib/e200z4/fp\libc99.a(memset.o)
                              ./Sources/main.o (memset)
C:/NXP/S32DS_Power_v2.1/S32DS/build_tools/e200_ewl2/lib/e200z4/fp\libc99.a(fgetwc.o)
                              C:/NXP/S32DS_Power_v2.1/S32DS/build_tools/e200_ewl2/lib/e200z4/fp\libc99.a(printf.o) (getwc)
C:/NXP/S32DS_Power_v2.1/S32DS/build_tools/e200_ewl2/lib/e200z4/fp\libc99.a(fwide.o)
                              C:/NXP/S32DS_Power_v2.1/S32DS/build_tools/e200_ewl2/lib/e200z4/fp\libc99.a(printf.o) (fwide)
C:/NXP/S32DS_Power_v2.1/S32DS/build_tools/e200_ewl2/lib/e200z4/fp\libc99.a(__printformat.o)
                              C:/NXP/S32DS_Power_v2.1/S32DS/build_tools/e200_ewl2/lib/e200z4/fp\libc99.a(printf.o) (__pformatter)
C:/NXP/S32DS_Power_v2.1/S32DS/build_tools/e200_ewl2/lib/e200z4/fp\libc99.a(ctype.o)
                              C:/NXP/S32DS_Power_v2.1/S32DS/build_tools/e200_ewl2/lib/e200z4/fp\libc99.a(__printformat.o) (__upper_mapC)
C:/NXP/S32DS_Power_v2.1/S32DS/build_tools/e200_ewl2/lib/e200z4/fp\libc99.a(secure_error.o)
                              C:/NXP/S32DS_Power_v2.1/S32DS/build_tools/e200_ewl2/lib/e200z4/fp\libc99.a(__printformat.o) (__ewl_runtime_constraint_violation_s)
C:/NXP/S32DS_Power_v2.1/S32DS/build_tools/e200_ewl2/lib/e200z4/fp\libc99.a(ansi_files.o)
                              C:/NXP/S32DS_Power_v2.1/S32DS/build_tools/e200_ewl2/lib/e200z4/fp\libc99.a(printf.o) (__files)
C:/NXP/S32DS_Power_v2.1/S32DS/build_tools/e200_ewl2/lib/e200z4/fp\libc99.a(fflush.o)
                              C:/NXP/S32DS_Power_v2.1/S32DS/build_tools/e200_ewl2/lib/e200z4/fp\libc99.a(ansi_files.o) (fflush)
C:/NXP/S32DS_Power_v2.1/S32DS/build_tools/e200_ewl2/lib/e200z4/fp\libc99.a(fread.o)
                              C:/NXP/S32DS_Power_v2.1/S32DS/build_tools/e200_ewl2/lib/e200z4/fp\libc99.a(fgetwc.o) (__fread)
C:/NXP/S32DS_Power_v2.1/S32DS/build_tools/e200_ewl2/lib/e200z4/fp\libc99.a(fwrite.o)
                              C:/NXP/S32DS_Power_v2.1/S32DS/build_tools/e200_ewl2/lib/e200z4/fp\libc99.a(printf.o) (__FileWrite)
C:/NXP/S32DS_Power_v2.1/S32DS/build_tools/e200_ewl2/lib/e200z4/fp\libc99.a(abort.o)
                              C:/NXP/S32DS_Power_v2.1/S32DS/build_tools/e200_ewl2/lib/e200z4/fp\libc99.a(secure_error.o) (abort)
C:/NXP/S32DS_Power_v2.1/S32DS/build_tools/e200_ewl2/lib/e200z4/fp\libc99.a(exit.o)
                              C:/NXP/S32DS_Power_v2.1/S32DS/build_tools/e200_ewl2/lib/e200z4/fp\libc99.a(abort.o) (__console_exit)
C:/NXP/S32DS_Power_v2.1/S32DS/build_tools/e200_ewl2/lib/e200z4/fp\libc99.a(mbtowc.o)
                              C:/NXP/S32DS_Power_v2.1/S32DS/build_tools/e200_ewl2/lib/e200z4/fp\libc99.a(fgetwc.o) (mbtowc)
C:/NXP/S32DS_Power_v2.1/S32DS/build_tools/e200_ewl2/lib/e200z4/fp\libc99.a(wcstombs.o)
                              C:/NXP/S32DS_Power_v2.1/S32DS/build_tools/e200_ewl2/lib/e200z4/fp\libc99.a(__printformat.o) (wcstombs)
C:/NXP/S32DS_Power_v2.1/S32DS/build_tools/e200_ewl2/lib/e200z4/fp\libc99.a(wctomb.o)
                              C:/NXP/S32DS_Power_v2.1/S32DS/build_tools/e200_ewl2/lib/e200z4/fp\libc99.a(wcstombs.o) (wctomb)
C:/NXP/S32DS_Power_v2.1/S32DS/build_tools/e200_ewl2/lib/e200z4/fp\libc99.a(__filll_mem.o)
                              C:/NXP/S32DS_Power_v2.1/S32DS/build_tools/e200_ewl2/lib/e200z4/fp\libc99.a(memset.o) (__fill_mem)
C:/NXP/S32DS_Power_v2.1/S32DS/build_tools/e200_ewl2/lib/e200z4/fp\libc99.a(memchr.o)
                              C:/NXP/S32DS_Power_v2.1/S32DS/build_tools/e200_ewl2/lib/e200z4/fp\libc99.a(__printformat.o) (memchr)
C:/NXP/S32DS_Power_v2.1/S32DS/build_tools/e200_ewl2/lib/e200z4/fp\libc99.a(__memrchr.o)
                              C:/NXP/S32DS_Power_v2.1/S32DS/build_tools/e200_ewl2/lib/e200z4/fp\libc99.a(fwrite.o) (__memrchr)
C:/NXP/S32DS_Power_v2.1/S32DS/build_tools/e200_ewl2/lib/e200z4/fp\libc99.a(strchr.o)
                              C:/NXP/S32DS_Power_v2.1/S32DS/build_tools/e200_ewl2/lib/e200z4/fp\libc99.a(__printformat.o) (strchr)
C:/NXP/S32DS_Power_v2.1/S32DS/build_tools/e200_ewl2/lib/e200z4/fp\libc99.a(strcpy.o)
                              C:/NXP/S32DS_Power_v2.1/S32DS/build_tools/e200_ewl2/lib/e200z4/fp\libc99.a(__printformat.o) (strcpy)
C:/NXP/S32DS_Power_v2.1/S32DS/build_tools/e200_ewl2/lib/e200z4/fp\libc99.a(strlen.o)
                              C:/NXP/S32DS_Power_v2.1/S32DS/build_tools/e200_ewl2/lib/e200z4/fp\libc99.a(__printformat.o) (strlen)
C:/NXP/S32DS_Power_v2.1/S32DS/build_tools/e200_ewl2/lib/e200z4/fp\libc99.a(strncpy.o)
[...]
Memory Configuration

Name             Origin             Length             Attributes
flash_rchw       0x00fa0000         0x00000004
cpu0_reset_vec   0x00fa0010         0x00000004
cpu1_reset_vec   0x00fa0014         0x00000004
cpu2_reset_vec   0x00fa0004         0x00000004
m_text           0x01000000         0x001d0000
m_data           0x40000000         0x00040000
*default*        0x00000000         0xffffffff

Linker script and memory map

LOAD c:/nxp/s32ds_power_v2.1/s32ds/build_tools/powerpc-eabivle-4_9/bin/../lib/gcc/powerpc-eabivle/4.9.4/e200z4/fp/ecrti.o
LOAD c:/nxp/s32ds_power_v2.1/s32ds/build_tools/powerpc-eabivle-4_9/bin/../lib/gcc/powerpc-eabivle/4.9.4/e200z4/fp/crtbegin.o
LOAD ./Generated_Code/Cpu.o
LOAD ./Generated_Code/can_pal1.o
LOAD ./Generated_Code/clockMan1.o
LOAD ./Generated_Code/dmaController1.o
LOAD ./Generated_Code/pin_mux.o
LOAD ./Generated_Code/timing_pal1.o
LOAD ./Project_Settings/Startup_Code/core0_intc_sw_handlers.o
LOAD ./Project_Settings/Startup_Code/interrupt_vectors.o
LOAD ./Project_Settings/Startup_Code/startup_MPC5748G.o
LOAD ./SDK/platform/devices/MPC5748G/startup/system_MPC5748G.o
LOAD ./SDK/platform/devices/startup.o
LOAD ./SDK/platform/drivers/src/clock/MPC57xx/clock_MPC57xx.o
LOAD ./SDK/platform/drivers/src/edma/edma_driver.o
LOAD ./SDK/platform/drivers/src/edma/edma_hw_access.o
LOAD ./SDK/platform/drivers/src/edma/edma_irq.o
LOAD ./SDK/platform/drivers/src/flexcan/flexcan_driver.o
LOAD ./SDK/platform/drivers/src/flexcan/flexcan_hw_access.o
LOAD ./SDK/platform/drivers/src/flexcan/flexcan_irq.o
LOAD ./SDK/platform/drivers/src/interrupt/interrupt_manager_MPC57xx.o
LOAD ./SDK/platform/drivers/src/pins/siul2/pins_siul2_driver.o
LOAD ./SDK/platform/drivers/src/pins/siul2/siul2_hw_access.o
LOAD ./SDK/platform/drivers/src/pit/pit_driver.o
LOAD ./SDK/platform/drivers/src/pit/pit_hw_access.o
LOAD ./SDK/platform/pal/src/can/can_pal.o
LOAD ./SDK/platform/pal/src/timing/timing_irq.o
LOAD ./SDK/platform/pal/src/timing/timing_pal.o
LOAD ./SDK/rtos/osif/osif_baremetal.o
LOAD ./Sources/main.o
LOAD ./src/CanIf.o
LOAD ./src/Com.o
LOAD ./src/PduR_CanIf.o
LOAD ./src/PduR_Com.o
LOAD ./src/PduR_SecOC.o
LOAD ./src/SecOC.o
LOAD ./src/SecOC_Cfg.o
START GROUP
LOAD C:/NXP/S32DS_Power_v2.1/S32DS/build_tools/e200_ewl2/lib/e200z4/fp\libc99.a
LOAD C:/NXP/S32DS_Power_v2.1/S32DS/build_tools/e200_ewl2/lib/e200z4/fp\libm.a
LOAD c:/nxp/s32ds_power_v2.1/s32ds/build_tools/powerpc-eabivle-4_9/bin/../lib/gcc/powerpc-eabivle/4.9.4/e200z4/fp\libgcc.a
LOAD C:/NXP/S32DS_Power_v2.1/S32DS/build_tools/e200_ewl2/lib/e200z4/fp\librt.a
END GROUP
LOAD c:/nxp/s32ds_power_v2.1/s32ds/build_tools/powerpc-eabivle-4_9/bin/../lib/gcc/powerpc-eabivle/4.9.4/e200z4/fp/crtend.o
LOAD c:/nxp/s32ds_power_v2.1/s32ds/build_tools/powerpc-eabivle-4_9/bin/../lib/gcc/powerpc-eabivle/4.9.4/e200z4/fp/ecrtn.o
                0x00000000                __HEAP_SIZE = DEFINED (__heap_size__)?__heap_size__:0x0
                0x00001000                __STACK_SIZE = DEFINED (__stack_size__)?__stack_size__:0x1000
                0x01000000                FLASH_BASE_ADDR = DEFINED (__flash_base_addr__)?__flash_base_addr__:0x1000000
                0x001d0000                FLASH_SIZE = DEFINED (__flash_size__)?__flash_size__:0x1d0000
                0x40000000                SRAM_BASE_ADDR = DEFINED (__sram_base_addr__)?__sram_base_addr__:0x40000000
                0x00040000                SRAM_SIZE = DEFINED (__sram_size__)?__sram_size__:0x40000

.rchw           0x00fa0000        0x4
 *(.rchw)
 .rchw          0x00fa0000        0x4 ./Project_Settings/Startup_Code/startup_MPC5748G.o

.cpu0_reset_vector
                0x00fa0010        0x4
 *(.cpu0_reset_vector)
 .cpu0_reset_vector
                0x00fa0010        0x4 ./Project_Settings/Startup_Code/startup_MPC5748G.o

.cpu1_reset_vector
 *(.cpu1_reset_vector)

.cpu2_reset_vector
 *(.cpu2_reset_vector)

.startup        0x01000000      0x168
                0x01000000                __start = .
 *(.startup)
 .startup       0x01000000      0x168 ./Project_Settings/Startup_Code/startup_MPC5748G.o
                0x01000000                Reset_Handler
                0x01000000                _start

.core_exceptions_table
                0x01001000       0xb4
                0x01001000                __IVPR_VALUE = .
 *(.core_exceptions_table)
 .core_exceptions_table
                0x01001000       0xb4 ./Project_Settings/Startup_Code/interrupt_vectors.o
                0x01001000                IVOR0_Vector
                0x01001000                VTABLE
                0x01001010                IVOR1_Vector
                0x01001020                IVOR2_Vector
                0x01001030                IVOR3_Vector
                0x01001040                IVOR4_Vector
                0x01001050                IVOR5_Vector
                0x01001060                IVOR6_Vector
                0x01001070                IVOR35_Vector
                0x01001080                IVOR8_Vector
                0x01001090                IVOR15_Vector
                0x010010a0                IVOR33_Vector
                0x010010b0                IVOR34_Vector

.intc_vector_table
                0x01002000      0xbcc
                0x01002000                __VECTOR_TABLE = .
                0x01002000                __interrupts_start__ = .
 *(.intc_vector_table)
 .intc_vector_table
                0x01002000      0xbcc ./Project_Settings/Startup_Code/startup_MPC5748G.o
                0x01002000                __isr_vector
                0x01002bc8                SAI2_Rx_IRQHandler
                0x01002bc8                SIUL_EIRQ_16_23_IRQHandler
                0x01002bc8                LINFLEXD2_UART_TxIRQHandler
                0x01002bc8                LINFLEXD6_UART_ErrIRQHandler
                0x01002bc8                SWT0_IRQHandler
                0x01002bc8                EMIOS0_30_31_IRQHandler
                0x01002bc8                ENET0_Rx_1_IRQHandler
                0x01002bc8                LINFLEXD13_UART_TxIRQHandler
                0x01002bc8                IVOR33_Exception_Handler
                0x01002bc8                STM2_Ch3_IRQHandler
                0x01002bc8                WKPU_23_16_IRQHandler
                0x01002bc8                LINFLEXD5_UART_ErrIRQHandler
                0x01002bc8                DSPI1_Send_IRQHandler
                0x01002bc8                DSPI0_FIFO_Error_IRQHandler
                0x01002bc8                USBOTG_IRQHandler
                0x01002bc8                EMIOS1_00_01_IRQHandler
                0x01002bc8                ADC1_WD_IRQHandler
                0x01002bc8                IVOR5_Exception_Handler
                0x01002bc8                DSPI5_FIFO_Error_IRQHandler
                0x01002bc8                DSPI4_Send_IRQHandler
                0x01002bc8                IVOR34_Exception_Handler
                0x01002bc8                LINFLEXD3_UART_ErrIRQHandler
                0x01002bc8                DSPI6_Send_IRQHandler
                0x01002bc8                EMIOS1_26_27_IRQHandler
                0x01002bc8                STM2_Ch2_IRQHandler
                0x01002bc8                LINFLEXD10_UART_TxIRQHandler
                0x01002bc8                EMIOS2_00_01_IRQHandler
                0x01002bc8                SAI2_Tx_IRQHandler
                0x01002bc8                IVOR2_Exception_Handler
                0x01002bc8                DSPI3_Send_IRQHandler
                0x01002bc8                ENET0_Tx_2_IRQHandler
                0x01002bc8                ENET1_Tx_IRQHandler
                0x01002bc8                LINFLEXD11_UART_TxIRQHandler
                0x01002bc8                EMIOS1_04_05_IRQHandler
                0x01002bc8                EMIOS0_04_05_IRQHandler
                0x01002bc8                STM1_Ch2_IRQHandler
                0x01002bc8                LINFLEXD6_UART_TxIRQHandler
                0x01002bc8                STM2_Ch1_IRQHandler
                0x01002bc8                LINFLEXD0_UART_ErrIRQHandler
                0x01002bc8                LINFLEXD14_UART_RxIRQHandler
                0x01002bc8                ENET1_Rx_2_IRQHandler
                0x01002bc8                DSPI2_FIFO_Error_IRQHandler
                0x01002bc8                LINFLEXD9_UART_ErrIRQHandler
                0x01002bc8                SAI0_Tx_IRQHandler
                0x01002bc8                EMIOS0_24_25_IRQHandler
                0x01002bc8                DSPI9_FIFO_Error_IRQHandler
                0x01002bc8                LINFLEXD0_UART_TxIRQHandler
                0x01002bc8                EMIOS2_26_27_IRQHandler
                0x01002bc8                LINFLEXD5_UART_RxIRQHandler
                0x01002bc8                LINFLEXD7_UART_RxIRQHandler
                0x01002bc8                SWT2_IRQHandler
                0x01002bc8                ENET0_Parser_IRQHandler
                0x01002bc8                ADC0_WD_IRQHandler
                0x01002bc8                EMIOS0_10_11_IRQHandler
                0x01002bc8                LINFLEXD14_UART_ErrIRQHandler
                0x01002bc8                EMIOS0_12_13_IRQHandler
                0x01002bc8                LINFLEXD14_UART_TxIRQHandler
                0x01002bc8                LINFLEXD9_UART_TxIRQHandler
                0x01002bc8                LINFLEXD16_UART_ErrIRQHandler
                0x01002bc8                EMIOS1_14_15_IRQHandler
                0x01002bc8                ENET1_Rx_IRQHandler
                0x01002bc8                IVOR15_Exception_Handler
                0x01002bc8                ENET0_Err_IRQHandler
                0x01002bc8                ENET1_Timer_IRQHandler
                0x01002bc8                DSPI0_Send_IRQHandler
                0x01002bc8                LINFLEXD17_UART_RxIRQHandler
                0x01002bc8                DSPI6_Receive_IRQHandler
                0x01002bc8                LINFLEXD10_UART_ErrIRQHandler
                0x01002bc8                CMP0_IRQHandler
                0x01002bc8                DSPI0_Receive_IRQHandler
                0x01002bc8                I2C_DRV_Module2IRQHandler
                0x01002bc8                SAI1_Tx_IRQHandler
                0x01002bc8                DSPI2_Send_IRQHandler
                0x01002bc8                EMIOS0_16_17_IRQHandler
                0x01002bc8                LINFLEXD11_UART_ErrIRQHandler
                0x01002bc8                BCTU_ListLast_IRQHandler
                0x01002bc8                ENET0_Rx_IRQHandler
                0x01002bc8                STM2_Ch0_IRQHandler
                0x01002bc8                ADC0_EOC_IRQHandler
                0x01002bc8                DSPI4_FIFO_Error_IRQHandler
                0x01002bc8                LINFLEXD12_UART_TxIRQHandler
                0x01002bc8                ADC1_ER_IRQHandler
                0x01002bc8                DSPI9_Receive_IRQHandler
                0x01002bc8                LINFLEXD15_UART_RxIRQHandler
                0x01002bc8                DSPI2_Receive_IRQHandler
                0x01002bc8                DSPI3_Receive_IRQHandler
                0x01002bc8                SAI0_Rx_IRQHandler
                0x01002bc8                EMIOS1_28_29_IRQHandler
                0x01002bc8                EMIOS1_30_31_IRQHandler
                0x01002bc8                LINFLEXD10_UART_RxIRQHandler
                0x01002bc8                LINFLEXD13_UART_RxIRQHandler
                0x01002bc8                EMIOS0_22_23_IRQHandler
                0x01002bc8                LINFLEXD1_UART_ErrIRQHandler
                0x01002bc8                EMIOS1_10_11_IRQHandler
                0x01002bc8                EMIOS2_28_29_IRQHandler
                0x01002bc8                ENET1_Tx_1_IRQHandler
                0x01002bc8                SIUL_EIRQ_00_07_IRQHandler
                0x01002bc8                LINFLEXD4_UART_TxIRQHandler
                0x01002bc8                LINFLEXD13_UART_ErrIRQHandler
                0x01002bc8                ADC0_ER_IRQHandler
                0x01002bc8                LINFLEXD8_UART_TxIRQHandler
                0x01002bc8                DSPI7_Receive_IRQHandler
                0x01002bc8                ENET0_Tx_1_IRQHandler
                0x01002bc8                ENET0_Rx_2_IRQHandler
                0x01002bc8                LINFLEXD11_UART_RxIRQHandler
                0x01002bc8                DSPI1_FIFO_Error_IRQHandler
                0x01002bc8                ENET1_Parser_IRQHandler
                0x01002bc8                EMIOS2_06_07_IRQHandler
                0x01002bc8                CMP2_IRQHandler
                0x01002bc8                EMIOS2_20_21_IRQHandler
                0x01002bc8                IVOR1_Exception_Handler
                0x01002bc8                LINFLEXD7_UART_TxIRQHandler
                0x01002bc8                STM1_Ch0_IRQHandler
                0x01002bc8                DSPI8_Receive_IRQHandler
                0x01002bc8                ENET0_Tx_IRQHandler
                0x01002bc8                USBHS_IRQHandler
                0x01002bc8                LINFLEXD16_UART_TxIRQHandler
                0x01002bc8                LINFLEXD2_UART_RxIRQHandler
                0x01002bc8                I2C_DRV_Module1IRQHandler
                0x01002bc8                DSPI7_FIFO_Error_IRQHandler
                0x01002bc8                SIUL_EIRQ_24_31_IRQHandler
                0x01002bc8                EMIOS1_06_07_IRQHandler
                0x01002bc8                WKPU_31_24_IRQHandler
                0x01002bc8                DSPI9_Send_IRQHandler
                0x01002bc8                IVOR8_Exception_Handler
                0x01002bc8                PIT_RTI_IRQHandler
                0x01002bc8                LINFLEXD12_UART_RxIRQHandler
                0x01002bc8                DSPI5_Receive_IRQHandler
                0x01002bc8                STM0_Ch0_IRQHandler
                0x01002bc8                IVOR3_Exception_Handler
                0x01002bc8                LINFLEXD12_UART_ErrIRQHandler
                0x01002bc8                EMIOS1_12_13_IRQHandler
                0x01002bc8                STM1_Ch1_IRQHandler
                0x01002bc8                LINFLEXD17_UART_TxIRQHandler
                0x01002bc8                EMIOS0_20_21_IRQHandler
                0x01002bc8                WKPU_15_08_IRQHandler
                0x01002bc8                EMIOS1_02_03_IRQHandler
                0x01002bc8                LINFLEXD4_UART_ErrIRQHandler
                0x01002bc8                STM0_Ch2_IRQHandler
                0x01002bc8                EMIOS0_00_01_IRQHandler
                0x01002bc8                LINFLEXD0_UART_RxIRQHandler
                0x01002bc8                RTC0_IRQHandler
                0x01002bc8                LINFLEXD15_UART_TxIRQHandler
                0x01002bc8                LINFLEXD15_UART_ErrIRQHandler
                0x01002bc8                LINFLEXD6_UART_RxIRQHandler
                0x01002bc8                DSPI8_FIFO_Error_IRQHandler
                0x01002bc8                STM0_Ch3_IRQHandler
                0x01002bc8                EMIOS0_18_19_IRQHandler
                0x01002bc8                LINFLEXD17_UART_ErrIRQHandler
                0x01002bc8                EMIOS2_18_19_IRQHandler
                0x01002bc8                LINFLEXD8_UART_RxIRQHandler
                0x01002bc8                I2C_DRV_Module0IRQHandler
                0x01002bc8                LINFLEXD7_UART_ErrIRQHandler
                0x01002bc8                DSPI3_FIFO_Error_IRQHandler
                0x01002bc8                I2C_DRV_Module3IRQHandler
                0x01002bc8                EMIOS1_24_25_IRQHandler
                0x01002bc8                EMIOS2_02_03_IRQHandler
                0x01002bc8                DSPI7_Send_IRQHandler
                0x01002bc8                STM1_Ch3_IRQHandler
                0x01002bc8                IVOR6_Exception_Handler
                0x01002bc8                LINFLEXD3_UART_RxIRQHandler
                0x01002bc8                LINFLEXD2_UART_ErrIRQHandler
                0x01002bc8                DSPI4_Receive_IRQHandler
                0x01002bc8                EMIOS0_26_27_IRQHandler
                0x01002bc8                EMIOS1_08_09_IRQHandler
                0x01002bc8                LINFLEXD5_UART_TxIRQHandler
                0x01002bc8                DSPI6_FIFO_Error_IRQHandler
                0x01002bc8                EMIOS0_08_09_IRQHandler
                0x01002bc8                DSPI1_Receive_IRQHandler
                0x01002bc8                ENET1_Tx_2_IRQHandler
                0x01002bc8                EMIOS2_14_15_IRQHandler
                0x01002bc8                EMIOS1_18_19_IRQHandler
                0x01002bc8                EMIOS1_22_23_IRQHandler
                0x01002bc8                EMIOS2_12_13_IRQHandler
                0x01002bc8                EMIOS2_10_11_IRQHandler
                0x01002bc8                SIUL_EIRQ_08_15_IRQHandler
                0x01002bc8                EMIOS2_24_25_IRQHandler
                0x01002bc8                LINFLEXD4_UART_RxIRQHandler
                0x01002bc8                ENET1_Err_IRQHandler
                0x01002bc8                LINFLEXD1_UART_TxIRQHandler
                0x01002bc8                SWT1_IRQHandler
                0x01002bc8                EMIOS1_16_17_IRQHandler
                0x01002bc8                API0_IRQHandler
                0x01002bc8                ENET1_Rx_1_IRQHandler
                0x01002bc8                FLASH_Done_IRQHandler
                0x01002bc8                LINFLEXD16_UART_RxIRQHandler
                0x01002bc8                DSPI8_Send_IRQHandler
                0x01002bc8                ENET0_Timer_IRQHandler
                0x01002bc8                ADC1_EOC_IRQHandler
                0x01002bc8                EMIOS0_02_03_IRQHandler
                0x01002bc8                EMIOS0_06_07_IRQHandler
                0x01002bc8                DefaultISR
                0x01002bc8                EMIOS0_28_29_IRQHandler
                0x01002bc8                uSDHC_DriverIRQHandler
                0x01002bc8                LINFLEXD9_UART_RxIRQHandler
                0x01002bc8                LINFLEXD3_UART_TxIRQHandler
                0x01002bc8                EMIOS2_04_05_IRQHandler
                0x01002bc8                HSM_DRV_IRQHandler
                0x01002bc8                IVOR0_Exception_Handler
                0x01002bc8                IVOR35_Exception_Handler
                0x01002bc8                EMIOS2_08_09_IRQHandler
                0x01002bc8                CMP1_IRQHandler
                0x01002bc8                EMIOS2_22_23_IRQHandler
                0x01002bc8                FCCU0_IRQ_Handler
                0x01002bc8                STM0_Ch1_IRQHandler
                0x01002bc8                LINFLEXD8_UART_ErrIRQHandler
                0x01002bc8                DSPI5_Send_IRQHandler
                0x01002bc8                WKPU_07_00_IRQHandler
                0x01002bc8                BCTU_ConvUpdate_IRQHandler
                0x01002bc8                LINFLEXD1_UART_RxIRQHandler
                0x01002bc8                SAI1_Rx_IRQHandler
                0x01002bc8                EMIOS2_30_31_IRQHandler
                0x01002bc8                EMIOS1_20_21_IRQHandler
                0x01002bc8                EMIOS2_16_17_IRQHandler
                0x01002bc8                EMIOS0_14_15_IRQHandler
                0x01002bcc                __interrupts_end__ = .
                0x00000c00                __RAM_VECTOR_TABLE_SIZE = 0xc00
                0x01002c00                __VECTOR_TABLE_COPY_END = (__VECTOR_TABLE + __RAM_VECTOR_TABLE_SIZE)

.text           0x01002bd0     0x6660
 *(.text.startup)
 *(.text)
 .text          0x01002bd0      0x16c c:/nxp/s32ds_power_v2.1/s32ds/build_tools/powerpc-eabivle-4_9/bin/../lib/gcc/powerpc-eabivle/4.9.4/e200z4/fp/crtbegin.o
 *fill*         0x01002d3c        0x4 
 .text          0x01002d40      0x2f6 ./Project_Settings/Startup_Code/core0_intc_sw_handlers.o
                0x01002d80                IVOR0_Handler
                0x01002dae                IVOR1_Handler
                0x01002dfc                IVOR2_Handler
                0x01002e36                IVOR3_Handler
                0x01002e70                IVOR4_Handler
                0x01002eb8                IVOR5_Handler
                0x01002ef2                IVOR6_Handler
                0x01002f2c                IVOR8_Handler
                0x01002f66                IVOR15_Handler
                0x01002f94                IVOR33_Handler
                0x01002fce                IVOR34_Handler
                0x01003008                IVOR35_Handler
 *fill*         0x01003036        0x2 
 .text          0x01003038      0x328 c:/nxp/s32ds_power_v2.1/s32ds/build_tools/powerpc-eabivle-4_9/bin/../lib/gcc/powerpc-eabivle/4.9.4/e200z4/fp\libgcc.a(_udivdi3.o)
                0x01003038                __udivdi3
 .text          0x01003360       0x52 c:/nxp/s32ds_power_v2.1/s32ds/build_tools/powerpc-eabivle-4_9/bin/../lib/gcc/powerpc-eabivle/4.9.4/e200z4/fp\libgcc.a(e200crtresxgpr.o)
                0x01003360                _restgpr_14_x
                0x01003364                _restgpr_15_x
                0x01003368                _restgpr_16_x
                0x0100336c                _restgpr_17_x
                0x01003370                _restgpr_18_x
                0x01003374                _restgpr_19_x
                0x01003378                _restgpr_20_x
                0x0100337c                _restgpr_21_x
                0x01003380                _restgpr_22_x
                0x01003384                _restgpr_23_x
                0x01003388                _restgpr_24_x
                0x0100338c                _restgpr_25_x
                0x01003390                _restgpr_26_x
                0x01003394                _restgpr_27_x
                0x01003398                _restgpr_28_x
                0x0100339c                _restgpr_29_x
                0x010033a0                _restgpr_30_x
                0x010033a4                _restgpr_31_x
 .text          0x010033b2       0x4a c:/nxp/s32ds_power_v2.1/s32ds/build_tools/powerpc-eabivle-4_9/bin/../lib/gcc/powerpc-eabivle/4.9.4/e200z4/fp\libgcc.a(eabivle.o)
                0x010033b2                __eabi
 .text          0x010033fc       0x48 c:/nxp/s32ds_power_v2.1/s32ds/build_tools/powerpc-eabivle-4_9/bin/../lib/gcc/powerpc-eabivle/4.9.4/e200z4/fp/crtend.o
 *(.text.*)
 .text.SystemInit
                0x01003444       0x8e ./SDK/platform/devices/MPC5748G/startup/system_MPC5748G.o
                0x01003444                SystemInit
 *fill*         0x010034d2        0x2 
 .text.init_data_bss
                0x010034d4       0xb8 ./SDK/platform/devices/startup.o
                0x010034d4                init_data_bss
 .text.CLOCK_SYS_GetFircFreq
                0x0100358c       0x1e ./SDK/platform/drivers/src/clock/MPC57xx/clock_MPC57xx.o
 *fill*         0x010035aa        0x2 
 .text.CLOCK_SYS_GetFxoscFreq
                0x010035ac       0x1e ./SDK/platform/drivers/src/clock/MPC57xx/clock_MPC57xx.o
 *fill*         0x010035ca        0x2 
 .text.CLOCK_SYS_CalculateFrequenciesOfClockSources
                0x010035cc      0x136 ./SDK/platform/drivers/src/clock/MPC57xx/clock_MPC57xx.o
 *fill*         0x01003702        0x2 
 .text.CLOCK_SYS_GetSystemClockFreq
                0x01003704      0x1e6 ./SDK/platform/drivers/src/clock/MPC57xx/clock_MPC57xx.o
 *fill*         0x010038ea        0x2 
 .text.CLOCK_DRV_Init
                0x010038ec      0xb5a ./SDK/platform/drivers/src/clock/MPC57xx/clock_MPC57xx.o
                0x010038ec                CLOCK_DRV_Init
 *fill*         0x01004446        0x2 
 .text.CLOCK_DRV_GetFreq
                0x01004448      0x444 ./SDK/platform/drivers/src/clock/MPC57xx/clock_MPC57xx.o
                0x01004448                CLOCK_DRV_GetFreq
 .text.CLOCK_SYS_Init
                0x0100488c       0x4c ./SDK/platform/drivers/src/clock/MPC57xx/clock_MPC57xx.o
                0x0100488c                CLOCK_SYS_Init
 .text.CLOCK_SYS_UpdateConfiguration
                0x010048d8      0x186 ./SDK/platform/drivers/src/clock/MPC57xx/clock_MPC57xx.o
                0x010048d8                CLOCK_SYS_UpdateConfiguration
 *fill*         0x01004a5e        0x2 
 .text.CLOCK_SYS_GetFreq
                0x01004a60       0x14 ./SDK/platform/drivers/src/clock/MPC57xx/clock_MPC57xx.o
                0x01004a60                CLOCK_SYS_GetFreq
 .text.EDMA_DRV_InstallCallback
                0x01004a74       0x42 ./SDK/platform/drivers/src/edma/edma_driver.o
                0x01004a74                EDMA_DRV_InstallCallback
 *fill*         0x01004ab6        0x2 
 .text.EDMA_DRV_IRQHandler
                0x01004ab8       0x52 ./SDK/platform/drivers/src/edma/edma_driver.o
                0x01004ab8                EDMA_DRV_IRQHandler
 *fill*         0x01004b0a        0x2 
 .text.EDMA_DRV_ErrorIRQHandler
                0x01004b0c       0x6c ./SDK/platform/drivers/src/edma/edma_driver.o
                0x01004b0c                EDMA_DRV_ErrorIRQHandler
 .text.EDMA_DRV_ConfigSingleBlockTransfer
                0x01004b78      0x1c6 ./SDK/platform/drivers/src/edma/edma_driver.o
                0x01004b78                EDMA_DRV_ConfigSingleBlockTransfer
 *fill*         0x01004d3e        0x2 
 .text.EDMA_DRV_StartChannel
                0x01004d40       0x6c ./SDK/platform/drivers/src/edma/edma_driver.o
                0x01004d40                EDMA_DRV_StartChannel
 .text.EDMA_DRV_StopChannel
                0x01004dac       0x6c ./SDK/platform/drivers/src/edma/edma_driver.o
                0x01004dac                EDMA_DRV_StopChannel
 .text.EDMA_DRV_DisableRequestsOnTransferComplete
                0x01004e18       0x6a ./SDK/platform/drivers/src/edma/edma_driver.o
                0x01004e18                EDMA_DRV_DisableRequestsOnTransferComplete
 *fill*         0x01004e82        0x2 
 .text.EDMA_DRV_GetDmaRegBaseAddr
                0x01004e84       0x12 ./SDK/platform/drivers/src/edma/edma_driver.o
                0x01004e84                EDMA_DRV_GetDmaRegBaseAddr
 *fill*         0x01004e96        0x2 
 .text.EDMA_GetErrorIntStatusFlag
                0x01004e98        0xa ./SDK/platform/drivers/src/edma/edma_hw_access.o
                0x01004e98                EDMA_GetErrorIntStatusFlag
 *fill*         0x01004ea2        0x2 
 .text.EDMA_ClearErrorIntStatusFlag
                0x01004ea4       0x12 ./SDK/platform/drivers/src/edma/edma_hw_access.o
                0x01004ea4                EDMA_ClearErrorIntStatusFlag
 *fill*         0x01004eb6        0x2 
 .text.EDMA_SetDmaRequestCmd
                0x01004eb8       0x12 ./SDK/platform/drivers/src/edma/edma_hw_access.o
                0x01004eb8                EDMA_SetDmaRequestCmd
 *fill*         0x01004eca        0x2 
 .text.EDMA_ClearDoneStatusFlag
                0x01004ecc       0x12 ./SDK/platform/drivers/src/edma/edma_hw_access.o
                0x01004ecc                EDMA_ClearDoneStatusFlag
 *fill*         0x01004ede        0x2 
 .text.EDMA_ClearIntStatusFlag
                0x01004ee0       0x12 ./SDK/platform/drivers/src/edma/edma_hw_access.o
                0x01004ee0                EDMA_ClearIntStatusFlag
 *fill*         0x01004ef2        0x2 
 .text.EDMA_SetMinorLoopMappingCmd
                0x01004ef4       0x14 ./SDK/platform/drivers/src/edma/edma_hw_access.o
                0x01004ef4                EDMA_SetMinorLoopMappingCmd
 .text.EDMA_TCDClearReg
                0x01004f08       0x34 ./SDK/platform/drivers/src/edma/edma_hw_access.o
                0x01004f08                EDMA_TCDClearReg
 .text.EDMA_TCDSetSrcAddr
                0x01004f3c       0x18 ./SDK/platform/drivers/src/edma/edma_hw_access.o
                0x01004f3c                EDMA_TCDSetSrcAddr
 .text.EDMA_TCDSetSrcOffset
                0x01004f54       0x1e ./SDK/platform/drivers/src/edma/edma_hw_access.o
                0x01004f54                EDMA_TCDSetSrcOffset
 *fill*         0x01004f72        0x2 
 .text.EDMA_TCDSetAttribute
                0x01004f74       0x30 ./SDK/platform/drivers/src/edma/edma_hw_access.o
                0x01004f74                EDMA_TCDSetAttribute
 .text.EDMA_TCDSetNbytes
                0x01004fa4       0x54 ./SDK/platform/drivers/src/edma/edma_hw_access.o
                0x01004fa4                EDMA_TCDSetNbytes
 .text.EDMA_TCDSetDestAddr
                0x01004ff8       0x18 ./SDK/platform/drivers/src/edma/edma_hw_access.o
                0x01004ff8                EDMA_TCDSetDestAddr
 .text.EDMA_TCDSetDestOffset
                0x01005010       0x1c ./SDK/platform/drivers/src/edma/edma_hw_access.o
                0x01005010                EDMA_TCDSetDestOffset
 .text.EDMA_TCDSetDisableDmaRequestAfterTCDDoneCmd
                0x0100502c       0x34 ./SDK/platform/drivers/src/edma/edma_hw_access.o
                0x0100502c                EDMA_TCDSetDisableDmaRequestAfterTCDDoneCmd
 .text.EDMA_TCDSetMajorCompleteIntCmd
                0x01005060       0x34 ./SDK/platform/drivers/src/edma/edma_hw_access.o
                0x01005060                EDMA_TCDSetMajorCompleteIntCmd
 .text.EDMA_TCDSetMajorCount
                0x01005094       0x72 ./SDK/platform/drivers/src/edma/edma_hw_access.o
                0x01005094                EDMA_TCDSetMajorCount
 *fill*         0x01005106        0x2 
 .text.DMA0_Ch0_IRQHandler
                0x01005108       0x16 ./SDK/platform/drivers/src/edma/edma_irq.o
                0x01005108                DMA0_Ch0_IRQHandler
 *fill*         0x0100511e        0x2 
 .text.DMA0_Ch1_IRQHandler
                0x01005120       0x16 ./SDK/platform/drivers/src/edma/edma_irq.o
                0x01005120                DMA0_Ch1_IRQHandler
 *fill*         0x01005136        0x2 
 .text.DMA0_Ch2_IRQHandler
                0x01005138       0x16 ./SDK/platform/drivers/src/edma/edma_irq.o
                0x01005138                DMA0_Ch2_IRQHandler
 *fill*         0x0100514e        0x2 
 .text.DMA0_Ch3_IRQHandler
                0x01005150       0x16 ./SDK/platform/drivers/src/edma/edma_irq.o
                0x01005150                DMA0_Ch3_IRQHandler
 *fill*         0x01005166        0x2 
 .text.DMA0_Ch4_IRQHandler
                0x01005168       0x16 ./SDK/platform/drivers/src/edma/edma_irq.o
                0x01005168                DMA0_Ch4_IRQHandler
 *fill*         0x0100517e        0x2 
 .text.DMA0_Ch5_IRQHandler
                0x01005180       0x16 ./SDK/platform/drivers/src/edma/edma_irq.o
                0x01005180                DMA0_Ch5_IRQHandler
 *fill*         0x01005196        0x2 
 .text.DMA0_Ch6_IRQHandler
                0x01005198       0x16 ./SDK/platform/drivers/src/edma/edma_irq.o
                0x01005198                DMA0_Ch6_IRQHandler
 *fill*         0x010051ae        0x2 
 .text.DMA0_Ch7_IRQHandler
                0x010051b0       0x16 ./SDK/platform/drivers/src/edma/edma_irq.o
                0x010051b0                DMA0_Ch7_IRQHandler
 *fill*         0x010051c6        0x2 
 .text.DMA0_Ch8_IRQHandler
                0x010051c8       0x16 ./SDK/platform/drivers/src/edma/edma_irq.o
                0x010051c8                DMA0_Ch8_IRQHandler
 *fill*         0x010051de        0x2 
 .text.DMA0_Ch9_IRQHandler
                0x010051e0       0x16 ./SDK/platform/drivers/src/edma/edma_irq.o
                0x010051e0                DMA0_Ch9_IRQHandler
 *fill*         0x010051f6        0x2 
 .text.DMA0_Ch10_IRQHandler
                0x010051f8       0x16 ./SDK/platform/drivers/src/edma/edma_irq.o
                0x010051f8                DMA0_Ch10_IRQHandler
 *fill*         0x0100520e        0x2 
 .text.DMA0_Ch11_IRQHandler
                0x01005210       0x16 ./SDK/platform/drivers/src/edma/edma_irq.o
                0x01005210                DMA0_Ch11_IRQHandler
 *fill*         0x01005226        0x2 
 .text.DMA0_Ch12_IRQHandler
                0x01005228       0x16 ./SDK/platform/drivers/src/edma/edma_irq.o
                0x01005228                DMA0_Ch12_IRQHandler
 *fill*         0x0100523e        0x2 
 .text.DMA0_Ch13_IRQHandler
                0x01005240       0x16 ./SDK/platform/drivers/src/edma/edma_irq.o
                0x01005240                DMA0_Ch13_IRQHandler
 *fill*         0x01005256        0x2 
 .text.DMA0_Ch14_IRQHandler
                0x01005258       0x16 ./SDK/platform/drivers/src/edma/edma_irq.o
                0x01005258                DMA0_Ch14_IRQHandler
 *fill*         0x0100526e        0x2 
 .text.DMA0_Ch15_IRQHandler
                0x01005270       0x16 ./SDK/platform/drivers/src/edma/edma_irq.o
                0x01005270                DMA0_Ch15_IRQHandler
 *fill*         0x01005286        0x2 
 .text.DMA0_Ch16_IRQHandler
                0x01005288       0x16 ./SDK/platform/drivers/src/edma/edma_irq.o
                0x01005288                DMA0_Ch16_IRQHandler
 *fill*         0x0100529e        0x2 
 .text.DMA0_Ch17_IRQHandler
                0x010052a0       0x16 ./SDK/platform/drivers/src/edma/edma_irq.o
                0x010052a0                DMA0_Ch17_IRQHandler
 *fill*         0x010052b6        0x2 
 .text.DMA0_Ch18_IRQHandler
                0x010052b8       0x16 ./SDK/platform/drivers/src/edma/edma_irq.o
                0x010052b8                DMA0_Ch18_IRQHandler
 *fill*         0x010052ce        0x2 
 .text.DMA0_Ch19_IRQHandler
                0x010052d0       0x16 ./SDK/platform/drivers/src/edma/edma_irq.o
                0x010052d0                DMA0_Ch19_IRQHandler
 *fill*         0x010052e6        0x2 
 .text.DMA0_Ch20_IRQHandler
                0x010052e8       0x16 ./SDK/platform/drivers/src/edma/edma_irq.o
                0x010052e8                DMA0_Ch20_IRQHandler
 *fill*         0x010052fe        0x2 
 .text.DMA0_Ch21_IRQHandler
                0x01005300       0x16 ./SDK/platform/drivers/src/edma/edma_irq.o
                0x01005300                DMA0_Ch21_IRQHandler
 *fill*         0x01005316        0x2 
 .text.DMA0_Ch22_IRQHandler
                0x01005318       0x16 ./SDK/platform/drivers/src/edma/edma_irq.o
                0x01005318                DMA0_Ch22_IRQHandler
 *fill*         0x0100532e        0x2 
 .text.DMA0_Ch23_IRQHandler
                0x01005330       0x16 ./SDK/platform/drivers/src/edma/edma_irq.o
                0x01005330                DMA0_Ch23_IRQHandler
 *fill*         0x01005346        0x2 
 .text.DMA0_Ch24_IRQHandler
                0x01005348       0x16 ./SDK/platform/drivers/src/edma/edma_irq.o
                0x01005348                DMA0_Ch24_IRQHandler
 *fill*         0x0100535e        0x2 
 .text.DMA0_Ch25_IRQHandler
                0x01005360       0x16 ./SDK/platform/drivers/src/edma/edma_irq.o
                0x01005360                DMA0_Ch25_IRQHandler
 *fill*         0x01005376        0x2 
 .text.DMA0_Ch26_IRQHandler
                0x01005378       0x16 ./SDK/platform/drivers/src/edma/edma_irq.o
                0x01005378                DMA0_Ch26_IRQHandler
 *fill*         0x0100538e        0x2 
 .text.DMA0_Ch27_IRQHandler
                0x01005390       0x16 ./SDK/platform/drivers/src/edma/edma_irq.o
                0x01005390                DMA0_Ch27_IRQHandler
 *fill*         0x010053a6        0x2 
 .text.DMA0_Ch28_IRQHandler
                0x010053a8       0x16 ./SDK/platform/drivers/src/edma/edma_irq.o
                0x010053a8                DMA0_Ch28_IRQHandler
 *fill*         0x010053be        0x2 
 .text.DMA0_Ch29_IRQHandler
                0x010053c0       0x16 ./SDK/platform/drivers/src/edma/edma_irq.o
                0x010053c0                DMA0_Ch29_IRQHandler
 *fill*         0x010053d6        0x2 
 .text.DMA0_Ch30_IRQHandler
                0x010053d8       0x16 ./SDK/platform/drivers/src/edma/edma_irq.o
                0x010053d8                DMA0_Ch30_IRQHandler
 *fill*         0x010053ee        0x2 
 .text.DMA0_Ch31_IRQHandler
                0x010053f0       0x16 ./SDK/platform/drivers/src/edma/edma_irq.o
                0x010053f0                DMA0_Ch31_IRQHandler
 *fill*         0x01005406        0x2 
 .text.DMA0_Ch0_Ch31_Error_IRQHandler
                0x01005408       0x42 ./SDK/platform/drivers/src/edma/edma_irq.o
                0x01005408                DMA0_Ch0_Ch31_Error_IRQHandler
 .text.FLEXCAN_SetTimeSegments
                0x0100544a       0x4e ./SDK/platform/drivers/src/flexcan/flexcan_driver.o
 .text.FLEXCAN_SetExtendedTimeSegments
                0x01005498       0x56 ./SDK/platform/drivers/src/flexcan/flexcan_driver.o
 .text.FLEXCAN_SetFDTimeSegments
                0x010054ee       0x5c ./SDK/platform/drivers/src/flexcan/flexcan_driver.o
 *fill*         0x0100554a        0x2 
 .text.FLEXCAN_GetMsgBuffIntStatusFlag
                0x0100554c       0x48 ./SDK/platform/drivers/src/flexcan/flexcan_driver.o
 .text.FLEXCAN_StartSendData
                0x01005594      0x102 ./SDK/platform/drivers/src/flexcan/flexcan_driver.o
 .text.FLEXCAN_StartRxMessageBufferData
                0x01005696       0xa4 ./SDK/platform/drivers/src/flexcan/flexcan_driver.o
 *fill*         0x0100573a        0x2 
 .text.FLEXCAN_CompleteRxMessageFifoData
                0x0100573c       0xea ./SDK/platform/drivers/src/flexcan/flexcan_driver.o
 *fill*         0x01005826        0x2 
 .text.FLEXCAN_CompleteRxFifoDataDMA
                0x01005828       0x4c ./SDK/platform/drivers/src/flexcan/flexcan_driver.o
 .text.FLEXCAN_CompleteTransfer
                0x01005874       0x64 ./SDK/platform/drivers/src/flexcan/flexcan_driver.o
 .text.FLEXCAN_StartRxMessageFifoData
                0x010058d8      0x134 ./SDK/platform/drivers/src/flexcan/flexcan_driver.o
 .text.FLEXCAN_DRV_Init
                0x01005a0c      0x3d8 ./SDK/platform/drivers/src/flexcan/flexcan_driver.o
                0x01005a0c                FLEXCAN_DRV_Init
 .text.FLEXCAN_DRV_ConfigTxMb
                0x01005de4       0x74 ./SDK/platform/drivers/src/flexcan/flexcan_driver.o
                0x01005de4                FLEXCAN_DRV_ConfigTxMb
 .text.FLEXCAN_DRV_Send
                0x01005e58       0x6a ./SDK/platform/drivers/src/flexcan/flexcan_driver.o
                0x01005e58                FLEXCAN_DRV_Send
 *fill*         0x01005ec2        0x2 
 .text.FLEXCAN_DRV_ConfigRxMb
                0x01005ec4       0xce ./SDK/platform/drivers/src/flexcan/flexcan_driver.o
                0x01005ec4                FLEXCAN_DRV_ConfigRxMb
 *fill*         0x01005f92        0x2 
 .text.FLEXCAN_DRV_ConfigRxFifo
                0x01005f94       0x4e ./SDK/platform/drivers/src/flexcan/flexcan_driver.o
                0x01005f94                FLEXCAN_DRV_ConfigRxFifo
 *fill*         0x01005fe2        0x2 
 .text.FLEXCAN_DRV_Receive
                0x01005fe4       0x22 ./SDK/platform/drivers/src/flexcan/flexcan_driver.o
                0x01005fe4                FLEXCAN_DRV_Receive
 *fill*         0x01006006        0x2 
 .text.FLEXCAN_DRV_RxFifo
                0x01006008       0x22 ./SDK/platform/drivers/src/flexcan/flexcan_driver.o
                0x01006008                FLEXCAN_DRV_RxFifo
 *fill*         0x0100602a        0x2 
 .text.FLEXCAN_IRQHandler
                0x0100602c      0x2a6 ./SDK/platform/drivers/src/flexcan/flexcan_driver.o
                0x0100602c                FLEXCAN_IRQHandler
 *fill*         0x010062d2        0x2 
 .text.FLEXCAN_Error_IRQHandler
                0x010062d4       0x52 ./SDK/platform/drivers/src/flexcan/flexcan_driver.o
                0x010062d4                FLEXCAN_Error_IRQHandler
 *fill*         0x01006326        0x2 
 .text.FLEXCAN_WakeUpHandler
                0x01006328       0x9c ./SDK/platform/drivers/src/flexcan/flexcan_driver.o
                0x01006328                FLEXCAN_WakeUpHandler
 .text.FLEXCAN_DRV_GetTransferStatus
                0x010063c4       0x3c ./SDK/platform/drivers/src/flexcan/flexcan_driver.o
                0x010063c4                FLEXCAN_DRV_GetTransferStatus
 .text.FLEXCAN_ComputePayloadSize
                0x01006400       0x4c ./SDK/platform/drivers/src/flexcan/flexcan_hw_access.o
 .text.FLEXCAN_GetMaxMbNum
                0x0100644c       0x30 ./SDK/platform/drivers/src/flexcan/flexcan_hw_access.o
                0x0100644c                FLEXCAN_GetMaxMbNum
 .text.FLEXCAN_Enable
                0x0100647c       0x24 ./SDK/platform/drivers/src/flexcan/flexcan_hw_access.o
                0x0100647c                FLEXCAN_Enable
 .text.FLEXCAN_Disable
                0x010064a0       0x18 ./SDK/platform/drivers/src/flexcan/flexcan_hw_access.o
                0x010064a0                FLEXCAN_Disable
 .text.FLEXCAN_Init
                0x010064b8       0xbe ./SDK/platform/drivers/src/flexcan/flexcan_hw_access.o
                0x010064b8                FLEXCAN_Init
 *fill*         0x01006576        0x2 
 .text.FLEXCAN_EnableRxFifo
                0x01006578       0x6c ./SDK/platform/drivers/src/flexcan/flexcan_hw_access.o
                0x01006578                FLEXCAN_EnableRxFifo
 .text.FLEXCAN_SetRxFifoFilter
                0x010065e4      0x238 ./SDK/platform/drivers/src/flexcan/flexcan_hw_access.o
                0x010065e4                FLEXCAN_SetRxFifoFilter
 .text.FLEXCAN_SetMsgBuffIntCmd
                0x0100681c       0xd0 ./SDK/platform/drivers/src/flexcan/flexcan_hw_access.o
                0x0100681c                FLEXCAN_SetMsgBuffIntCmd
 .text.FLEXCAN_ExitFreezeMode
                0x010068ec       0x16 ./SDK/platform/drivers/src/flexcan/flexcan_hw_access.o
                0x010068ec                FLEXCAN_ExitFreezeMode
 *fill*         0x01006902        0x2 
 .text.FLEXCAN_EnterFreezeMode
                0x01006904       0x3c ./SDK/platform/drivers/src/flexcan/flexcan_hw_access.o
                0x01006904                FLEXCAN_EnterFreezeMode
 .text.FLEXCAN_ClearErrIntStatusFlag
                0x01006940       0x1e ./SDK/platform/drivers/src/flexcan/flexcan_hw_access.o
                0x01006940                FLEXCAN_ClearErrIntStatusFlag
 *fill*         0x0100695e        0x2 
 .text.FLEXCAN_ReadRxFifo
                0x01006960       0x8a ./SDK/platform/drivers/src/flexcan/flexcan_hw_access.o
                0x01006960                FLEXCAN_ReadRxFifo
 *fill*         0x010069ea        0x2 
 .text.FLEXCAN_SetOperationMode
                0x010069ec       0x70 ./SDK/platform/drivers/src/flexcan/flexcan_hw_access.o
                0x010069ec                FLEXCAN_SetOperationMode
 .text.FLEXCAN_SetPayloadSize
                0x01006a5c       0x4a ./SDK/platform/drivers/src/flexcan/flexcan_hw_access.o
                0x01006a5c                FLEXCAN_SetPayloadSize
 *fill*         0x01006aa6        0x2 
 .text.FLEXCAN_GetPayloadSize
                0x01006aa8       0x1e ./SDK/platform/drivers/src/flexcan/flexcan_hw_access.o
                0x01006aa8                FLEXCAN_GetPayloadSize
 *fill*         0x01006ac6        0x2 
 .text.FLEXCAN_GetMsgBuffRegion
                0x01006ac8       0x50 ./SDK/platform/drivers/src/flexcan/flexcan_hw_access.o
                0x01006ac8                FLEXCAN_GetMsgBuffRegion
 .text.FLEXCAN_SetRxMsgBuff
                0x01006b18      0x100 ./SDK/platform/drivers/src/flexcan/flexcan_hw_access.o
                0x01006b18                FLEXCAN_SetRxMsgBuff
 .text.FLEXCAN_LockRxMsgBuff
                0x01006c18       0x16 ./SDK/platform/drivers/src/flexcan/flexcan_hw_access.o
                0x01006c18                FLEXCAN_LockRxMsgBuff
 *fill*         0x01006c2e        0x2 
 .text.FLEXCAN_SetTxMsgBuff
                0x01006c30      0x1f0 ./SDK/platform/drivers/src/flexcan/flexcan_hw_access.o
                0x01006c30                FLEXCAN_SetTxMsgBuff
 .text.FLEXCAN_GetMsgBuff
                0x01006e20       0xc4 ./SDK/platform/drivers/src/flexcan/flexcan_hw_access.o
                0x01006e20                FLEXCAN_GetMsgBuff
 .text.FLEXCAN_SetMaxMsgBuffNum
                0x01006ee4       0xf0 ./SDK/platform/drivers/src/flexcan/flexcan_hw_access.o
                0x01006ee4                FLEXCAN_SetMaxMsgBuffNum
 .text.CAN0_ORed_IRQHandler
                0x01006fd4       0x16 ./SDK/platform/drivers/src/flexcan/flexcan_irq.o
                0x01006fd4                CAN0_ORed_IRQHandler
 *fill*         0x01006fea        0x2 
 .text.CAN0_Error_IRQHandler
                0x01006fec       0x16 ./SDK/platform/drivers/src/flexcan/flexcan_irq.o
                0x01006fec                CAN0_Error_IRQHandler
 *fill*         0x01007002        0x2 
 .text.CAN0_Wake_Up_IRQHandler
                0x01007004       0x16 ./SDK/platform/drivers/src/flexcan/flexcan_irq.o
                0x01007004                CAN0_Wake_Up_IRQHandler
 *fill*         0x0100701a        0x2 
 .text.CAN0_ORed_00_03_MB_IRQHandler
                0x0100701c       0x16 ./SDK/platform/drivers/src/flexcan/flexcan_irq.o
                0x0100701c                CAN0_ORed_00_03_MB_IRQHandler
 *fill*         0x01007032        0x2 
 .text.CAN0_ORed_04_07_MB_IRQHandler
                0x01007034       0x16 ./SDK/platform/drivers/src/flexcan/flexcan_irq.o
                0x01007034                CAN0_ORed_04_07_MB_IRQHandler
 *fill*         0x0100704a        0x2 
 .text.CAN0_ORed_08_11_MB_IRQHandler
                0x0100704c       0x16 ./SDK/platform/drivers/src/flexcan/flexcan_irq.o
                0x0100704c                CAN0_ORed_08_11_MB_IRQHandler
 *fill*         0x01007062        0x2 
 .text.CAN0_ORed_12_15_MB_IRQHandler
                0x01007064       0x16 ./SDK/platform/drivers/src/flexcan/flexcan_irq.o
                0x01007064                CAN0_ORed_12_15_MB_IRQHandler
 *fill*         0x0100707a        0x2 
 .text.CAN0_ORed_16_31_MB_IRQHandler
                0x0100707c       0x16 ./SDK/platform/drivers/src/flexcan/flexcan_irq.o
                0x0100707c                CAN0_ORed_16_31_MB_IRQHandler
 *fill*         0x01007092        0x2 
 .text.CAN0_ORed_32_63_MB_IRQHandler
                0x01007094       0x16 ./SDK/platform/drivers/src/flexcan/flexcan_irq.o
                0x01007094                CAN0_ORed_32_63_MB_IRQHandler
 *fill*         0x010070aa        0x2 
 .text.CAN0_ORed_64_95_MB_IRQHandler
                0x010070ac       0x16 ./SDK/platform/drivers/src/flexcan/flexcan_irq.o
                0x010070ac                CAN0_ORed_64_95_MB_IRQHandler
 *fill*         0x010070c2        0x2 
 .text.CAN1_ORed_IRQHandler
                0x010070c4       0x16 ./SDK/platform/drivers/src/flexcan/flexcan_irq.o
                0x010070c4                CAN1_ORed_IRQHandler
 *fill*         0x010070da        0x2 
 .text.CAN1_Error_IRQHandler
                0x010070dc       0x16 ./SDK/platform/drivers/src/flexcan/flexcan_irq.o
                0x010070dc                CAN1_Error_IRQHandler
 *fill*         0x010070f2        0x2 
 .text.CAN1_ORed_00_03_MB_IRQHandler
                0x010070f4       0x16 ./SDK/platform/drivers/src/flexcan/flexcan_irq.o
                0x010070f4                CAN1_ORed_00_03_MB_IRQHandler
 *fill*         0x0100710a        0x2 
 .text.CAN1_ORed_04_07_MB_IRQHandler
                0x0100710c       0x16 ./SDK/platform/drivers/src/flexcan/flexcan_irq.o
                0x0100710c                CAN1_ORed_04_07_MB_IRQHandler
 *fill*         0x01007122        0x2 
 .text.CAN1_ORed_08_11_MB_IRQHandler
                0x01007124       0x16 ./SDK/platform/drivers/src/flexcan/flexcan_irq.o
                0x01007124                CAN1_ORed_08_11_MB_IRQHandler
 *fill*         0x0100713a        0x2 
 .text.CAN1_ORed_12_15_MB_IRQHandler
                0x0100713c       0x16 ./SDK/platform/drivers/src/flexcan/flexcan_irq.o
                0x0100713c                CAN1_ORed_12_15_MB_IRQHandler
 *fill*         0x01007152        0x2 
 .text.CAN1_ORed_16_31_MB_IRQHandler
                0x01007154       0x16 ./SDK/platform/drivers/src/flexcan/flexcan_irq.o
                0x01007154                CAN1_ORed_16_31_MB_IRQHandler
 *fill*         0x0100716a        0x2 
 .text.CAN1_ORed_32_63_MB_IRQHandler
                0x0100716c       0x16 ./SDK/platform/drivers/src/flexcan/flexcan_irq.o
                0x0100716c                CAN1_ORed_32_63_MB_IRQHandler
 *fill*         0x01007182        0x2 
 .text.CAN1_ORed_64_95_MB_IRQHandler
                0x01007184       0x16 ./SDK/platform/drivers/src/flexcan/flexcan_irq.o
                0x01007184                CAN1_ORed_64_95_MB_IRQHandler
 *fill*         0x0100719a        0x2 
 .text.CAN2_ORed_IRQHandler
                0x0100719c       0x16 ./SDK/platform/drivers/src/flexcan/flexcan_irq.o
                0x0100719c                CAN2_ORed_IRQHandler
 *fill*         0x010071b2        0x2 
 .text.CAN2_Error_IRQHandler
                0x010071b4       0x16 ./SDK/platform/drivers/src/flexcan/flexcan_irq.o
                0x010071b4                CAN2_Error_IRQHandler
 *fill*         0x010071ca        0x2 
 .text.CAN2_ORed_00_03_MB_IRQHandler
                0x010071cc       0x16 ./SDK/platform/drivers/src/flexcan/flexcan_irq.o
                0x010071cc                CAN2_ORed_00_03_MB_IRQHandler
 *fill*         0x010071e2        0x2 
 .text.CAN2_ORed_04_07_MB_IRQHandler
                0x010071e4       0x16 ./SDK/platform/drivers/src/flexcan/flexcan_irq.o
                0x010071e4                CAN2_ORed_04_07_MB_IRQHandler
 *fill*         0x010071fa        0x2 
 .text.CAN2_ORed_08_11_MB_IRQHandler
                0x010071fc       0x16 ./SDK/platform/drivers/src/flexcan/flexcan_irq.o
                0x010071fc                CAN2_ORed_08_11_MB_IRQHandler
 *fill*         0x01007212        0x2 
 .text.CAN2_ORed_12_15_MB_IRQHandler
                0x01007214       0x16 ./SDK/platform/drivers/src/flexcan/flexcan_irq.o
                0x01007214                CAN2_ORed_12_15_MB_IRQHandler
 *fill*         0x0100722a        0x2 
 .text.CAN2_ORed_16_31_MB_IRQHandler
                0x0100722c       0x16 ./SDK/platform/drivers/src/flexcan/flexcan_irq.o
                0x0100722c                CAN2_ORed_16_31_MB_IRQHandler
 *fill*         0x01007242        0x2 
 .text.CAN2_ORed_32_63_MB_IRQHandler
                0x01007244       0x16 ./SDK/platform/drivers/src/flexcan/flexcan_irq.o
                0x01007244                CAN2_ORed_32_63_MB_IRQHandler
 *fill*         0x0100725a        0x2 
 .text.CAN2_ORed_64_95_MB_IRQHandler
                0x0100725c       0x16 ./SDK/platform/drivers/src/flexcan/flexcan_irq.o
                0x0100725c                CAN2_ORed_64_95_MB_IRQHandler
 *fill*         0x01007272        0x2 
 .text.CAN3_ORed_IRQHandler
                0x01007274       0x16 ./SDK/platform/drivers/src/flexcan/flexcan_irq.o
                0x01007274                CAN3_ORed_IRQHandler
 *fill*         0x0100728a        0x2 
 .text.CAN3_Error_IRQHandler
                0x0100728c       0x16 ./SDK/platform/drivers/src/flexcan/flexcan_irq.o
                0x0100728c                CAN3_Error_IRQHandler
 *fill*         0x010072a2        0x2 
 .text.CAN3_ORed_00_03_MB_IRQHandler
                0x010072a4       0x16 ./SDK/platform/drivers/src/flexcan/flexcan_irq.o
                0x010072a4                CAN3_ORed_00_03_MB_IRQHandler
 *fill*         0x010072ba        0x2 
 .text.CAN3_ORed_04_07_MB_IRQHandler
                0x010072bc       0x16 ./SDK/platform/drivers/src/flexcan/flexcan_irq.o
                0x010072bc                CAN3_ORed_04_07_MB_IRQHandler
 *fill*         0x010072d2        0x2 
 .text.CAN3_ORed_08_11_MB_IRQHandler
                0x010072d4       0x16 ./SDK/platform/drivers/src/flexcan/flexcan_irq.o
                0x010072d4                CAN3_ORed_08_11_MB_IRQHandler
 *fill*         0x010072ea        0x2 
 .text.CAN3_ORed_12_15_MB_IRQHandler
                0x010072ec       0x16 ./SDK/platform/drivers/src/flexcan/flexcan_irq.o
                0x010072ec                CAN3_ORed_12_15_MB_IRQHandler
 *fill*         0x01007302        0x2 
 .text.CAN3_ORed_16_31_MB_IRQHandler
                0x01007304       0x16 ./SDK/platform/drivers/src/flexcan/flexcan_irq.o
                0x01007304                CAN3_ORed_16_31_MB_IRQHandler
 *fill*         0x0100731a        0x2 
 .text.CAN3_ORed_32_63_MB_IRQHandler
                0x0100731c       0x16 ./SDK/platform/drivers/src/flexcan/flexcan_irq.o
                0x0100731c                CAN3_ORed_32_63_MB_IRQHandler
 *fill*         0x01007332        0x2 
 .text.CAN3_ORed_64_95_MB_IRQHandler
                0x01007334       0x16 ./SDK/platform/drivers/src/flexcan/flexcan_irq.o
                0x01007334                CAN3_ORed_64_95_MB_IRQHandler
 *fill*         0x0100734a        0x2 
 .text.CAN4_ORed_IRQHandler
                0x0100734c       0x16 ./SDK/platform/drivers/src/flexcan/flexcan_irq.o
                0x0100734c                CAN4_ORed_IRQHandler
 *fill*         0x01007362        0x2 
 .text.CAN4_Error_IRQHandler
                0x01007364       0x16 ./SDK/platform/drivers/src/flexcan/flexcan_irq.o
                0x01007364                CAN4_Error_IRQHandler
 *fill*         0x0100737a        0x2 
 .text.CAN4_ORed_00_03_MB_IRQHandler
                0x0100737c       0x16 ./SDK/platform/drivers/src/flexcan/flexcan_irq.o
                0x0100737c                CAN4_ORed_00_03_MB_IRQHandler
 *fill*         0x01007392        0x2 
 .text.CAN4_ORed_04_07_MB_IRQHandler
                0x01007394       0x16 ./SDK/platform/drivers/src/flexcan/flexcan_irq.o
                0x01007394                CAN4_ORed_04_07_MB_IRQHandler
 *fill*         0x010073aa        0x2 
 .text.CAN4_ORed_08_11_MB_IRQHandler
                0x010073ac       0x16 ./SDK/platform/drivers/src/flexcan/flexcan_irq.o
                0x010073ac                CAN4_ORed_08_11_MB_IRQHandler
 *fill*         0x010073c2        0x2 
 .text.CAN4_ORed_12_15_MB_IRQHandler
                0x010073c4       0x16 ./SDK/platform/drivers/src/flexcan/flexcan_irq.o
                0x010073c4                CAN4_ORed_12_15_MB_IRQHandler
 *fill*         0x010073da        0x2 
 .text.CAN4_ORed_16_31_MB_IRQHandler
                0x010073dc       0x16 ./SDK/platform/drivers/src/flexcan/flexcan_irq.o
                0x010073dc                CAN4_ORed_16_31_MB_IRQHandler
 *fill*         0x010073f2        0x2 
 .text.CAN4_ORed_32_63_MB_IRQHandler
                0x010073f4       0x16 ./SDK/platform/drivers/src/flexcan/flexcan_irq.o
                0x010073f4                CAN4_ORed_32_63_MB_IRQHandler
 *fill*         0x0100740a        0x2 
 .text.CAN4_ORed_64_95_MB_IRQHandler
                0x0100740c       0x16 ./SDK/platform/drivers/src/flexcan/flexcan_irq.o
                0x0100740c                CAN4_ORed_64_95_MB_IRQHandler
 *fill*         0x01007422        0x2 
 .text.CAN5_ORed_IRQHandler
                0x01007424       0x16 ./SDK/platform/drivers/src/flexcan/flexcan_irq.o
                0x01007424                CAN5_ORed_IRQHandler
 *fill*         0x0100743a        0x2 
 .text.CAN5_Error_IRQHandler
                0x0100743c       0x16 ./SDK/platform/drivers/src/flexcan/flexcan_irq.o
                0x0100743c                CAN5_Error_IRQHandler
 *fill*         0x01007452        0x2 
 .text.CAN5_ORed_00_03_MB_IRQHandler
                0x01007454       0x16 ./SDK/platform/drivers/src/flexcan/flexcan_irq.o
                0x01007454                CAN5_ORed_00_03_MB_IRQHandler
 *fill*         0x0100746a        0x2 
 .text.CAN5_ORed_04_07_MB_IRQHandler
                0x0100746c       0x16 ./SDK/platform/drivers/src/flexcan/flexcan_irq.o
                0x0100746c                CAN5_ORed_04_07_MB_IRQHandler
 *fill*         0x01007482        0x2 
 .text.CAN5_ORed_08_11_MB_IRQHandler
                0x01007484       0x16 ./SDK/platform/drivers/src/flexcan/flexcan_irq.o
                0x01007484                CAN5_ORed_08_11_MB_IRQHandler
 *fill*         0x0100749a        0x2 
 .text.CAN5_ORed_12_15_MB_IRQHandler
                0x0100749c       0x16 ./SDK/platform/drivers/src/flexcan/flexcan_irq.o
                0x0100749c                CAN5_ORed_12_15_MB_IRQHandler
 *fill*         0x010074b2        0x2 
 .text.CAN5_ORed_16_31_MB_IRQHandler
                0x010074b4       0x16 ./SDK/platform/drivers/src/flexcan/flexcan_irq.o
                0x010074b4                CAN5_ORed_16_31_MB_IRQHandler
 *fill*         0x010074ca        0x2 
 .text.CAN5_ORed_32_63_MB_IRQHandler
                0x010074cc       0x16 ./SDK/platform/drivers/src/flexcan/flexcan_irq.o
                0x010074cc                CAN5_ORed_32_63_MB_IRQHandler
 *fill*         0x010074e2        0x2 
 .text.CAN5_ORed_64_95_MB_IRQHandler
                0x010074e4       0x16 ./SDK/platform/drivers/src/flexcan/flexcan_irq.o
                0x010074e4                CAN5_ORed_64_95_MB_IRQHandler
 *fill*         0x010074fa        0x2 
 .text.CAN6_ORed_IRQHandler
                0x010074fc       0x16 ./SDK/platform/drivers/src/flexcan/flexcan_irq.o
                0x010074fc                CAN6_ORed_IRQHandler
 *fill*         0x01007512        0x2 
 .text.CAN6_Error_IRQHandler
                0x01007514       0x16 ./SDK/platform/drivers/src/flexcan/flexcan_irq.o
                0x01007514                CAN6_Error_IRQHandler
 *fill*         0x0100752a        0x2 
 .text.CAN6_ORed_00_03_MB_IRQHandler
                0x0100752c       0x16 ./SDK/platform/drivers/src/flexcan/flexcan_irq.o
                0x0100752c                CAN6_ORed_00_03_MB_IRQHandler
 *fill*         0x01007542        0x2 
 .text.CAN6_ORed_04_07_MB_IRQHandler
                0x01007544       0x16 ./SDK/platform/drivers/src/flexcan/flexcan_irq.o
                0x01007544                CAN6_ORed_04_07_MB_IRQHandler
 *fill*         0x0100755a        0x2 
 .text.CAN6_ORed_08_11_MB_IRQHandler
                0x0100755c       0x16 ./SDK/platform/drivers/src/flexcan/flexcan_irq.o
                0x0100755c                CAN6_ORed_08_11_MB_IRQHandler
 *fill*         0x01007572        0x2 
 .text.CAN6_ORed_12_15_MB_IRQHandler
                0x01007574       0x16 ./SDK/platform/drivers/src/flexcan/flexcan_irq.o
                0x01007574                CAN6_ORed_12_15_MB_IRQHandler
 *fill*         0x0100758a        0x2 
 .text.CAN6_ORed_16_31_MB_IRQHandler
                0x0100758c       0x16 ./SDK/platform/drivers/src/flexcan/flexcan_irq.o
                0x0100758c                CAN6_ORed_16_31_MB_IRQHandler
 *fill*         0x010075a2        0x2 
 .text.CAN6_ORed_32_63_MB_IRQHandler
                0x010075a4       0x16 ./SDK/platform/drivers/src/flexcan/flexcan_irq.o
                0x010075a4                CAN6_ORed_32_63_MB_IRQHandler
 *fill*         0x010075ba        0x2 
 .text.CAN6_ORed_64_95_MB_IRQHandler
                0x010075bc       0x16 ./SDK/platform/drivers/src/flexcan/flexcan_irq.o
                0x010075bc                CAN6_ORed_64_95_MB_IRQHandler
 *fill*         0x010075d2        0x2 
 .text.CAN7_ORed_IRQHandler
                0x010075d4       0x16 ./SDK/platform/drivers/src/flexcan/flexcan_irq.o
                0x010075d4                CAN7_ORed_IRQHandler
 *fill*         0x010075ea        0x2 
 .text.CAN7_Error_IRQHandler
                0x010075ec       0x16 ./SDK/platform/drivers/src/flexcan/flexcan_irq.o
                0x010075ec                CAN7_Error_IRQHandler
 *fill*         0x01007602        0x2 
 .text.CAN7_ORed_00_03_MB_IRQHandler
                0x01007604       0x16 ./SDK/platform/drivers/src/flexcan/flexcan_irq.o
                0x01007604                CAN7_ORed_00_03_MB_IRQHandler
 *fill*         0x0100761a        0x2 
 .text.CAN7_ORed_04_07_MB_IRQHandler
                0x0100761c       0x16 ./SDK/platform/drivers/src/flexcan/flexcan_irq.o
                0x0100761c                CAN7_ORed_04_07_MB_IRQHandler
 *fill*         0x01007632        0x2 
 .text.CAN7_ORed_08_11_MB_IRQHandler
                0x01007634       0x16 ./SDK/platform/drivers/src/flexcan/flexcan_irq.o
                0x01007634                CAN7_ORed_08_11_MB_IRQHandler
 *fill*         0x0100764a        0x2 
 .text.CAN7_ORed_12_15_MB_IRQHandler
                0x0100764c       0x16 ./SDK/platform/drivers/src/flexcan/flexcan_irq.o
                0x0100764c                CAN7_ORed_12_15_MB_IRQHandler
 *fill*         0x01007662        0x2 
 .text.CAN7_ORed_16_31_MB_IRQHandler
                0x01007664       0x16 ./SDK/platform/drivers/src/flexcan/flexcan_irq.o
                0x01007664                CAN7_ORed_16_31_MB_IRQHandler
 *fill*         0x0100767a        0x2 
 .text.CAN7_ORed_32_63_MB_IRQHandler
                0x0100767c       0x16 ./SDK/platform/drivers/src/flexcan/flexcan_irq.o
                0x0100767c                CAN7_ORed_32_63_MB_IRQHandler
 *fill*         0x01007692        0x2 
 .text.CAN7_ORed_64_95_MB_IRQHandler
                0x01007694       0x16 ./SDK/platform/drivers/src/flexcan/flexcan_irq.o
                0x01007694                CAN7_ORed_64_95_MB_IRQHandler
 *fill*         0x010076aa        0x2 
 .text.INT_SYS_InstallHandler
                0x010076ac       0x62 ./SDK/platform/drivers/src/interrupt/interrupt_manager_MPC57xx.o
                0x010076ac                INT_SYS_InstallHandler
 *fill*         0x0100770e        0x2 
 .text.INT_SYS_EnableIRQ
                0x01007710       0x4c ./SDK/platform/drivers/src/interrupt/interrupt_manager_MPC57xx.o
                0x01007710                INT_SYS_EnableIRQ
 .text.INT_SYS_DisableIRQ
                0x0100775c       0x4a ./SDK/platform/drivers/src/interrupt/interrupt_manager_MPC57xx.o
                0x0100775c                INT_SYS_DisableIRQ
 *fill*         0x010077a6        0x2 
 .text.INT_SYS_EnableIRQGlobal
                0x010077a8       0x26 ./SDK/platform/drivers/src/interrupt/interrupt_manager_MPC57xx.o
                0x010077a8                INT_SYS_EnableIRQGlobal
 *fill*         0x010077ce        0x2 
 .text.INT_SYS_DisableIRQGlobal
                0x010077d0       0x10 ./SDK/platform/drivers/src/interrupt/interrupt_manager_MPC57xx.o
                0x010077d0                INT_SYS_DisableIRQGlobal
 .text.PINS_DRV_Init
                0x010077e0       0x38 ./SDK/platform/drivers/src/pins/siul2/pins_siul2_driver.o
                0x010077e0                PINS_DRV_Init
 .text.PINS_DRV_ClearPins
                0x01007818       0x5a ./SDK/platform/drivers/src/pins/siul2/pins_siul2_driver.o
                0x01007818                PINS_DRV_ClearPins
 *fill*         0x01007872        0x2 
 .text.PINS_DRV_TogglePins
                0x01007874       0x5a ./SDK/platform/drivers/src/pins/siul2/pins_siul2_driver.o
                0x01007874                PINS_DRV_TogglePins
 *fill*         0x010078ce        0x2 
 .text.PINS_DRV_ClearPinExIntFlag
                0x010078d0       0x18 ./SDK/platform/drivers/src/pins/siul2/pins_siul2_driver.o
                0x010078d0                PINS_DRV_ClearPinExIntFlag
 .text.PINS_DRV_GetPinExIntFlag
                0x010078e8       0x1a ./SDK/platform/drivers/src/pins/siul2/pins_siul2_driver.o
                0x010078e8                PINS_DRV_GetPinExIntFlag
 *fill*         0x01007902        0x2 
 .text.PINS_DRV_ClearExIntFlag
                0x01007904        0xa ./SDK/platform/drivers/src/pins/siul2/pins_siul2_driver.o
                0x01007904                PINS_DRV_ClearExIntFlag
 *fill*         0x0100790e        0x2 
 .text.PINS_Init
                0x01007910      0x1a6 ./SDK/platform/drivers/src/pins/siul2/siul2_hw_access.o
                0x01007910                PINS_Init
 *fill*         0x01007ab6        0x2 
 .text.PIT_DRV_Init
                0x01007ab8       0xb8 ./SDK/platform/drivers/src/pit/pit_driver.o
                0x01007ab8                PIT_DRV_Init
 .text.PIT_DRV_StartChannel
                0x01007b70       0x66 ./SDK/platform/drivers/src/pit/pit_driver.o
                0x01007b70                PIT_DRV_StartChannel
 *fill*         0x01007bd6        0x2 
 .text.PIT_DRV_StopChannel
                0x01007bd8       0x44 ./SDK/platform/drivers/src/pit/pit_driver.o
                0x01007bd8                PIT_DRV_StopChannel
 .text.PIT_DRV_SetTimerPeriodByCount
                0x01007c1c       0x38 ./SDK/platform/drivers/src/pit/pit_driver.o
                0x01007c1c                PIT_DRV_SetTimerPeriodByCount
 .text.PIT_DRV_SetTimerPeriodByUs
                0x01007c54      0x11c ./SDK/platform/drivers/src/pit/pit_driver.o
                0x01007c54                PIT_DRV_SetTimerPeriodByUs
 .text.PIT_DRV_EnableChannelInterrupt
                0x01007d70       0x44 ./SDK/platform/drivers/src/pit/pit_driver.o
                0x01007d70                PIT_DRV_EnableChannelInterrupt
 .text.PIT_DRV_DisableChannelInterrupt
                0x01007db4       0x44 ./SDK/platform/drivers/src/pit/pit_driver.o
                0x01007db4                PIT_DRV_DisableChannelInterrupt
 .text.PIT_DRV_InitChannel
                0x01007df8      0x15a ./SDK/platform/drivers/src/pit/pit_driver.o
                0x01007df8                PIT_DRV_InitChannel
 *fill*         0x01007f52        0x2 
 .text.PIT_DRV_ClearStatusFlags
                0x01007f54       0x3e ./SDK/platform/drivers/src/pit/pit_driver.o
                0x01007f54                PIT_DRV_ClearStatusFlags
 *fill*         0x01007f92        0x2 
 .text.CAN_FindFlexCANState
                0x01007f94       0x1c ./SDK/platform/pal/src/can/can_pal.o
 .text.CAN_Init
                0x01007fb0      0x16c ./SDK/platform/pal/src/can/can_pal.o
                0x01007fb0                CAN_Init
 .text.CAN_ConfigTxBuff
                0x0100811c      0x118 ./SDK/platform/pal/src/can/can_pal.o
                0x0100811c                CAN_ConfigTxBuff
 .text.CAN_ConfigRxBuff
                0x01008234      0x122 ./SDK/platform/pal/src/can/can_pal.o
                0x01008234                CAN_ConfigRxBuff
 *fill*         0x01008356        0x2 
 .text.CAN_Send
                0x01008358      0x11e ./SDK/platform/pal/src/can/can_pal.o
                0x01008358                CAN_Send
 *fill*         0x01008476        0x2 
 .text.CAN_Receive
                0x01008478       0xc6 ./SDK/platform/pal/src/can/can_pal.o
                0x01008478                CAN_Receive
 *fill*         0x0100853e        0x2 
 .text.CAN_GetTransferStatus
                0x01008540       0x98 ./SDK/platform/pal/src/can/can_pal.o
                0x01008540                CAN_GetTransferStatus
 .text.PIT_Ch0_IRQHandler
                0x010085d8       0x18 ./SDK/platform/pal/src/timing/timing_irq.o
                0x010085d8                PIT_Ch0_IRQHandler
 .text.PIT_Ch1_IRQHandler
                0x010085f0       0x18 ./SDK/platform/pal/src/timing/timing_irq.o
                0x010085f0                PIT_Ch1_IRQHandler
 .text.PIT_Ch2_IRQHandler
                0x01008608       0x18 ./SDK/platform/pal/src/timing/timing_irq.o
                0x01008608                PIT_Ch2_IRQHandler
 .text.PIT_Ch3_IRQHandler
                0x01008620       0x18 ./SDK/platform/pal/src/timing/timing_irq.o
                0x01008620                PIT_Ch3_IRQHandler
 .text.PIT_Ch4_IRQHandler
                0x01008638       0x18 ./SDK/platform/pal/src/timing/timing_irq.o
                0x01008638                PIT_Ch4_IRQHandler
 .text.PIT_Ch5_IRQHandler
                0x01008650       0x18 ./SDK/platform/pal/src/timing/timing_irq.o
                0x01008650                PIT_Ch5_IRQHandler
 .text.PIT_Ch6_IRQHandler
                0x01008668       0x18 ./SDK/platform/pal/src/timing/timing_irq.o
                0x01008668                PIT_Ch6_IRQHandler
 .text.PIT_Ch7_IRQHandler
                0x01008680       0x18 ./SDK/platform/pal/src/timing/timing_irq.o
                0x01008680                PIT_Ch7_IRQHandler
 .text.PIT_Ch8_IRQHandler
                0x01008698       0x18 ./SDK/platform/pal/src/timing/timing_irq.o
                0x01008698                PIT_Ch8_IRQHandler
 .text.PIT_Ch9_IRQHandler
                0x010086b0       0x18 ./SDK/platform/pal/src/timing/timing_irq.o
                0x010086b0                PIT_Ch9_IRQHandler
 .text.PIT_Ch10_IRQHandler
                0x010086c8       0x18 ./SDK/platform/pal/src/timing/timing_irq.o
                0x010086c8                PIT_Ch10_IRQHandler
 .text.PIT_Ch11_IRQHandler
                0x010086e0       0x18 ./SDK/platform/pal/src/timing/timing_irq.o
                0x010086e0                PIT_Ch11_IRQHandler
 .text.PIT_Ch12_IRQHandler
                0x010086f8       0x18 ./SDK/platform/pal/src/timing/timing_irq.o
                0x010086f8                PIT_Ch12_IRQHandler
 .text.PIT_Ch13_IRQHandler
                0x01008710       0x18 ./SDK/platform/pal/src/timing/timing_irq.o
                0x01008710                PIT_Ch13_IRQHandler
 .text.PIT_Ch14_IRQHandler
                0x01008728       0x18 ./SDK/platform/pal/src/timing/timing_irq.o
                0x01008728                PIT_Ch14_IRQHandler
 .text.PIT_Ch15_IRQHandler
                0x01008740       0x18 ./SDK/platform/pal/src/timing/timing_irq.o
                0x01008740                PIT_Ch15_IRQHandler
 .text.TIMING_InitChannelState
                0x01008758       0x3c ./SDK/platform/pal/src/timing/timing_pal.o
 .text.TIMING_Init
                0x01008794      0x158 ./SDK/platform/pal/src/timing/timing_pal.o
                0x01008794                TIMING_Init
 .text.TIMING_StartChannel
                0x010088ec       0xae ./SDK/platform/pal/src/timing/timing_pal.o
                0x010088ec                TIMING_StartChannel
 *fill*         0x0100899a        0x2 
 .text.TIMING_GetResolution
                0x0100899c      0x140 ./SDK/platform/pal/src/timing/timing_pal.o
                0x0100899c                TIMING_GetResolution
 .text.TIMING_Pit_IrqHandler
                0x01008adc       0x9e ./SDK/platform/pal/src/timing/timing_pal.o
                0x01008adc                TIMING_Pit_IrqHandler
 *fill*         0x01008b7a        0x2 
 .text.OSIF_SemaPost
                0x01008b7c       0x54 ./SDK/rtos/osif/osif_baremetal.o
                0x01008b7c                OSIF_SemaPost
 .text.OSIF_SemaCreate
                0x01008bd0       0x42 ./SDK/rtos/osif/osif_baremetal.o
                0x01008bd0                OSIF_SemaCreate
 *fill*         0x01008c12        0x2 
 .text.OSIF_SemaDestroy
                0x01008c14       0x1e ./SDK/rtos/osif/osif_baremetal.o
                0x01008c14                OSIF_SemaDestroy
 *fill*         0x01008c32        0x2 
 .text.buttonISR
                0x01008c34       0xa6 ./Sources/main.o
                0x01008c34                buttonISR
 *fill*         0x01008cda        0x2 
 .text.BoardInit
                0x01008cdc       0x3e ./Sources/main.o
                0x01008cdc                BoardInit
 *fill*         0x01008d1a        0x2 
 .text.GPIOInit
                0x01008d1c       0x5e ./Sources/main.o
                0x01008d1c                GPIOInit
 *fill*         0x01008d7a        0x2 
 .text.sendCan  0x01008d7c       0xa8 ./Sources/main.o
                0x01008d7c                sendCan
 .text.clock_callback
                0x01008e24       0x30 ./Sources/main.o
                0x01008e24                clock_callback
 .text.main     0x01008e54       0xd6 ./Sources/main.o
                0x01008e54                main
 *fill*         0x01008f2a        0x2 
 .text.CanIf_Transmit
                0x01008f2c       0x34 ./src/CanIf.o
                0x01008f2c                CanIf_Transmit
 .text.send_result
                0x01008f60       0x14 ./src/CanIf.o
                0x01008f60                send_result
 .text.send_message
                0x01008f74       0x2c ./src/Com.o
                0x01008f74                send_message
 .text.Com_TxConfirmation
                0x01008fa0        0x2 ./src/Com.o
                0x01008fa0                Com_TxConfirmation
 *fill*         0x01008fa2        0x2 
 .text.PduR_CanIfTxConfirmation
                0x01008fa4       0x14 ./src/PduR_CanIf.o
                0x01008fa4                PduR_CanIfTxConfirmation
 .text.PduR_ComTransmit
                0x01008fb8       0x14 ./src/PduR_Com.o
                0x01008fb8                PduR_ComTransmit
 .text.PduR_SecOCTransmit
                0x01008fcc       0x14 ./src/PduR_SecOC.o
                0x01008fcc                PduR_SecOCTransmit
 .text.PduR_SecOCIfTxConfirmation
                0x01008fe0       0x14 ./src/PduR_SecOC.o
                0x01008fe0                PduR_SecOCIfTxConfirmation
 .text.init     0x01008ff4        0x8 ./src/SecOC.o
                0x01008ff4                init
 .text.is_legal
                0x01008ffc       0x1a ./src/SecOC.o
                0x01008ffc                is_legal
 *fill*         0x01009016        0x2 
 .text.SecOC_IfTransmit
                0x01009018       0x40 ./src/SecOC.o
                0x01009018                SecOC_IfTransmit
 .text.SecOC_MainFunctionTx
                0x01009058       0x68 ./src/SecOC.o
                0x01009058                SecOC_MainFunctionTx
 .text.SecOC_TxConfirmation
                0x010090c0       0x34 ./src/SecOC.o
                0x010090c0                SecOC_TxConfirmation
 .text.memcpy   0x010090f4       0x3c C:/NXP/S32DS_Power_v2.1/S32DS/build_tools/e200_ewl2/lib/e200z4/fp\libc99.a(memcpy.o)
                0x010090f4                memcpy
 .text.memset   0x01009130       0x1a C:/NXP/S32DS_Power_v2.1/S32DS/build_tools/e200_ewl2/lib/e200z4/fp\libc99.a(memset.o)
                0x01009130                memset
 .text.__fill_mem
                0x0100914a       0xa0 C:/NXP/S32DS_Power_v2.1/S32DS/build_tools/e200_ewl2/lib/e200z4/fp\libc99.a(__filll_mem.o)
                0x0100914a                __fill_mem
 *(.init)
 *fill*         0x010091ea        0x2 
 .init          0x010091ec        0xc c:/nxp/s32ds_power_v2.1/s32ds/build_tools/powerpc-eabivle-4_9/bin/../lib/gcc/powerpc-eabivle/4.9.4/e200z4/fp/ecrti.o
                0x010091ec                __init
 .init          0x010091f8        0x4 c:/nxp/s32ds_power_v2.1/s32ds/build_tools/powerpc-eabivle-4_9/bin/../lib/gcc/powerpc-eabivle/4.9.4/e200z4/fp/crtbegin.o
 .init          0x010091fc        0x4 c:/nxp/s32ds_power_v2.1/s32ds/build_tools/powerpc-eabivle-4_9/bin/../lib/gcc/powerpc-eabivle/4.9.4/e200z4/fp/crtend.o
 .init          0x01009200        0xa c:/nxp/s32ds_power_v2.1/s32ds/build_tools/powerpc-eabivle-4_9/bin/../lib/gcc/powerpc-eabivle/4.9.4/e200z4/fp/ecrtn.o
 *(.fini)
 *fill*         0x0100920a        0x2 
 .fini          0x0100920c        0xc c:/nxp/s32ds_power_v2.1/s32ds/build_tools/powerpc-eabivle-4_9/bin/../lib/gcc/powerpc-eabivle/4.9.4/e200z4/fp/ecrti.o
                0x0100920c                __fini
 .fini          0x01009218        0x4 c:/nxp/s32ds_power_v2.1/s32ds/build_tools/powerpc-eabivle-4_9/bin/../lib/gcc/powerpc-eabivle/4.9.4/e200z4/fp/crtbegin.o
 .fini          0x0100921c        0xa c:/nxp/s32ds_power_v2.1/s32ds/build_tools/powerpc-eabivle-4_9/bin/../lib/gcc/powerpc-eabivle/4.9.4/e200z4/fp/ecrtn.o
                0x01009230                . = ALIGN (0x10)
 *fill*         0x01009226        0xa 

.glink          0x01009230        0x0
 .glink         0x01009230        0x0 c:/nxp/s32ds_power_v2.1/s32ds/build_tools/powerpc-eabivle-4_9/bin/../lib/gcc/powerpc-eabivle/4.9.4/e200z4/fp/crtbegin.o

.sdata2         0x01009230       0x10
                0x01009230                . = ALIGN (0x4)
                0x01009230                __sdata2_start__ = .
 *(.sdata2)
 .sdata2        0x01009230        0x0 c:/nxp/s32ds_power_v2.1/s32ds/build_tools/powerpc-eabivle-4_9/bin/../lib/gcc/powerpc-eabivle/4.9.4/e200z4/fp/ecrti.o
                0x01009230                __SDATA2_START__
 .sdata2        0x01009230        0x0 c:/nxp/s32ds_power_v2.1/s32ds/build_tools/powerpc-eabivle-4_9/bin/../lib/gcc/powerpc-eabivle/4.9.4/e200z4/fp/crtbegin.o
                0x01011230                _SDA2_BASE_
 *(.sdata2.*)
 .sdata2.can_pal1_instance
                0x01009230        0x8 ./Generated_Code/can_pal1.o
                0x01009230                can_pal1_instance
 .sdata2.timing_pal1_instance
                0x01009238        0x8 ./Generated_Code/timing_pal1.o
                0x01009238                timing_pal1_instance
                0x01009240                . = ALIGN (0x4)
                0x01009240                __sdata2_end__ = .

.got2           0x01009240       0x1c
 *(.got2*)
 .got2          0x01009240       0x1c c:/nxp/s32ds_power_v2.1/s32ds/build_tools/powerpc-eabivle-4_9/bin/../lib/gcc/powerpc-eabivle/4.9.4/e200z4/fp\libgcc.a(eabivle.o)

.preinit_array  0x0100925c        0x0
                0x0100925c                PROVIDE (__preinit_array_start, .)
 *(.preinit_array)
                0x0100925c                PROVIDE (__preinit_array_end, .)

.init_array     0x0100925c        0x0
                0x0100925c                PROVIDE (__init_array_start, .)
 *(SORT(.init_array.*))
 *(.init_array)
                0x0100925c                PROVIDE (__init_array_end, .)

.dtors          0x0100925c        0x8
 *crtbegin.o(.dtors)
 .dtors         0x0100925c        0x4 c:/nxp/s32ds_power_v2.1/s32ds/build_tools/powerpc-eabivle-4_9/bin/../lib/gcc/powerpc-eabivle/4.9.4/e200z4/fp/crtbegin.o
 *crtbegin?.o(.dtors)
 *(EXCLUDE_FILE(*crtend?.o *crtend.o) .dtors)
 .dtors         0x01009260        0x0 c:/nxp/s32ds_power_v2.1/s32ds/build_tools/powerpc-eabivle-4_9/bin/../lib/gcc/powerpc-eabivle/4.9.4/e200z4/fp/ecrti.o
                0x01009260                __DTOR_LIST__
 .dtors         0x01009260        0x0 c:/nxp/s32ds_power_v2.1/s32ds/build_tools/powerpc-eabivle-4_9/bin/../lib/gcc/powerpc-eabivle/4.9.4/e200z4/fp/ecrtn.o
 *(SORT(.dtors.*))
 *(.dtors)
 .dtors         0x01009260        0x4 c:/nxp/s32ds_power_v2.1/s32ds/build_tools/powerpc-eabivle-4_9/bin/../lib/gcc/powerpc-eabivle/4.9.4/e200z4/fp/crtend.o
                0x01009260                __DTOR_END__

.ctors          0x01009264        0x8
 *crtbegin.o(.ctors)
 .ctors         0x01009264        0x4 c:/nxp/s32ds_power_v2.1/s32ds/build_tools/powerpc-eabivle-4_9/bin/../lib/gcc/powerpc-eabivle/4.9.4/e200z4/fp/crtbegin.o
 *crtbegin?.o(.ctors)
 *(EXCLUDE_FILE(*crtend?.o *crtend.o) .ctors)
 .ctors         0x01009268        0x0 c:/nxp/s32ds_power_v2.1/s32ds/build_tools/powerpc-eabivle-4_9/bin/../lib/gcc/powerpc-eabivle/4.9.4/e200z4/fp/ecrti.o
                0x01009268                __CTOR_LIST__
 .ctors         0x01009268        0x0 c:/nxp/s32ds_power_v2.1/s32ds/build_tools/powerpc-eabivle-4_9/bin/../lib/gcc/powerpc-eabivle/4.9.4/e200z4/fp/ecrtn.o
                0x01009268                __CTOR_END__
 *(SORT(.ctors.*))
 *(.ctors)
 .ctors         0x01009268        0x4 c:/nxp/s32ds_power_v2.1/s32ds/build_tools/powerpc-eabivle-4_9/bin/../lib/gcc/powerpc-eabivle/4.9.4/e200z4/fp/crtend.o

.fini_array     0x0100926c        0x0
                0x0100926c                PROVIDE (__fini_array_start, .)
 *(SORT(.fini_array.*))
 *(.fini_array)
                0x0100926c                PROVIDE (__fini_array_end, .)

.rodata         0x0100926c      0x9bc
 *(.rodata)
 .rodata        0x0100926c       0x10 ./SDK/platform/drivers/src/flexcan/flexcan_driver.o
 .rodata        0x0100927c       0x44 ./SDK/platform/drivers/src/pit/pit_driver.o
 *(.rodata.*)
 .rodata.can_pal1_Config0
                0x010092c0       0x44 ./Generated_Code/can_pal1.o
                0x010092c0                can_pal1_Config0
 .rodata.s_vectors
                0x01009304        0xc ./SDK/platform/devices/startup.o
 .rodata.CLOCK_DRV_Init
                0x01009310      0x100 ./SDK/platform/drivers/src/clock/MPC57xx/clock_MPC57xx.o
 .rodata.CLOCK_DRV_GetFreq
                0x01009410       0x6c ./SDK/platform/drivers/src/clock/MPC57xx/clock_MPC57xx.o
 .rodata.interfaceClocks
                0x0100947c      0x214 ./SDK/platform/drivers/src/clock/MPC57xx/clock_MPC57xx.o
 .rodata.monitoredClocks
                0x01009690      0x214 ./SDK/platform/drivers/src/clock/MPC57xx/clock_MPC57xx.o
 .rodata.clockNameMappings
                0x010098a4      0x10a ./SDK/platform/drivers/src/clock/MPC57xx/clock_MPC57xx.o
                0x010098a4                clockNameMappings
 *fill*         0x010099ae        0x2 
 .rodata.EDMA_DRV_ConfigSingleBlockTransfer
                0x010099b0       0x10 ./SDK/platform/drivers/src/edma/edma_driver.o
 .rodata.g_flexcanBusOffIrqId
                0x010099c0       0x20 ./SDK/platform/drivers/src/flexcan/flexcan_driver.o
 .rodata.g_flexcanErrorIrqId
                0x010099e0       0x20 ./SDK/platform/drivers/src/flexcan/flexcan_driver.o
 .rodata.g_flexcanOredMessageBufferIrqId
                0x01009a00       0xe0 ./SDK/platform/drivers/src/flexcan/flexcan_driver.o
 .rodata.g_flexcanBase
                0x01009ae0       0x20 ./SDK/platform/drivers/src/flexcan/flexcan_driver.o
 .rodata.g_flexcanWakeUpIrqId
                0x01009b00       0x20 ./SDK/platform/drivers/src/flexcan/flexcan_driver.o
 .rodata.FLEXCAN_ComputePayloadSize
                0x01009b20       0x1c ./SDK/platform/drivers/src/flexcan/flexcan_hw_access.o
 .rodata.FLEXCAN_SetRxFifoFilter
                0x01009b3c       0x10 ./SDK/platform/drivers/src/flexcan/flexcan_hw_access.o
 .rodata.FLEXCAN_SetOperationMode
                0x01009b4c       0x14 ./SDK/platform/drivers/src/flexcan/flexcan_hw_access.o
 .rodata.flexcanBase.5515
                0x01009b60       0x20 ./SDK/platform/drivers/src/flexcan/flexcan_hw_access.o
 .rodata.maxMbNum.5516
                0x01009b80       0x20 ./SDK/platform/drivers/src/flexcan/flexcan_hw_access.o
 .rodata.payload_code.5496
                0x01009ba0       0x41 ./SDK/platform/drivers/src/flexcan/flexcan_hw_access.o
 *fill*         0x01009be1        0x3 
 .rodata.s_pitIrq
                0x01009be4       0x44 ./SDK/platform/pal/src/timing/timing_pal.o

.sbss2          0x01009c28        0x0
 .sbss2         0x01009c28        0x0 c:/nxp/s32ds_power_v2.1/s32ds/build_tools/powerpc-eabivle-4_9/bin/../lib/gcc/powerpc-eabivle/4.9.4/e200z4/fp/ecrtn.o

.eh_frame_hdr   0x01009c28       0x1c
 *(.eh_frame_hdr)
 .eh_frame_hdr  0x01009c28       0x1c c:/nxp/s32ds_power_v2.1/s32ds/build_tools/powerpc-eabivle-4_9/bin/../lib/gcc/powerpc-eabivle/4.9.4/e200z4/fp\libgcc.a(_udivdi3.o)
                0x01009c28                __GNU_EH_FRAME_HDR

.eh_frame       0x01009c44       0xcc
 *(.eh_frame)
 .eh_frame      0x01009c44        0x0 c:/nxp/s32ds_power_v2.1/s32ds/build_tools/powerpc-eabivle-4_9/bin/../lib/gcc/powerpc-eabivle/4.9.4/e200z4/fp/ecrti.o
                0x01009c44                __EH_FRAME_BEGIN__
 .eh_frame      0x01009c44        0x0 c:/nxp/s32ds_power_v2.1/s32ds/build_tools/powerpc-eabivle-4_9/bin/../lib/gcc/powerpc-eabivle/4.9.4/e200z4/fp/crtbegin.o
 .eh_frame      0x01009c44        0x0 c:/nxp/s32ds_power_v2.1/s32ds/build_tools/powerpc-eabivle-4_9/bin/../lib/gcc/powerpc-eabivle/4.9.4/e200z4/fp/crtbegin.o
 .eh_frame      0x01009c44       0x48 c:/nxp/s32ds_power_v2.1/s32ds/build_tools/powerpc-eabivle-4_9/bin/../lib/gcc/powerpc-eabivle/4.9.4/e200z4/fp\libgcc.a(_udivdi3.o)
 .eh_frame      0x01009c8c        0x0 c:/nxp/s32ds_power_v2.1/s32ds/build_tools/powerpc-eabivle-4_9/bin/../lib/gcc/powerpc-eabivle/4.9.4/e200z4/fp\libgcc.a(_umoddi3.o)
                                 0x4c (size before relaxing)
 .eh_frame      0x01009c8c        0x0 c:/nxp/s32ds_power_v2.1/s32ds/build_tools/powerpc-eabivle-4_9/bin/../lib/gcc/powerpc-eabivle/4.9.4/e200z4/fp\libgcc.a(e200crtsavgpr.o)
                                 0x28 (size before relaxing)
 .eh_frame      0x01009c8c       0x7c c:/nxp/s32ds_power_v2.1/s32ds/build_tools/powerpc-eabivle-4_9/bin/../lib/gcc/powerpc-eabivle/4.9.4/e200z4/fp\libgcc.a(e200crtresxgpr.o)
 .eh_frame      0x01009d08        0x4 c:/nxp/s32ds_power_v2.1/s32ds/build_tools/powerpc-eabivle-4_9/bin/../lib/gcc/powerpc-eabivle/4.9.4/e200z4/fp/crtend.o
 .eh_frame      0x01009d0c        0x4 c:/nxp/s32ds_power_v2.1/s32ds/build_tools/powerpc-eabivle-4_9/bin/../lib/gcc/powerpc-eabivle/4.9.4/e200z4/fp/ecrtn.o
                0x01009d0c                __EH_FRAME_END__

.init_table     0x01009d10       0x40
                0x01009d10                . = ALIGN (0x4)
                0x01009d10                __COPY_TABLE = .
 *(.init_table)
 .init_table    0x01009d10       0x40 ./Project_Settings/Startup_Code/startup_MPC5748G.o

.zero_table     0x01009d50       0x14
                0x01009d50                . = ALIGN (0x4)
                0x01009d50                __ZERO_TABLE = .
 *(.zero_table)
 .zero_table    0x01009d50       0x14 ./Project_Settings/Startup_Code/startup_MPC5748G.o
                0x01009d64                __TEXT_END = .

.rela.dyn       0x01009d64        0x0
 .rela.iplt     0x01009d64        0x0 c:/nxp/s32ds_power_v2.1/s32ds/build_tools/powerpc-eabivle-4_9/bin/../lib/gcc/powerpc-eabivle/4.9.4/e200z4/fp/crtbegin.o
 .rela.text     0x01009d64        0x0 c:/nxp/s32ds_power_v2.1/s32ds/build_tools/powerpc-eabivle-4_9/bin/../lib/gcc/powerpc-eabivle/4.9.4/e200z4/fp/crtbegin.o
 .rela.data.timing_pal1_channelConfigs
                0x01009d64        0x0 c:/nxp/s32ds_power_v2.1/s32ds/build_tools/powerpc-eabivle-4_9/bin/../lib/gcc/powerpc-eabivle/4.9.4/e200z4/fp/crtbegin.o
 .rela.init_table
                0x01009d64        0x0 c:/nxp/s32ds_power_v2.1/s32ds/build_tools/powerpc-eabivle-4_9/bin/../lib/gcc/powerpc-eabivle/4.9.4/e200z4/fp/crtbegin.o
 .rela.zero_table
                0x01009d64        0x0 c:/nxp/s32ds_power_v2.1/s32ds/build_tools/powerpc-eabivle-4_9/bin/../lib/gcc/powerpc-eabivle/4.9.4/e200z4/fp/crtbegin.o
 .rela.cpu0_reset_vector
                0x01009d64        0x0 c:/nxp/s32ds_power_v2.1/s32ds/build_tools/powerpc-eabivle-4_9/bin/../lib/gcc/powerpc-eabivle/4.9.4/e200z4/fp/crtbegin.o
 .rela.intc_vector_table
                0x01009d64        0x0 c:/nxp/s32ds_power_v2.1/s32ds/build_tools/powerpc-eabivle-4_9/bin/../lib/gcc/powerpc-eabivle/4.9.4/e200z4/fp/crtbegin.o
 .rela.text.init_data_bss
                0x01009d64        0x0 c:/nxp/s32ds_power_v2.1/s32ds/build_tools/powerpc-eabivle-4_9/bin/../lib/gcc/powerpc-eabivle/4.9.4/e200z4/fp/crtbegin.o
 .rela.text.INT_SYS_InstallHandler
                0x01009d64        0x0 c:/nxp/s32ds_power_v2.1/s32ds/build_tools/powerpc-eabivle-4_9/bin/../lib/gcc/powerpc-eabivle/4.9.4/e200z4/fp/crtbegin.o
 .rela.text.sendCan
                0x01009d64        0x0 c:/nxp/s32ds_power_v2.1/s32ds/build_tools/powerpc-eabivle-4_9/bin/../lib/gcc/powerpc-eabivle/4.9.4/e200z4/fp/crtbegin.o
 .rela.text.SecOC_IfTransmit
                0x01009d64        0x0 c:/nxp/s32ds_power_v2.1/s32ds/build_tools/powerpc-eabivle-4_9/bin/../lib/gcc/powerpc-eabivle/4.9.4/e200z4/fp/crtbegin.o
 .rela.text.SecOC_MainFunctionTx
                0x01009d64        0x0 c:/nxp/s32ds_power_v2.1/s32ds/build_tools/powerpc-eabivle-4_9/bin/../lib/gcc/powerpc-eabivle/4.9.4/e200z4/fp/crtbegin.o
 .rela.text.SecOC_RxIndication
                0x01009d64        0x0 c:/nxp/s32ds_power_v2.1/s32ds/build_tools/powerpc-eabivle-4_9/bin/../lib/gcc/powerpc-eabivle/4.9.4/e200z4/fp/crtbegin.o
 .rela.text.getwchar
                0x01009d64        0x0 c:/nxp/s32ds_power_v2.1/s32ds/build_tools/powerpc-eabivle-4_9/bin/../lib/gcc/powerpc-eabivle/4.9.4/e200z4/fp/crtbegin.o
 .rela.text.printf
                0x01009d64        0x0 c:/nxp/s32ds_power_v2.1/s32ds/build_tools/powerpc-eabivle-4_9/bin/../lib/gcc/powerpc-eabivle/4.9.4/e200z4/fp/crtbegin.o
 .rela.text.__getwchar
                0x01009d64        0x0 c:/nxp/s32ds_power_v2.1/s32ds/build_tools/powerpc-eabivle-4_9/bin/../lib/gcc/powerpc-eabivle/4.9.4/e200z4/fp/crtbegin.o
 .rela.text.isalnum
                0x01009d64        0x0 c:/nxp/s32ds_power_v2.1/s32ds/build_tools/powerpc-eabivle-4_9/bin/../lib/gcc/powerpc-eabivle/4.9.4/e200z4/fp/crtbegin.o
 .rela.text.isalpha
                0x01009d64        0x0 c:/nxp/s32ds_power_v2.1/s32ds/build_tools/powerpc-eabivle-4_9/bin/../lib/gcc/powerpc-eabivle/4.9.4/e200z4/fp/crtbegin.o
 .rela.text.isblank
                0x01009d64        0x0 c:/nxp/s32ds_power_v2.1/s32ds/build_tools/powerpc-eabivle-4_9/bin/../lib/gcc/powerpc-eabivle/4.9.4/e200z4/fp/crtbegin.o
 .rela.text.iscntrl
                0x01009d64        0x0 c:/nxp/s32ds_power_v2.1/s32ds/build_tools/powerpc-eabivle-4_9/bin/../lib/gcc/powerpc-eabivle/4.9.4/e200z4/fp/crtbegin.o
 .rela.text.isdigit
                0x01009d64        0x0 c:/nxp/s32ds_power_v2.1/s32ds/build_tools/powerpc-eabivle-4_9/bin/../lib/gcc/powerpc-eabivle/4.9.4/e200z4/fp/crtbegin.o
 .rela.text.isgraph
                0x01009d64        0x0 c:/nxp/s32ds_power_v2.1/s32ds/build_tools/powerpc-eabivle-4_9/bin/../lib/gcc/powerpc-eabivle/4.9.4/e200z4/fp/crtbegin.o
 .rela.text.islower
                0x01009d64        0x0 c:/nxp/s32ds_power_v2.1/s32ds/build_tools/powerpc-eabivle-4_9/bin/../lib/gcc/powerpc-eabivle/4.9.4/e200z4/fp/crtbegin.o
 .rela.text.isprint
                0x01009d64        0x0 c:/nxp/s32ds_power_v2.1/s32ds/build_tools/powerpc-eabivle-4_9/bin/../lib/gcc/powerpc-eabivle/4.9.4/e200z4/fp/crtbegin.o
 .rela.text.ispunct
                0x01009d64        0x0 c:/nxp/s32ds_power_v2.1/s32ds/build_tools/powerpc-eabivle-4_9/bin/../lib/gcc/powerpc-eabivle/4.9.4/e200z4/fp/crtbegin.o
 .rela.text.isspace
                0x01009d64        0x0 c:/nxp/s32ds_power_v2.1/s32ds/build_tools/powerpc-eabivle-4_9/bin/../lib/gcc/powerpc-eabivle/4.9.4/e200z4/fp/crtbegin.o
 .rela.text.isupper
                0x01009d64        0x0 c:/nxp/s32ds_power_v2.1/s32ds/build_tools/powerpc-eabivle-4_9/bin/../lib/gcc/powerpc-eabivle/4.9.4/e200z4/fp/crtbegin.o
 .rela.text.isxdigit
                0x01009d64        0x0 c:/nxp/s32ds_power_v2.1/s32ds/build_tools/powerpc-eabivle-4_9/bin/../lib/gcc/powerpc-eabivle/4.9.4/e200z4/fp/crtbegin.o
 .rela.text.tolower
                0x01009d64        0x0 c:/nxp/s32ds_power_v2.1/s32ds/build_tools/powerpc-eabivle-4_9/bin/../lib/gcc/powerpc-eabivle/4.9.4/e200z4/fp/crtbegin.o
 .rela.text.toupper
                0x01009d64        0x0 c:/nxp/s32ds_power_v2.1/s32ds/build_tools/powerpc-eabivle-4_9/bin/../lib/gcc/powerpc-eabivle/4.9.4/e200z4/fp/crtbegin.o
 .rela.data.__files
                0x01009d64        0x0 c:/nxp/s32ds_power_v2.1/s32ds/build_tools/powerpc-eabivle-4_9/bin/../lib/gcc/powerpc-eabivle/4.9.4/e200z4/fp/crtbegin.o
 .rela.text.abort
                0x01009d64        0x0 c:/nxp/s32ds_power_v2.1/s32ds/build_tools/powerpc-eabivle-4_9/bin/../lib/gcc/powerpc-eabivle/4.9.4/e200z4/fp/crtbegin.o
 .rela.text.mbrtowc
                0x01009d64        0x0 c:/nxp/s32ds_power_v2.1/s32ds/build_tools/powerpc-eabivle-4_9/bin/../lib/gcc/powerpc-eabivle/4.9.4/e200z4/fp/crtbegin.o
 .rela.text.__register_global_object
                0x01009d64        0x0 c:/nxp/s32ds_power_v2.1/s32ds/build_tools/powerpc-eabivle-4_9/bin/../lib/gcc/powerpc-eabivle/4.9.4/e200z4/fp/crtbegin.o
 .rela.text.__destroy_global_chain
                0x01009d64        0x0 c:/nxp/s32ds_power_v2.1/s32ds/build_tools/powerpc-eabivle-4_9/bin/../lib/gcc/powerpc-eabivle/4.9.4/e200z4/fp/crtbegin.o
 .rela.text.__register_atexit
                0x01009d64        0x0 c:/nxp/s32ds_power_v2.1/s32ds/build_tools/powerpc-eabivle-4_9/bin/../lib/gcc/powerpc-eabivle/4.9.4/e200z4/fp/crtbegin.o
 .rela.text.raise
                0x01009d64        0x0 c:/nxp/s32ds_power_v2.1/s32ds/build_tools/powerpc-eabivle-4_9/bin/../lib/gcc/powerpc-eabivle/4.9.4/e200z4/fp/crtbegin.o
 .rela.text.signal
                0x01009d64        0x0 c:/nxp/s32ds_power_v2.1/s32ds/build_tools/powerpc-eabivle-4_9/bin/../lib/gcc/powerpc-eabivle/4.9.4/e200z4/fp/crtbegin.o
 .rela.text.__dec2num
                0x01009d64        0x0 c:/nxp/s32ds_power_v2.1/s32ds/build_tools/powerpc-eabivle-4_9/bin/../lib/gcc/powerpc-eabivle/4.9.4/e200z4/fp/crtbegin.o
 .rela.text.__ieee754_pow
                0x01009d64        0x0 c:/nxp/s32ds_power_v2.1/s32ds/build_tools/powerpc-eabivle-4_9/bin/../lib/gcc/powerpc-eabivle/4.9.4/e200z4/fp/crtbegin.o
 .rela.text.__ieee754_sqrt
                0x01009d64        0x0 c:/nxp/s32ds_power_v2.1/s32ds/build_tools/powerpc-eabivle-4_9/bin/../lib/gcc/powerpc-eabivle/4.9.4/e200z4/fp/crtbegin.o
 .rela.got2     0x01009d64        0x0 c:/nxp/s32ds_power_v2.1/s32ds/build_tools/powerpc-eabivle-4_9/bin/../lib/gcc/powerpc-eabivle/4.9.4/e200z4/fp/crtbegin.o
 .rela.text.__init_cpp
                0x01009d64        0x0 c:/nxp/s32ds_power_v2.1/s32ds/build_tools/powerpc-eabivle-4_9/bin/../lib/gcc/powerpc-eabivle/4.9.4/e200z4/fp/crtbegin.o
 .rela.text.__fini_cpp
                0x01009d64        0x0 c:/nxp/s32ds_power_v2.1/s32ds/build_tools/powerpc-eabivle-4_9/bin/../lib/gcc/powerpc-eabivle/4.9.4/e200z4/fp/crtbegin.o

.interrupts_ram
                0x40000000      0xc00
                0x40000000                __VECTOR_RAM = .
 *(.m_interrupts_ram)
                0x40000c00                . = (. + __RAM_VECTOR_TABLE_SIZE)
 *fill*         0x40000000      0xc00 
                0x01009d64                __CUSTOM_ROM = __TEXT_END

.customSectionBlock
                0x40000c00        0x0 load address 0x01009d64
                0x40000c00                . = ALIGN (0x4)
                0x40000c00                __CUSTOM_RAM = .
                0x40000c00                __customSectionStart = .
                0x40000c00                __customSection_start__ = .
 *(.customSection)
                0x40000c00                . = ALIGN (0x4)
                0x40000c00                __customSection_end__ = .
                0x40000c00                __customSectionEnd = .
                0x01009d64                __CUSTOM_END = (__CUSTOM_ROM + (__customSection_end__ - __customSection_start__))
                0x01009d64                __DATA_ROM = __CUSTOM_END

.data           0x40000c00      0xf38 load address 0x01009d64
                0x40000c00                . = ALIGN (0x4)
                0x40000c00                __DATA_RAM = .
                0x40000c00                __data_start__ = .
 *(.data)
 .data          0x40000c00        0x4 c:/nxp/s32ds_power_v2.1/s32ds/build_tools/powerpc-eabivle-4_9/bin/../lib/gcc/powerpc-eabivle/4.9.4/e200z4/fp\libgcc.a(eabivle.o)
 *(.data.*)
 .data.peripheralClockMcMeConfig0
                0x40000c04      0x360 ./Generated_Code/clockMan1.o
                0x40000c04                peripheralClockMcMeConfig0
 .data.clockMan1_InitConfig0
                0x40000f64      0x248 ./Generated_Code/clockMan1.o
                0x40000f64                clockMan1_InitConfig0
 .data.g_pin_mux_InitConfigArr
                0x400011ac      0x948 ./Generated_Code/pin_mux.o